<?xml version="1.0" encoding="ISO-8859-1" ?>
<link_info>
   <banner>TI ARM Linker Unix v20.2.5.LTS</banner>
   <copyright>Copyright (c) 1996-2018 Texas Instruments Incorporated</copyright>
   <link_time>0x62542747</link_time>
   <link_errors>0x0</link_errors>
   <output_file>TMS570LC4357_FreeRTOS_LWIP.out</output_file>
   <entry_point>
      <name>_c_int00</name>
      <address>0x632c0</address>
   </entry_point>
   <input_file_list>
      <input_file id="fl-2">
         <path>./example/hdk/src/</path>
         <kind>object</kind>
         <file>lwip_main.obj</file>
         <name>lwip_main.obj</name>
      </input_file>
      <input_file id="fl-3">
         <path>./lwip-1.4.1/apps/httpserver_raw/</path>
         <kind>object</kind>
         <file>fs.obj</file>
         <name>fs.obj</name>
      </input_file>
      <input_file id="fl-4">
         <path>./lwip-1.4.1/apps/httpserver_raw/</path>
         <kind>object</kind>
         <file>httpd.obj</file>
         <name>httpd.obj</name>
      </input_file>
      <input_file id="fl-5">
         <path>./lwip-1.4.1/ports/hdk/</path>
         <kind>object</kind>
         <file>lwiplib.obj</file>
         <name>lwiplib.obj</name>
      </input_file>
      <input_file id="fl-6">
         <path>./lwip-1.4.1/src/core/</path>
         <kind>object</kind>
         <file>def.obj</file>
         <name>def.obj</name>
      </input_file>
      <input_file id="fl-7">
         <path>./lwip-1.4.1/src/core/</path>
         <kind>object</kind>
         <file>timers.obj</file>
         <name>timers.obj</name>
      </input_file>
      <input_file id="fl-8">
         <path>./lwip-1.4.1/src/netif/</path>
         <kind>object</kind>
         <file>ethernetif.obj</file>
         <name>ethernetif.obj</name>
      </input_file>
      <input_file id="fl-9">
         <path>./source/</path>
         <kind>object</kind>
         <file>HL_emac.obj</file>
         <name>HL_emac.obj</name>
      </input_file>
      <input_file id="fl-a">
         <path>./source/</path>
         <kind>object</kind>
         <file>HL_epc.obj</file>
         <name>HL_epc.obj</name>
      </input_file>
      <input_file id="fl-b">
         <path>./source/</path>
         <kind>object</kind>
         <file>HL_errata.obj</file>
         <name>HL_errata.obj</name>
      </input_file>
      <input_file id="fl-c">
         <path>./source/</path>
         <kind>object</kind>
         <file>HL_errata_SSWF021_45.obj</file>
         <name>HL_errata_SSWF021_45.obj</name>
      </input_file>
      <input_file id="fl-d">
         <path>./source/</path>
         <kind>object</kind>
         <file>HL_esm.obj</file>
         <name>HL_esm.obj</name>
      </input_file>
      <input_file id="fl-e">
         <path>./source/</path>
         <kind>object</kind>
         <file>HL_gio.obj</file>
         <name>HL_gio.obj</name>
      </input_file>
      <input_file id="fl-f">
         <path>./source/</path>
         <kind>object</kind>
         <file>HL_mdio.obj</file>
         <name>HL_mdio.obj</name>
      </input_file>
      <input_file id="fl-10">
         <path>./source/</path>
         <kind>object</kind>
         <file>HL_nmpu.obj</file>
         <name>HL_nmpu.obj</name>
      </input_file>
      <input_file id="fl-11">
         <path>./source/</path>
         <kind>object</kind>
         <file>HL_notification.obj</file>
         <name>HL_notification.obj</name>
      </input_file>
      <input_file id="fl-12">
         <path>./source/</path>
         <kind>object</kind>
         <file>HL_phy_dp83640.obj</file>
         <name>HL_phy_dp83640.obj</name>
      </input_file>
      <input_file id="fl-13">
         <path>./source/</path>
         <kind>object</kind>
         <file>HL_phy_tlk111.obj</file>
         <name>HL_phy_tlk111.obj</name>
      </input_file>
      <input_file id="fl-14">
         <path>./source/</path>
         <kind>object</kind>
         <file>HL_pinmux.obj</file>
         <name>HL_pinmux.obj</name>
      </input_file>
      <input_file id="fl-15">
         <path>./source/</path>
         <kind>object</kind>
         <file>HL_sci.obj</file>
         <name>HL_sci.obj</name>
      </input_file>
      <input_file id="fl-16">
         <path>./source/</path>
         <kind>object</kind>
         <file>HL_sys_core.obj</file>
         <name>HL_sys_core.obj</name>
      </input_file>
      <input_file id="fl-17">
         <path>./source/</path>
         <kind>object</kind>
         <file>HL_sys_dma.obj</file>
         <name>HL_sys_dma.obj</name>
      </input_file>
      <input_file id="fl-18">
         <path>./source/</path>
         <kind>object</kind>
         <file>HL_sys_intvecs.obj</file>
         <name>HL_sys_intvecs.obj</name>
      </input_file>
      <input_file id="fl-19">
         <path>./source/</path>
         <kind>object</kind>
         <file>HL_sys_main.obj</file>
         <name>HL_sys_main.obj</name>
      </input_file>
      <input_file id="fl-1a">
         <path>./source/</path>
         <kind>object</kind>
         <file>HL_sys_mpu.obj</file>
         <name>HL_sys_mpu.obj</name>
      </input_file>
      <input_file id="fl-1b">
         <path>./source/</path>
         <kind>object</kind>
         <file>HL_sys_pcr.obj</file>
         <name>HL_sys_pcr.obj</name>
      </input_file>
      <input_file id="fl-1c">
         <path>./source/</path>
         <kind>object</kind>
         <file>HL_sys_phantom.obj</file>
         <name>HL_sys_phantom.obj</name>
      </input_file>
      <input_file id="fl-1d">
         <path>./source/</path>
         <kind>object</kind>
         <file>HL_sys_pmm.obj</file>
         <name>HL_sys_pmm.obj</name>
      </input_file>
      <input_file id="fl-1e">
         <path>./source/</path>
         <kind>object</kind>
         <file>HL_sys_pmu.obj</file>
         <name>HL_sys_pmu.obj</name>
      </input_file>
      <input_file id="fl-1f">
         <path>./source/</path>
         <kind>object</kind>
         <file>HL_sys_startup.obj</file>
         <name>HL_sys_startup.obj</name>
      </input_file>
      <input_file id="fl-20">
         <path>./source/</path>
         <kind>object</kind>
         <file>HL_sys_vim.obj</file>
         <name>HL_sys_vim.obj</name>
      </input_file>
      <input_file id="fl-21">
         <path>./source/</path>
         <kind>object</kind>
         <file>HL_system.obj</file>
         <name>HL_system.obj</name>
      </input_file>
      <input_file id="fl-22">
         <path>./source/</path>
         <kind>object</kind>
         <file>os_croutine.obj</file>
         <name>os_croutine.obj</name>
      </input_file>
      <input_file id="fl-23">
         <path>./source/</path>
         <kind>object</kind>
         <file>os_event_groups.obj</file>
         <name>os_event_groups.obj</name>
      </input_file>
      <input_file id="fl-24">
         <path>./source/</path>
         <kind>object</kind>
         <file>os_heap.obj</file>
         <name>os_heap.obj</name>
      </input_file>
      <input_file id="fl-25">
         <path>./source/</path>
         <kind>object</kind>
         <file>os_list.obj</file>
         <name>os_list.obj</name>
      </input_file>
      <input_file id="fl-26">
         <path>./source/</path>
         <kind>object</kind>
         <file>os_mpu_wrappers.obj</file>
         <name>os_mpu_wrappers.obj</name>
      </input_file>
      <input_file id="fl-27">
         <path>./source/</path>
         <kind>object</kind>
         <file>os_port.obj</file>
         <name>os_port.obj</name>
      </input_file>
      <input_file id="fl-28">
         <path>./source/</path>
         <kind>object</kind>
         <file>os_portasm.obj</file>
         <name>os_portasm.obj</name>
      </input_file>
      <input_file id="fl-29">
         <path>./source/</path>
         <kind>object</kind>
         <file>os_queue.obj</file>
         <name>os_queue.obj</name>
      </input_file>
      <input_file id="fl-2a">
         <path>./source/</path>
         <kind>object</kind>
         <file>os_tasks.obj</file>
         <name>os_tasks.obj</name>
      </input_file>
      <input_file id="fl-2b">
         <path>./source/</path>
         <kind>object</kind>
         <file>os_timer.obj</file>
         <name>os_timer.obj</name>
      </input_file>
      <input_file id="fl-30">
         <kind>object</kind>
         <file>&lt;internal&gt;</file>
         <name>&lt;internal&gt;</name>
      </input_file>
      <input_file id="fl-31">
         <path>/home/son/ti/ccs1110/ccs/tools/compiler/ti-cgt-arm_20.2.5.LTS/lib/</path>
         <kind>archive</kind>
         <file>rtsv7R4_T_be_v3D16_eabi.lib</file>
         <name>s_floor.c.obj</name>
      </input_file>
      <input_file id="fl-32">
         <path>/home/son/ti/ccs1110/ccs/tools/compiler/ti-cgt-arm_20.2.5.LTS/lib/</path>
         <kind>archive</kind>
         <file>rtsv7R4_T_be_v3D16_eabi.lib</file>
         <name>memcpy_t2.asm.obj</name>
      </input_file>
      <input_file id="fl-33">
         <path>/home/son/ti/ccs1110/ccs/tools/compiler/ti-cgt-arm_20.2.5.LTS/lib/</path>
         <kind>archive</kind>
         <file>rtsv7R4_T_be_v3D16_eabi.lib</file>
         <name>i_div32.asm.obj</name>
      </input_file>
      <input_file id="fl-34">
         <path>/home/son/ti/ccs1110/ccs/tools/compiler/ti-cgt-arm_20.2.5.LTS/lib/</path>
         <kind>archive</kind>
         <file>rtsv7R4_T_be_v3D16_eabi.lib</file>
         <name>u_div32.asm.obj</name>
      </input_file>
      <input_file id="fl-35">
         <path>/home/son/ti/ccs1110/ccs/tools/compiler/ti-cgt-arm_20.2.5.LTS/lib/</path>
         <kind>archive</kind>
         <file>rtsv7R4_T_be_v3D16_eabi.lib</file>
         <name>memset_t2.asm.obj</name>
      </input_file>
      <input_file id="fl-36">
         <path>/home/son/ti/ccs1110/ccs/tools/compiler/ti-cgt-arm_20.2.5.LTS/lib/</path>
         <kind>archive</kind>
         <file>rtsv7R4_T_be_v3D16_eabi.lib</file>
         <name>autoinit.c.obj</name>
      </input_file>
      <input_file id="fl-37">
         <path>/home/son/ti/ccs1110/ccs/tools/compiler/ti-cgt-arm_20.2.5.LTS/lib/</path>
         <kind>archive</kind>
         <file>rtsv7R4_T_be_v3D16_eabi.lib</file>
         <name>cpy_tbl.c.obj</name>
      </input_file>
      <input_file id="fl-38">
         <path>/home/son/ti/ccs1110/ccs/tools/compiler/ti-cgt-arm_20.2.5.LTS/lib/</path>
         <kind>archive</kind>
         <file>rtsv7R4_T_be_v3D16_eabi.lib</file>
         <name>copy_zero_init.c.obj</name>
      </input_file>
      <input_file id="fl-39">
         <path>/home/son/ti/ccs1110/ccs/tools/compiler/ti-cgt-arm_20.2.5.LTS/lib/</path>
         <kind>archive</kind>
         <file>rtsv7R4_T_be_v3D16_eabi.lib</file>
         <name>copy_decompress_none.c.obj</name>
      </input_file>
      <input_file id="fl-3a">
         <path>/home/son/ti/ccs1110/ccs/tools/compiler/ti-cgt-arm_20.2.5.LTS/lib/</path>
         <kind>archive</kind>
         <file>rtsv7R4_T_be_v3D16_eabi.lib</file>
         <name>copy_decompress_lzss.c.obj</name>
      </input_file>
      <input_file id="fl-3b">
         <path>/home/son/ti/ccs1110/ccs/tools/compiler/ti-cgt-arm_20.2.5.LTS/lib/</path>
         <kind>archive</kind>
         <file>rtsv7R4_T_be_v3D16_eabi.lib</file>
         <name>exit.c.obj</name>
      </input_file>
      <input_file id="fl-3c">
         <path>/home/son/ti/ccs1110/ccs/tools/compiler/ti-cgt-arm_20.2.5.LTS/lib/</path>
         <kind>archive</kind>
         <file>rtsv7R4_T_be_v3D16_eabi.lib</file>
         <name>_lock.c.obj</name>
      </input_file>
      <input_file id="fl-3d">
         <path>/home/son/ti/ccs1110/ccs/tools/compiler/ti-cgt-arm_20.2.5.LTS/lib/</path>
         <kind>archive</kind>
         <file>rtsv7R4_T_be_v3D16_eabi.lib</file>
         <name>memcmp.c.obj</name>
      </input_file>
      <input_file id="fl-3e">
         <path>/home/son/ti/ccs1110/ccs/tools/compiler/ti-cgt-arm_20.2.5.LTS/lib/</path>
         <kind>archive</kind>
         <file>rtsv7R4_T_be_v3D16_eabi.lib</file>
         <name>strchr.c.obj</name>
      </input_file>
      <input_file id="fl-3f">
         <path>/home/son/ti/ccs1110/ccs/tools/compiler/ti-cgt-arm_20.2.5.LTS/lib/</path>
         <kind>archive</kind>
         <file>rtsv7R4_T_be_v3D16_eabi.lib</file>
         <name>strcmp.c.obj</name>
      </input_file>
      <input_file id="fl-40">
         <path>/home/son/ti/ccs1110/ccs/tools/compiler/ti-cgt-arm_20.2.5.LTS/lib/</path>
         <kind>archive</kind>
         <file>rtsv7R4_T_be_v3D16_eabi.lib</file>
         <name>strlen.c.obj</name>
      </input_file>
      <input_file id="fl-41">
         <path>/home/son/ti/ccs1110/ccs/tools/compiler/ti-cgt-arm_20.2.5.LTS/lib/</path>
         <kind>archive</kind>
         <file>rtsv7R4_T_be_v3D16_eabi.lib</file>
         <name>strncmp.c.obj</name>
      </input_file>
      <input_file id="fl-42">
         <path>/home/son/ti/ccs1110/ccs/tools/compiler/ti-cgt-arm_20.2.5.LTS/lib/</path>
         <kind>archive</kind>
         <file>rtsv7R4_T_be_v3D16_eabi.lib</file>
         <name>div0.asm.obj</name>
      </input_file>
   </input_file_list>
   <object_component_list>
      <object_component id="oc-39">
         <name>.intvecs</name>
         <load_address>0x0</load_address>
         <run_address>0x0</run_address>
         <size>0x20</size>
         <input_file_ref idref="fl-18"/>
      </object_component>
      <object_component id="oc-154">
         <name>.kernelTEXT</name>
         <load_address>0x20</load_address>
         <run_address>0x20</run_address>
         <size>0x2bb8</size>
         <input_file_ref idref="fl-2a"/>
      </object_component>
      <object_component id="oc-2e0">
         <name>.kernelTEXT</name>
         <load_address>0x2bd8</load_address>
         <run_address>0x2bd8</run_address>
         <size>0x11d4</size>
         <input_file_ref idref="fl-29"/>
      </object_component>
      <object_component id="oc-2e6">
         <name>.kernelTEXT</name>
         <load_address>0x3dac</load_address>
         <run_address>0x3dac</run_address>
         <size>0x818</size>
         <input_file_ref idref="fl-23"/>
      </object_component>
      <object_component id="oc-bd">
         <name>.kernelTEXT</name>
         <load_address>0x45c4</load_address>
         <run_address>0x45c4</run_address>
         <size>0x4b0</size>
         <input_file_ref idref="fl-28"/>
      </object_component>
      <object_component id="oc-313">
         <name>.kernelTEXT</name>
         <load_address>0x4a74</load_address>
         <run_address>0x4a74</run_address>
         <size>0x3dc</size>
         <input_file_ref idref="fl-27"/>
      </object_component>
      <object_component id="oc-307">
         <name>.kernelTEXT</name>
         <load_address>0x4e50</load_address>
         <run_address>0x4e50</run_address>
         <size>0x37c</size>
         <input_file_ref idref="fl-24"/>
      </object_component>
      <object_component id="oc-592">
         <name>.cinit..data.load</name>
         <load_address>0x51e0</load_address>
         <run_address>0x51e0</run_address>
         <size>0x13b</size>
      </object_component>
      <object_component id="oc-58d">
         <name>__TI_handler_table</name>
         <load_address>0x531c</load_address>
         <run_address>0x531c</run_address>
         <size>0xc</size>
      </object_component>
      <object_component id="oc-58f">
         <name>.cinit..kernelBSS.load</name>
         <load_address>0x5328</load_address>
         <run_address>0x5328</run_address>
         <size>0x9</size>
      </object_component>
      <object_component id="oc-591">
         <name>.cinit..bss.load</name>
         <load_address>0x5338</load_address>
         <run_address>0x5338</run_address>
         <size>0x8</size>
      </object_component>
      <object_component id="oc-590">
         <name>.cinit..kernelHEAP.load</name>
         <load_address>0x5340</load_address>
         <run_address>0x5340</run_address>
         <size>0x8</size>
      </object_component>
      <object_component id="oc-58e">
         <name>__TI_cinit_table</name>
         <load_address>0x5348</load_address>
         <run_address>0x5348</run_address>
         <size>0x20</size>
      </object_component>
      <object_component id="oc-a9">
         <name>.text</name>
         <load_address>0x49a60</load_address>
         <run_address>0x49a60</run_address>
         <size>0x104b4</size>
         <input_file_ref idref="fl-5"/>
      </object_component>
      <object_component id="oc-b3">
         <name>.text</name>
         <load_address>0x59f14</load_address>
         <run_address>0x59f14</run_address>
         <size>0x1818</size>
         <input_file_ref idref="fl-9"/>
      </object_component>
      <object_component id="oc-324">
         <name>.text</name>
         <load_address>0x5b72c</load_address>
         <run_address>0x5b72c</run_address>
         <size>0xf10</size>
         <input_file_ref idref="fl-4"/>
      </object_component>
      <object_component id="oc-fa">
         <name>.text</name>
         <load_address>0x5c63c</load_address>
         <run_address>0x5c63c</run_address>
         <size>0x9e0</size>
         <input_file_ref idref="fl-14"/>
      </object_component>
      <object_component id="oc-78">
         <name>.text</name>
         <load_address>0x5d01c</load_address>
         <run_address>0x5d01c</run_address>
         <size>0x9ac</size>
         <input_file_ref idref="fl-21"/>
      </object_component>
      <object_component id="oc-14e">
         <name>.text</name>
         <load_address>0x5d9c8</load_address>
         <run_address>0x5d9c8</run_address>
         <size>0x9a0</size>
         <input_file_ref idref="fl-26"/>
      </object_component>
      <object_component id="oc-45">
         <name>.text</name>
         <load_address>0x5e368</load_address>
         <run_address>0x5e368</run_address>
         <size>0x93c</size>
         <input_file_ref idref="fl-20"/>
      </object_component>
      <object_component id="oc-31e">
         <name>.text</name>
         <load_address>0x5eca4</load_address>
         <run_address>0x5eca4</run_address>
         <size>0x870</size>
         <input_file_ref idref="fl-15"/>
      </object_component>
      <object_component id="oc-90">
         <name>.text</name>
         <load_address>0x5f514</load_address>
         <run_address>0x5f514</run_address>
         <size>0x78c</size>
         <input_file_ref idref="fl-d"/>
      </object_component>
      <object_component id="oc-1d5">
         <name>.text</name>
         <load_address>0x5fca0</load_address>
         <run_address>0x5fca0</run_address>
         <size>0x6f0</size>
         <input_file_ref idref="fl-12"/>
      </object_component>
      <object_component id="oc-7e">
         <name>.text</name>
         <load_address>0x60390</load_address>
         <run_address>0x60390</run_address>
         <size>0x664</size>
         <input_file_ref idref="fl-c"/>
      </object_component>
      <object_component id="oc-15a">
         <name>.text</name>
         <load_address>0x609f4</load_address>
         <run_address>0x609f4</run_address>
         <size>0x5ec</size>
         <input_file_ref idref="fl-2"/>
      </object_component>
      <object_component id="oc-18d">
         <name>.text</name>
         <load_address>0x60fe0</load_address>
         <run_address>0x60fe0</run_address>
         <size>0x528</size>
         <input_file_ref idref="fl-7"/>
      </object_component>
      <object_component id="oc-148">
         <name>.text</name>
         <load_address>0x61508</load_address>
         <run_address>0x61508</run_address>
         <size>0x484</size>
         <input_file_ref idref="fl-e"/>
      </object_component>
      <object_component id="oc-73">
         <name>.text</name>
         <load_address>0x6198c</load_address>
         <run_address>0x6198c</run_address>
         <size>0x3c4</size>
         <input_file_ref idref="fl-16"/>
      </object_component>
      <object_component id="oc-96">
         <name>.text</name>
         <load_address>0x61d50</load_address>
         <run_address>0x61d50</run_address>
         <size>0x36c</size>
         <input_file_ref idref="fl-1a"/>
      </object_component>
      <object_component id="oc-44">
         <name>.text:retain</name>
         <load_address>0x620bc</load_address>
         <run_address>0x620bc</run_address>
         <size>0x33c</size>
         <input_file_ref idref="fl-20"/>
      </object_component>
      <object_component id="oc-42f">
         <name>.text</name>
         <load_address>0x623f8</load_address>
         <run_address>0x623f8</run_address>
         <size>0x278</size>
         <input_file_ref idref="fl-24"/>
      </object_component>
      <object_component id="oc-9c">
         <name>.text</name>
         <load_address>0x62670</load_address>
         <run_address>0x62670</run_address>
         <size>0x268</size>
         <input_file_ref idref="fl-19"/>
      </object_component>
      <object_component id="oc-30d">
         <name>.text</name>
         <load_address>0x628d8</load_address>
         <run_address>0x628d8</run_address>
         <size>0x238</size>
         <input_file_ref idref="fl-25"/>
      </object_component>
      <object_component id="oc-1de">
         <name>.text</name>
         <load_address>0x62b10</load_address>
         <run_address>0x62b10</run_address>
         <size>0x1c4</size>
         <input_file_ref idref="fl-f"/>
      </object_component>
      <object_component id="oc-33">
         <name>.text:retain</name>
         <load_address>0x62cd4</load_address>
         <run_address>0x62cd4</run_address>
         <size>0x178</size>
         <input_file_ref idref="fl-d"/>
      </object_component>
      <object_component id="oc-2da">
         <name>.text</name>
         <load_address>0x62e4c</load_address>
         <run_address>0x62e4c</run_address>
         <size>0x158</size>
         <input_file_ref idref="fl-2a"/>
      </object_component>
      <object_component id="oc-43f">
         <name>.text</name>
         <load_address>0x62fa4</load_address>
         <run_address>0x62fa4</run_address>
         <size>0x138</size>
         <input_file_ref idref="fl-27"/>
      </object_component>
      <object_component id="oc-461">
         <name>.text</name>
         <load_address>0x630dc</load_address>
         <run_address>0x630dc</run_address>
         <size>0x104</size>
         <input_file_ref idref="fl-3"/>
      </object_component>
      <object_component id="oc-450">
         <name>.text:floor</name>
         <load_address>0x631e0</load_address>
         <run_address>0x631e0</run_address>
         <size>0xe0</size>
         <input_file_ref idref="fl-31"/>
      </object_component>
      <object_component id="oc-1e">
         <name>.text:retain</name>
         <load_address>0x632c0</load_address>
         <run_address>0x632c0</run_address>
         <size>0xd8</size>
         <input_file_ref idref="fl-1f"/>
      </object_component>
      <object_component id="oc-2a">
         <name>.text:retain</name>
         <load_address>0x63398</load_address>
         <run_address>0x63398</run_address>
         <size>0xcc</size>
         <input_file_ref idref="fl-9"/>
      </object_component>
      <object_component id="oc-8a">
         <name>.text</name>
         <load_address>0x63464</load_address>
         <run_address>0x63464</run_address>
         <size>0xa8</size>
         <input_file_ref idref="fl-11"/>
      </object_component>
      <object_component id="oc-24">
         <name>.text:retain</name>
         <load_address>0x6350c</load_address>
         <run_address>0x6350c</run_address>
         <size>0xa0</size>
         <input_file_ref idref="fl-2"/>
      </object_component>
      <object_component id="oc-5b">
         <name>.text</name>
         <load_address>0x635ac</load_address>
         <run_address>0x635ac</run_address>
         <size>0x9c</size>
         <input_file_ref idref="fl-32"/>
      </object_component>
      <object_component id="oc-f3">
         <name>.text</name>
         <load_address>0x63648</load_address>
         <run_address>0x63648</run_address>
         <size>0x7a</size>
         <input_file_ref idref="fl-35"/>
      </object_component>
      <object_component id="oc-11">
         <name>.text:decompress:lzss:__TI_decompress_lzss</name>
         <load_address>0x636c2</load_address>
         <run_address>0x636c2</run_address>
         <size>0x6c</size>
         <input_file_ref idref="fl-3a"/>
      </object_component>
      <object_component id="oc-377">
         <name>.text</name>
         <load_address>0x6372e</load_address>
         <run_address>0x6372e</run_address>
         <size>0x2</size>
         <input_file_ref idref="fl-42"/>
      </object_component>
      <object_component id="oc-17e">
         <name>.text</name>
         <load_address>0x63730</load_address>
         <run_address>0x63730</run_address>
         <size>0x54</size>
         <input_file_ref idref="fl-33"/>
      </object_component>
      <object_component id="oc-183">
         <name>.text</name>
         <load_address>0x63784</load_address>
         <run_address>0x63784</run_address>
         <size>0x50</size>
         <input_file_ref idref="fl-34"/>
      </object_component>
      <object_component id="oc-118">
         <name>.text:__TI_auto_init_nobinit_nopinit:__TI_auto_init_nobinit_nopinit</name>
         <load_address>0x637d4</load_address>
         <run_address>0x637d4</run_address>
         <size>0x44</size>
         <input_file_ref idref="fl-36"/>
      </object_component>
      <object_component id="oc-45b">
         <name>.text:strncmp</name>
         <load_address>0x63818</load_address>
         <run_address>0x63818</run_address>
         <size>0x2a</size>
         <input_file_ref idref="fl-41"/>
      </object_component>
      <object_component id="oc-1cf">
         <name>.text:memcmp</name>
         <load_address>0x63842</load_address>
         <run_address>0x63842</run_address>
         <size>0x26</size>
         <input_file_ref idref="fl-3d"/>
      </object_component>
      <object_component id="oc-4ec">
         <name>.text:strcmp</name>
         <load_address>0x63868</load_address>
         <run_address>0x63868</run_address>
         <size>0x18</size>
         <input_file_ref idref="fl-3f"/>
      </object_component>
      <object_component id="oc-467">
         <name>.text:strchr</name>
         <load_address>0x63880</load_address>
         <run_address>0x63880</run_address>
         <size>0x16</size>
         <input_file_ref idref="fl-3e"/>
      </object_component>
      <object_component id="oc-1ab">
         <name>.text:strlen</name>
         <load_address>0x63896</load_address>
         <run_address>0x63896</run_address>
         <size>0x16</size>
         <input_file_ref idref="fl-40"/>
      </object_component>
      <object_component id="oc-17">
         <name>.text:decompress:none:__TI_decompress_none</name>
         <load_address>0x638ac</load_address>
         <run_address>0x638ac</run_address>
         <size>0xe</size>
         <input_file_ref idref="fl-39"/>
      </object_component>
      <object_component id="oc-6d">
         <name>.text:decompress:ZI:__TI_zero_init</name>
         <load_address>0x638ba</load_address>
         <run_address>0x638ba</run_address>
         <size>0xc</size>
         <input_file_ref idref="fl-38"/>
      </object_component>
      <object_component id="oc-84">
         <name>.text</name>
         <load_address>0x638c8</load_address>
         <run_address>0x638c8</run_address>
         <size>0x4</size>
         <input_file_ref idref="fl-1f"/>
      </object_component>
      <object_component id="oc-172">
         <name>.text:abort:abort</name>
         <load_address>0x638cc</load_address>
         <run_address>0x638cc</run_address>
         <size>0x4</size>
         <input_file_ref idref="fl-3b"/>
      </object_component>
      <object_component id="oc-3e">
         <name>.text:retain</name>
         <load_address>0x638d0</load_address>
         <run_address>0x638d0</run_address>
         <size>0x4</size>
         <input_file_ref idref="fl-1c"/>
      </object_component>
      <object_component id="oc-543">
         <name>.const:.string:data_img_Hercules_block_diagram_gif</name>
         <load_address>0x8020</load_address>
         <run_address>0x8020</run_address>
         <size>0x363f5</size>
         <input_file_ref idref="fl-3"/>
      </object_component>
      <object_component id="oc-52f">
         <name>.const:.string:data_index_html</name>
         <load_address>0x3e415</load_address>
         <run_address>0x3e415</run_address>
         <size>0x7127</size>
         <input_file_ref idref="fl-3"/>
      </object_component>
      <object_component id="oc-523">
         <name>.const:.string:data_main_css</name>
         <load_address>0x4553c</load_address>
         <run_address>0x4553c</run_address>
         <size>0x293b</size>
         <input_file_ref idref="fl-3"/>
      </object_component>
      <object_component id="oc-539">
         <name>.const:.string:data_img_ti_logo_gif</name>
         <load_address>0x47e77</load_address>
         <run_address>0x47e77</run_address>
         <size>0xd4b</size>
         <input_file_ref idref="fl-3"/>
      </object_component>
      <object_component id="oc-54d">
         <name>.const:.string:data_IE60Fixes_css</name>
         <load_address>0x48bc2</load_address>
         <run_address>0x48bc2</run_address>
         <size>0x777</size>
         <input_file_ref idref="fl-3"/>
      </object_component>
      <object_component id="oc-55e">
         <name>.const:.string:data_404_html</name>
         <load_address>0x49339</load_address>
         <run_address>0x49339</run_address>
         <size>0x289</size>
         <input_file_ref idref="fl-3"/>
      </object_component>
      <object_component id="oc-30">
         <name>.const:s_vim_init</name>
         <load_address>0x495c4</load_address>
         <run_address>0x495c4</run_address>
         <size>0x200</size>
         <input_file_ref idref="fl-20"/>
      </object_component>
      <object_component id="oc-557">
         <name>.const:.string:data_BreadCrumbs_css</name>
         <load_address>0x497c4</load_address>
         <run_address>0x497c4</run_address>
         <size>0xa0</size>
         <input_file_ref idref="fl-3"/>
      </object_component>
      <object_component id="oc-3c1">
         <name>.const:.string</name>
         <load_address>0x49864</load_address>
         <run_address>0x49864</run_address>
         <size>0x78</size>
         <input_file_ref idref="fl-5"/>
      </object_component>
      <object_component id="oc-4fa">
         <name>.const:.string</name>
         <load_address>0x498dc</load_address>
         <run_address>0x498dc</run_address>
         <size>0x40</size>
         <input_file_ref idref="fl-4"/>
      </object_component>
      <object_component id="oc-1c1">
         <name>.const:tcp_state_str</name>
         <load_address>0x4991c</load_address>
         <run_address>0x4991c</run_address>
         <size>0x2c</size>
         <input_file_ref idref="fl-5"/>
      </object_component>
      <object_component id="oc-470">
         <name>.const:g_psDefaultFilenames</name>
         <load_address>0x49948</load_address>
         <run_address>0x49948</run_address>
         <size>0x28</size>
         <input_file_ref idref="fl-4"/>
      </object_component>
      <object_component id="oc-554">
         <name>.const:file_404_html</name>
         <load_address>0x49970</load_address>
         <run_address>0x49970</run_address>
         <size>0x14</size>
         <input_file_ref idref="fl-3"/>
      </object_component>
      <object_component id="oc-54a">
         <name>.const:file_BreadCrumbs_css</name>
         <load_address>0x49984</load_address>
         <run_address>0x49984</run_address>
         <size>0x14</size>
         <input_file_ref idref="fl-3"/>
      </object_component>
      <object_component id="oc-540">
         <name>.const:file_IE60Fixes_css</name>
         <load_address>0x49998</load_address>
         <run_address>0x49998</run_address>
         <size>0x14</size>
         <input_file_ref idref="fl-3"/>
      </object_component>
      <object_component id="oc-536">
         <name>.const:file_img_Hercules_block_diagram_gif</name>
         <load_address>0x499ac</load_address>
         <run_address>0x499ac</run_address>
         <size>0x14</size>
         <input_file_ref idref="fl-3"/>
      </object_component>
      <object_component id="oc-52c">
         <name>.const:file_img_ti_logo_gif</name>
         <load_address>0x499c0</load_address>
         <run_address>0x499c0</run_address>
         <size>0x14</size>
         <input_file_ref idref="fl-3"/>
      </object_component>
      <object_component id="oc-520">
         <name>.const:file_index_html</name>
         <load_address>0x499d4</load_address>
         <run_address>0x499d4</run_address>
         <size>0x14</size>
         <input_file_ref idref="fl-3"/>
      </object_component>
      <object_component id="oc-4f2">
         <name>.const:file_main_css</name>
         <load_address>0x499e8</load_address>
         <run_address>0x499e8</run_address>
         <size>0x14</size>
         <input_file_ref idref="fl-3"/>
      </object_component>
      <object_component id="oc-19b">
         <name>.const:memp_num</name>
         <load_address>0x499fc</load_address>
         <run_address>0x499fc</run_address>
         <size>0x10</size>
         <input_file_ref idref="fl-5"/>
      </object_component>
      <object_component id="oc-1a4">
         <name>.const:memp_sizes</name>
         <load_address>0x49a0c</load_address>
         <run_address>0x49a0c</run_address>
         <size>0x10</size>
         <input_file_ref idref="fl-5"/>
      </object_component>
      <object_component id="oc-1b7">
         <name>.const:tcp_pcb_lists</name>
         <load_address>0x49a1c</load_address>
         <run_address>0x49a1c</run_address>
         <size>0x10</size>
         <input_file_ref idref="fl-5"/>
      </object_component>
      <object_component id="oc-1be">
         <name>.const:.string:tcp_backoff</name>
         <load_address>0x49a2c</load_address>
         <run_address>0x49a2c</run_address>
         <size>0xd</size>
         <input_file_ref idref="fl-5"/>
      </object_component>
      <object_component id="oc-168">
         <name>.const:.string:$P$T0$1</name>
         <load_address>0x49a39</load_address>
         <run_address>0x49a39</run_address>
         <size>0xc</size>
         <input_file_ref idref="fl-19"/>
      </object_component>
      <object_component id="oc-1bb">
         <name>.const:.string:tcp_persist_backoff</name>
         <load_address>0x49a45</load_address>
         <run_address>0x49a45</run_address>
         <size>0x7</size>
         <input_file_ref idref="fl-5"/>
      </object_component>
      <object_component id="oc-1db">
         <name>.const:ethbroadcast</name>
         <load_address>0x49a4c</load_address>
         <run_address>0x49a4c</run_address>
         <size>0x6</size>
         <input_file_ref idref="fl-5"/>
      </object_component>
      <object_component id="oc-1e4">
         <name>.const:ethzero</name>
         <load_address>0x49a52</load_address>
         <run_address>0x49a52</run_address>
         <size>0x6</size>
         <input_file_ref idref="fl-5"/>
      </object_component>
      <object_component id="oc-16b">
         <name>.const:ip_addr_any</name>
         <load_address>0x49a58</load_address>
         <run_address>0x49a58</run_address>
         <size>0x4</size>
         <input_file_ref idref="fl-5"/>
      </object_component>
      <object_component id="oc-16e">
         <name>.const:ip_addr_broadcast</name>
         <load_address>0x49a5c</load_address>
         <run_address>0x49a5c</run_address>
         <size>0x4</size>
         <input_file_ref idref="fl-5"/>
      </object_component>
      <object_component id="oc-28b">
         <name>.kernelBSS:init</name>
         <load_address>0x8008120</load_address>
         <run_address>0x8008120</run_address>
         <size>0x34</size>
         <input_file_ref idref="fl-2a"/>
      </object_component>
      <object_component id="oc-319">
         <name>.kernelBSS:uninit</name>
         <load_address>0x8008000</load_address>
         <run_address>0x8008000</run_address>
         <size>0x120</size>
         <input_file_ref idref="fl-2a"/>
      </object_component>
      <object_component id="oc-4c1">
         <name>.kernelHEAP</name>
         <uninitialized>true</uninitialized>
         <run_address>0x801b8e4</run_address>
         <size>0x4000</size>
         <input_file_ref idref="fl-24"/>
      </object_component>
      <object_component id="oc-32a">
         <name>.bss</name>
         <uninitialized>true</uninitialized>
         <run_address>0x801b898</run_address>
         <size>0x4</size>
         <input_file_ref idref="fl-2"/>
      </object_component>
      <object_component id="oc-46d">
         <name>.bss:httpd_req_buf</name>
         <uninitialized>true</uninitialized>
         <run_address>0x801b0cc</run_address>
         <size>0x400</size>
         <input_file_ref idref="fl-4"/>
      </object_component>
      <object_component id="oc-196">
         <name>.bss</name>
         <uninitialized>true</uninitialized>
         <run_address>0x801b7a4</run_address>
         <size>0x37</size>
         <input_file_ref idref="fl-5"/>
      </object_component>
      <object_component id="oc-1a1">
         <name>.bss:memp_tab</name>
         <uninitialized>true</uninitialized>
         <run_address>0x801b838</run_address>
         <size>0x20</size>
         <input_file_ref idref="fl-5"/>
      </object_component>
      <object_component id="oc-19e">
         <name>.bss:memp_memory</name>
         <uninitialized>true</uninitialized>
         <run_address>0x8010014</run_address>
         <size>0x7594</size>
         <input_file_ref idref="fl-5"/>
      </object_component>
      <object_component id="oc-1c4">
         <name>.bss:inseg</name>
         <uninitialized>true</uninitialized>
         <run_address>0x801b858</run_address>
         <size>0x10</size>
         <input_file_ref idref="fl-5"/>
      </object_component>
      <object_component id="oc-1cc">
         <name>.bss:arp_table</name>
         <uninitialized>true</uninitialized>
         <run_address>0x801b5b8</run_address>
         <size>0xc8</size>
         <input_file_ref idref="fl-5"/>
      </object_component>
      <object_component id="oc-1e7">
         <name>.bss:hdkif_data</name>
         <uninitialized>true</uninitialized>
         <run_address>0x801b724</run_address>
         <size>0x44</size>
         <input_file_ref idref="fl-5"/>
      </object_component>
      <object_component id="oc-202">
         <name>.bss:locatorData</name>
         <uninitialized>true</uninitialized>
         <run_address>0x801b680</run_address>
         <size>0x54</size>
         <input_file_ref idref="fl-5"/>
      </object_component>
      <object_component id="oc-205">
         <name>.bss:hdkNetIF</name>
         <uninitialized>true</uninitialized>
         <run_address>0x801b7dc</run_address>
         <size>0x34</size>
         <input_file_ref idref="fl-5"/>
      </object_component>
      <object_component id="oc-1cb">
         <name>.bss:str$3</name>
         <uninitialized>true</uninitialized>
         <run_address>0x801b868</run_address>
         <size>0x10</size>
         <input_file_ref idref="fl-5"/>
      </object_component>
      <object_component id="oc-3a8">
         <name>.bss</name>
         <uninitialized>true</uninitialized>
         <run_address>0x801b878</run_address>
         <size>0xc</size>
         <input_file_ref idref="fl-7"/>
      </object_component>
      <object_component id="oc-258">
         <name>.bss:pbuf_array</name>
         <uninitialized>true</uninitialized>
         <run_address>0x80175a8</run_address>
         <size>0x3b24</size>
         <input_file_ref idref="fl-9"/>
      </object_component>
      <object_component id="oc-456">
         <name>.bss:g_sciTransfer_t</name>
         <uninitialized>true</uninitialized>
         <run_address>0x801b6d4</run_address>
         <size>0x50</size>
         <input_file_ref idref="fl-15"/>
      </object_component>
      <object_component id="oc-438">
         <name>.bss:xStart</name>
         <uninitialized>true</uninitialized>
         <run_address>0x801b890</run_address>
         <size>0x8</size>
         <input_file_ref idref="fl-24"/>
      </object_component>
      <object_component id="oc-33d">
         <name>.common:txtIPAddrItoA</name>
         <uninitialized>true</uninitialized>
         <run_address>0x801b8d0</run_address>
         <size>0x4</size>
      </object_component>
      <object_component id="oc-18b">
         <name>.common:dhcp_rx_options_val</name>
         <uninitialized>true</uninitialized>
         <run_address>0x801b810</run_address>
         <size>0x28</size>
      </object_component>
      <object_component id="oc-188">
         <name>.common:dhcp_rx_options_given</name>
         <uninitialized>true</uninitialized>
         <run_address>0x801b884</run_address>
         <size>0xc</size>
      </object_component>
      <object_component id="oc-199">
         <name>.common:ram_heap</name>
         <uninitialized>true</uninitialized>
         <run_address>0x8008800</run_address>
         <size>0x7814</size>
      </object_component>
      <object_component id="oc-18c">
         <name>.common:netif_list</name>
         <uninitialized>true</uninitialized>
         <run_address>0x801b8b0</run_address>
         <size>0x4</size>
      </object_component>
      <object_component id="oc-1a7">
         <name>.common:netif_default</name>
         <uninitialized>true</uninitialized>
         <run_address>0x801b8ac</run_address>
         <size>0x4</size>
      </object_component>
      <object_component id="oc-1aa">
         <name>.common:pbuf_free_ooseq_pending</name>
         <uninitialized>true</uninitialized>
         <run_address>0x801b5b6</run_address>
         <size>0x1</size>
      </object_component>
      <object_component id="oc-19a">
         <name>.common:lwip_stats</name>
         <uninitialized>true</uninitialized>
         <run_address>0x801b4cc</run_address>
         <size>0xea</size>
      </object_component>
      <object_component id="oc-1ba">
         <name>.common:tcp_ticks</name>
         <uninitialized>true</uninitialized>
         <run_address>0x801b8c4</run_address>
         <size>0x4</size>
      </object_component>
      <object_component id="oc-1b6">
         <name>.common:tcp_bound_pcbs</name>
         <uninitialized>true</uninitialized>
         <run_address>0x801b8b8</run_address>
         <size>0x4</size>
      </object_component>
      <object_component id="oc-1a9">
         <name>.common:tcp_listen_pcbs</name>
         <uninitialized>true</uninitialized>
         <run_address>0x801b8c0</run_address>
         <size>0x4</size>
      </object_component>
      <object_component id="oc-1a8">
         <name>.common:tcp_active_pcbs</name>
         <uninitialized>true</uninitialized>
         <run_address>0x801b8b4</run_address>
         <size>0x4</size>
      </object_component>
      <object_component id="oc-1b5">
         <name>.common:tcp_tw_pcbs</name>
         <uninitialized>true</uninitialized>
         <run_address>0x801b8cc</run_address>
         <size>0x4</size>
      </object_component>
      <object_component id="oc-1b3">
         <name>.common:tcp_tmp_pcb</name>
         <uninitialized>true</uninitialized>
         <run_address>0x801b8c8</run_address>
         <size>0x4</size>
      </object_component>
      <object_component id="oc-1b4">
         <name>.common:tcp_active_pcbs_changed</name>
         <uninitialized>true</uninitialized>
         <run_address>0x801b5b7</run_address>
         <size>0x1</size>
      </object_component>
      <object_component id="oc-1c7">
         <name>.common:tcp_input_pcb</name>
         <uninitialized>true</uninitialized>
         <run_address>0x801b8bc</run_address>
         <size>0x4</size>
      </object_component>
      <object_component id="oc-1c8">
         <name>.common:udp_pcbs</name>
         <uninitialized>true</uninitialized>
         <run_address>0x801b8d4</run_address>
         <size>0x4</size>
      </object_component>
      <object_component id="oc-1c9">
         <name>.common:current_netif</name>
         <uninitialized>true</uninitialized>
         <run_address>0x801b8a8</run_address>
         <size>0x4</size>
      </object_component>
      <object_component id="oc-1ca">
         <name>.common:current_header</name>
         <uninitialized>true</uninitialized>
         <run_address>0x801b89c</run_address>
         <size>0x4</size>
      </object_component>
      <object_component id="oc-1b2">
         <name>.common:current_iphdr_src</name>
         <uninitialized>true</uninitialized>
         <run_address>0x801b8a4</run_address>
         <size>0x4</size>
      </object_component>
      <object_component id="oc-1b1">
         <name>.common:current_iphdr_dest</name>
         <uninitialized>true</uninitialized>
         <run_address>0x801b8a0</run_address>
         <size>0x4</size>
      </object_component>
      <object_component id="oc-b9">
         <name>.common:hdkif_data</name>
         <uninitialized>true</uninitialized>
         <run_address>0x801b768</run_address>
         <size>0x3c</size>
      </object_component>
      <object_component id="oc-160">
         <name>.common:xTask1Handle</name>
         <uninitialized>true</uninitialized>
         <run_address>0x801b8d8</run_address>
         <size>0x4</size>
      </object_component>
      <object_component id="oc-163">
         <name>.common:xTask2Handle</name>
         <uninitialized>true</uninitialized>
         <run_address>0x801b8dc</run_address>
         <size>0x4</size>
      </object_component>
      <object_component id="oc-164">
         <name>.common:xTask3Handle</name>
         <uninitialized>true</uninitialized>
         <run_address>0x801b8e0</run_address>
         <size>0x4</size>
      </object_component>
      <object_component id="oc-32b">
         <name>.data:txtCRLF</name>
         <load_address>0x801fa6e</load_address>
         <run_address>0x801fa6e</run_address>
         <size>0x2</size>
         <input_file_ref idref="fl-2"/>
      </object_component>
      <object_component id="oc-32e">
         <name>.data:txtTitle</name>
         <load_address>0x801f9ce</load_address>
         <run_address>0x801f9ce</run_address>
         <size>0x1a</size>
         <input_file_ref idref="fl-2"/>
      </object_component>
      <object_component id="oc-331">
         <name>.data:txtTI</name>
         <load_address>0x801fa11</load_address>
         <run_address>0x801fa11</run_address>
         <size>0x12</size>
         <input_file_ref idref="fl-2"/>
      </object_component>
      <object_component id="oc-334">
         <name>.data:txtLittleEndian</name>
         <load_address>0x801f9e8</load_address>
         <run_address>0x801f9e8</run_address>
         <size>0x15</size>
         <input_file_ref idref="fl-2"/>
      </object_component>
      <object_component id="oc-337">
         <name>.data:txtEnetInit</name>
         <load_address>0x801f97a</load_address>
         <run_address>0x801f97a</run_address>
         <size>0x1d</size>
         <input_file_ref idref="fl-2"/>
      </object_component>
      <object_component id="oc-33e">
         <name>.data:txtIPAddrTxt</name>
         <load_address>0x801f9fd</load_address>
         <run_address>0x801f9fd</run_address>
         <size>0x14</size>
         <input_file_ref idref="fl-2"/>
      </object_component>
      <object_component id="oc-341">
         <name>.data:txtNote1</name>
         <load_address>0x801f95b</load_address>
         <run_address>0x801f95b</run_address>
         <size>0x1f</size>
         <input_file_ref idref="fl-2"/>
      </object_component>
      <object_component id="oc-33a">
         <name>.data:txtErrorInit</name>
         <load_address>0x801f8e4</load_address>
         <run_address>0x801f8e4</run_address>
         <size>0x2e</size>
         <input_file_ref idref="fl-2"/>
      </object_component>
      <object_component id="oc-af">
         <name>.data</name>
         <load_address>0x801fa50</load_address>
         <run_address>0x801fa50</run_address>
         <size>0x8</size>
         <input_file_ref idref="fl-2"/>
      </object_component>
      <object_component id="oc-193">
         <name>.data</name>
         <load_address>0x801fa44</load_address>
         <run_address>0x801fa44</run_address>
         <size>0xc</size>
         <input_file_ref idref="fl-5"/>
      </object_component>
      <object_component id="oc-1ea">
         <name>.data:txtCRLF2</name>
         <load_address>0x801fa42</load_address>
         <run_address>0x801fa42</run_address>
         <size>0x2</size>
         <input_file_ref idref="fl-5"/>
      </object_component>
      <object_component id="oc-1f3">
         <name>.data:txtSuccess</name>
         <load_address>0x801fa60</load_address>
         <run_address>0x801fa60</run_address>
         <size>0x8</size>
         <input_file_ref idref="fl-5"/>
      </object_component>
      <object_component id="oc-1f0">
         <name>.data:txtProgress</name>
         <load_address>0x801fa70</load_address>
         <run_address>0x801fa70</run_address>
         <size>0x2</size>
         <input_file_ref idref="fl-5"/>
      </object_component>
      <object_component id="oc-1f6">
         <name>.data:txtError</name>
         <load_address>0x801fa34</load_address>
         <run_address>0x801fa34</run_address>
         <size>0xe</size>
         <input_file_ref idref="fl-5"/>
      </object_component>
      <object_component id="oc-1ed">
         <name>.data:txtPhyGetId</name>
         <load_address>0x801f9b3</load_address>
         <run_address>0x801f9b3</run_address>
         <size>0x1b</size>
         <input_file_ref idref="fl-5"/>
      </object_component>
      <object_component id="oc-1f9">
         <name>.data:txtPhyGetAlSts</name>
         <load_address>0x801f912</load_address>
         <run_address>0x801f912</run_address>
         <size>0x25</size>
         <input_file_ref idref="fl-5"/>
      </object_component>
      <object_component id="oc-1fc">
         <name>.data:txtPhyGetLnkSts</name>
         <load_address>0x801f937</load_address>
         <run_address>0x801f937</run_address>
         <size>0x24</size>
         <input_file_ref idref="fl-5"/>
      </object_component>
      <object_component id="oc-1ff">
         <name>.data:txtPhySetupLink</name>
         <load_address>0x801f997</load_address>
         <run_address>0x801f997</run_address>
         <size>0x1c</size>
         <input_file_ref idref="fl-5"/>
      </object_component>
      <object_component id="oc-165">
         <name>.data:emacAddress</name>
         <load_address>0x801fa68</load_address>
         <run_address>0x801fa68</run_address>
         <size>0x6</size>
         <input_file_ref idref="fl-19"/>
      </object_component>
      <object_component id="oc-435">
         <name>.data</name>
         <load_address>0x801fa24</load_address>
         <run_address>0x801fa24</run_address>
         <size>0x10</size>
         <input_file_ref idref="fl-24"/>
      </object_component>
      <object_component id="oc-28e">
         <name>.data</name>
         <load_address>0x801fa58</load_address>
         <run_address>0x801fa58</run_address>
         <size>0x8</size>
         <input_file_ref idref="fl-27"/>
      </object_component>
      <object_component id="oc-256">
         <name>.debug_info</name>
         <load_address>0x0</load_address>
         <run_address>0x0</run_address>
         <size>0x872</size>
         <input_file_ref idref="fl-2"/>
      </object_component>
      <object_component id="oc-32c">
         <name>.debug_info</name>
         <load_address>0x872</load_address>
         <run_address>0x872</run_address>
         <size>0x169</size>
         <input_file_ref idref="fl-2"/>
      </object_component>
      <object_component id="oc-32f">
         <name>.debug_info</name>
         <load_address>0x9db</load_address>
         <run_address>0x9db</run_address>
         <size>0x16b</size>
         <input_file_ref idref="fl-2"/>
      </object_component>
      <object_component id="oc-332">
         <name>.debug_info</name>
         <load_address>0xb46</load_address>
         <run_address>0xb46</run_address>
         <size>0x165</size>
         <input_file_ref idref="fl-2"/>
      </object_component>
      <object_component id="oc-335">
         <name>.debug_info</name>
         <load_address>0xcab</load_address>
         <run_address>0xcab</run_address>
         <size>0x179</size>
         <input_file_ref idref="fl-2"/>
      </object_component>
      <object_component id="oc-338">
         <name>.debug_info</name>
         <load_address>0xe24</load_address>
         <run_address>0xe24</run_address>
         <size>0x171</size>
         <input_file_ref idref="fl-2"/>
      </object_component>
      <object_component id="oc-33f">
         <name>.debug_info</name>
         <load_address>0xf95</load_address>
         <run_address>0xf95</run_address>
         <size>0x173</size>
         <input_file_ref idref="fl-2"/>
      </object_component>
      <object_component id="oc-342">
         <name>.debug_info</name>
         <load_address>0x1108</load_address>
         <run_address>0x1108</run_address>
         <size>0x16b</size>
         <input_file_ref idref="fl-2"/>
      </object_component>
      <object_component id="oc-33b">
         <name>.debug_info</name>
         <load_address>0x1273</load_address>
         <run_address>0x1273</run_address>
         <size>0x173</size>
         <input_file_ref idref="fl-2"/>
      </object_component>
      <object_component id="oc-b0">
         <name>.debug_info</name>
         <load_address>0x13e6</load_address>
         <run_address>0x13e6</run_address>
         <size>0x1b8</size>
         <input_file_ref idref="fl-2"/>
      </object_component>
      <object_component id="oc-15b">
         <name>.debug_info</name>
         <load_address>0x159e</load_address>
         <run_address>0x159e</run_address>
         <size>0x13ab</size>
         <input_file_ref idref="fl-2"/>
      </object_component>
      <object_component id="oc-25">
         <name>.debug_info</name>
         <load_address>0x2949</load_address>
         <run_address>0x2949</run_address>
         <size>0x3cc</size>
         <input_file_ref idref="fl-2"/>
      </object_component>
      <object_component id="oc-a4">
         <name>.debug_info</name>
         <load_address>0x2d15</load_address>
         <run_address>0x2d15</run_address>
         <size>0x429</size>
         <input_file_ref idref="fl-2"/>
      </object_component>
      <object_component id="oc-236">
         <name>.debug_info</name>
         <load_address>0x313e</load_address>
         <run_address>0x313e</run_address>
         <size>0x12f</size>
         <input_file_ref idref="fl-2"/>
      </object_component>
      <object_component id="oc-22c">
         <name>.debug_info</name>
         <load_address>0x326d</load_address>
         <run_address>0x326d</run_address>
         <size>0x87</size>
         <input_file_ref idref="fl-2"/>
      </object_component>
      <object_component id="oc-263">
         <name>.debug_info</name>
         <load_address>0x32f4</load_address>
         <run_address>0x32f4</run_address>
         <size>0x26b</size>
         <input_file_ref idref="fl-2"/>
      </object_component>
      <object_component id="oc-c6">
         <name>.debug_info</name>
         <load_address>0x355f</load_address>
         <run_address>0x355f</run_address>
         <size>0x157</size>
         <input_file_ref idref="fl-2"/>
      </object_component>
      <object_component id="oc-d3">
         <name>.debug_info</name>
         <load_address>0x36b6</load_address>
         <run_address>0x36b6</run_address>
         <size>0x8b</size>
         <input_file_ref idref="fl-2"/>
      </object_component>
      <object_component id="oc-3ef">
         <name>.debug_info</name>
         <load_address>0x3741</load_address>
         <run_address>0x3741</run_address>
         <size>0x65a</size>
         <input_file_ref idref="fl-2"/>
      </object_component>
      <object_component id="oc-24a">
         <name>.debug_info</name>
         <load_address>0x3d9b</load_address>
         <run_address>0x3d9b</run_address>
         <size>0x174</size>
         <input_file_ref idref="fl-2"/>
      </object_component>
      <object_component id="oc-351">
         <name>.debug_info</name>
         <load_address>0x3f0f</load_address>
         <run_address>0x3f0f</run_address>
         <size>0x1b0</size>
         <input_file_ref idref="fl-2"/>
      </object_component>
      <object_component id="oc-3f6">
         <name>.debug_info</name>
         <load_address>0x40bf</load_address>
         <run_address>0x40bf</run_address>
         <size>0x2a4</size>
         <input_file_ref idref="fl-2"/>
      </object_component>
      <object_component id="oc-25e">
         <name>.debug_info</name>
         <load_address>0x4363</load_address>
         <run_address>0x4363</run_address>
         <size>0xbb</size>
         <input_file_ref idref="fl-2"/>
      </object_component>
      <object_component id="oc-218">
         <name>.debug_info</name>
         <load_address>0x441e</load_address>
         <run_address>0x441e</run_address>
         <size>0x7a</size>
         <input_file_ref idref="fl-2"/>
      </object_component>
      <object_component id="oc-20e">
         <name>.debug_info</name>
         <load_address>0x4498</load_address>
         <run_address>0x4498</run_address>
         <size>0x2c</size>
         <input_file_ref idref="fl-2"/>
      </object_component>
      <object_component id="oc-227">
         <name>.debug_info</name>
         <load_address>0x44c4</load_address>
         <run_address>0x44c4</run_address>
         <size>0x2c</size>
         <input_file_ref idref="fl-2"/>
      </object_component>
      <object_component id="oc-d8">
         <name>.debug_info</name>
         <load_address>0x44f0</load_address>
         <run_address>0x44f0</run_address>
         <size>0x86</size>
         <input_file_ref idref="fl-2"/>
      </object_component>
      <object_component id="oc-268">
         <name>.debug_info</name>
         <load_address>0x4576</load_address>
         <run_address>0x4576</run_address>
         <size>0x102</size>
         <input_file_ref idref="fl-2"/>
      </object_component>
      <object_component id="oc-26d">
         <name>.debug_info</name>
         <load_address>0x4678</load_address>
         <run_address>0x4678</run_address>
         <size>0x515</size>
         <input_file_ref idref="fl-2"/>
      </object_component>
      <object_component id="oc-272">
         <name>.debug_info</name>
         <load_address>0x4b8d</load_address>
         <run_address>0x4b8d</run_address>
         <size>0x44a</size>
         <input_file_ref idref="fl-2"/>
      </object_component>
      <object_component id="oc-277">
         <name>.debug_info</name>
         <load_address>0x4fd7</load_address>
         <run_address>0x4fd7</run_address>
         <size>0x1f9</size>
         <input_file_ref idref="fl-2"/>
      </object_component>
      <object_component id="oc-222">
         <name>.debug_info</name>
         <load_address>0x51d0</load_address>
         <run_address>0x51d0</run_address>
         <size>0xf5</size>
         <input_file_ref idref="fl-2"/>
      </object_component>
      <object_component id="oc-345">
         <name>.debug_info</name>
         <load_address>0x52c5</load_address>
         <run_address>0x52c5</run_address>
         <size>0x41</size>
         <input_file_ref idref="fl-2"/>
      </object_component>
      <object_component id="oc-209">
         <name>.debug_info</name>
         <load_address>0x5306</load_address>
         <run_address>0x5306</run_address>
         <size>0x9f</size>
         <input_file_ref idref="fl-2"/>
      </object_component>
      <object_component id="oc-38a">
         <name>.debug_info</name>
         <load_address>0x53a5</load_address>
         <run_address>0x53a5</run_address>
         <size>0x167</size>
         <input_file_ref idref="fl-2"/>
      </object_component>
      <object_component id="oc-27c">
         <name>.debug_info</name>
         <load_address>0x550c</load_address>
         <run_address>0x550c</run_address>
         <size>0x152</size>
         <input_file_ref idref="fl-2"/>
      </object_component>
      <object_component id="oc-3cc">
         <name>.debug_info</name>
         <load_address>0x565e</load_address>
         <run_address>0x565e</run_address>
         <size>0x4c</size>
         <input_file_ref idref="fl-2"/>
      </object_component>
      <object_component id="oc-2c2">
         <name>.debug_info</name>
         <load_address>0x56aa</load_address>
         <run_address>0x56aa</run_address>
         <size>0x243</size>
         <input_file_ref idref="fl-2"/>
      </object_component>
      <object_component id="oc-4e5">
         <name>.debug_info</name>
         <load_address>0x58ed</load_address>
         <run_address>0x58ed</run_address>
         <size>0x18e</size>
         <input_file_ref idref="fl-2"/>
      </object_component>
      <object_component id="oc-399">
         <name>.debug_info</name>
         <load_address>0x5a7b</load_address>
         <run_address>0x5a7b</run_address>
         <size>0x3f9</size>
         <input_file_ref idref="fl-2"/>
      </object_component>
      <object_component id="oc-281">
         <name>.debug_info</name>
         <load_address>0x5e74</load_address>
         <run_address>0x5e74</run_address>
         <size>0x70a</size>
         <input_file_ref idref="fl-2"/>
      </object_component>
      <object_component id="oc-485">
         <name>.debug_info</name>
         <load_address>0x657e</load_address>
         <run_address>0x657e</run_address>
         <size>0x3c4</size>
         <input_file_ref idref="fl-3"/>
      </object_component>
      <object_component id="oc-55f">
         <name>.debug_info</name>
         <load_address>0x6942</load_address>
         <run_address>0x6942</run_address>
         <size>0x17c</size>
         <input_file_ref idref="fl-3"/>
      </object_component>
      <object_component id="oc-558">
         <name>.debug_info</name>
         <load_address>0x6abe</load_address>
         <run_address>0x6abe</run_address>
         <size>0x18a</size>
         <input_file_ref idref="fl-3"/>
      </object_component>
      <object_component id="oc-54e">
         <name>.debug_info</name>
         <load_address>0x6c48</load_address>
         <run_address>0x6c48</run_address>
         <size>0x186</size>
         <input_file_ref idref="fl-3"/>
      </object_component>
      <object_component id="oc-544">
         <name>.debug_info</name>
         <load_address>0x6dce</load_address>
         <run_address>0x6dce</run_address>
         <size>0x1a9</size>
         <input_file_ref idref="fl-3"/>
      </object_component>
      <object_component id="oc-53a">
         <name>.debug_info</name>
         <load_address>0x6f77</load_address>
         <run_address>0x6f77</run_address>
         <size>0x18b</size>
         <input_file_ref idref="fl-3"/>
      </object_component>
      <object_component id="oc-530">
         <name>.debug_info</name>
         <load_address>0x7102</load_address>
         <run_address>0x7102</run_address>
         <size>0x181</size>
         <input_file_ref idref="fl-3"/>
      </object_component>
      <object_component id="oc-524">
         <name>.debug_info</name>
         <load_address>0x7283</load_address>
         <run_address>0x7283</run_address>
         <size>0x17d</size>
         <input_file_ref idref="fl-3"/>
      </object_component>
      <object_component id="oc-555">
         <name>.debug_info</name>
         <load_address>0x7400</load_address>
         <run_address>0x7400</run_address>
         <size>0x17e</size>
         <input_file_ref idref="fl-3"/>
      </object_component>
      <object_component id="oc-54b">
         <name>.debug_info</name>
         <load_address>0x757e</load_address>
         <run_address>0x757e</run_address>
         <size>0x18c</size>
         <input_file_ref idref="fl-3"/>
      </object_component>
      <object_component id="oc-541">
         <name>.debug_info</name>
         <load_address>0x770a</load_address>
         <run_address>0x770a</run_address>
         <size>0x188</size>
         <input_file_ref idref="fl-3"/>
      </object_component>
      <object_component id="oc-537">
         <name>.debug_info</name>
         <load_address>0x7892</load_address>
         <run_address>0x7892</run_address>
         <size>0x1aa</size>
         <input_file_ref idref="fl-3"/>
      </object_component>
      <object_component id="oc-52d">
         <name>.debug_info</name>
         <load_address>0x7a3c</load_address>
         <run_address>0x7a3c</run_address>
         <size>0x18c</size>
         <input_file_ref idref="fl-3"/>
      </object_component>
      <object_component id="oc-521">
         <name>.debug_info</name>
         <load_address>0x7bc8</load_address>
         <run_address>0x7bc8</run_address>
         <size>0x182</size>
         <input_file_ref idref="fl-3"/>
      </object_component>
      <object_component id="oc-4f3">
         <name>.debug_info</name>
         <load_address>0x7d4a</load_address>
         <run_address>0x7d4a</run_address>
         <size>0x17e</size>
         <input_file_ref idref="fl-3"/>
      </object_component>
      <object_component id="oc-462">
         <name>.debug_info</name>
         <load_address>0x7ec8</load_address>
         <run_address>0x7ec8</run_address>
         <size>0x58a</size>
         <input_file_ref idref="fl-3"/>
      </object_component>
      <object_component id="oc-56">
         <name>.debug_info</name>
         <load_address>0x8452</load_address>
         <run_address>0x8452</run_address>
         <size>0x84</size>
         <input_file_ref idref="fl-3"/>
      </object_component>
      <object_component id="oc-23b">
         <name>.debug_info</name>
         <load_address>0x84d6</load_address>
         <run_address>0x84d6</run_address>
         <size>0x2c</size>
         <input_file_ref idref="fl-3"/>
      </object_component>
      <object_component id="oc-34c">
         <name>.debug_info</name>
         <load_address>0x8502</load_address>
         <run_address>0x8502</run_address>
         <size>0x35</size>
         <input_file_ref idref="fl-3"/>
      </object_component>
      <object_component id="oc-504">
         <name>.debug_info</name>
         <load_address>0x8537</load_address>
         <run_address>0x8537</run_address>
         <size>0x91</size>
         <input_file_ref idref="fl-3"/>
      </object_component>
      <object_component id="oc-50b">
         <name>.debug_info</name>
         <load_address>0x85c8</load_address>
         <run_address>0x85c8</run_address>
         <size>0x91</size>
         <input_file_ref idref="fl-3"/>
      </object_component>
      <object_component id="oc-474">
         <name>.debug_info</name>
         <load_address>0x8659</load_address>
         <run_address>0x8659</run_address>
         <size>0x9fc</size>
         <input_file_ref idref="fl-4"/>
      </object_component>
      <object_component id="oc-471">
         <name>.debug_info</name>
         <load_address>0x9055</load_address>
         <run_address>0x9055</run_address>
         <size>0x18f</size>
         <input_file_ref idref="fl-4"/>
      </object_component>
      <object_component id="oc-46e">
         <name>.debug_info</name>
         <load_address>0x91e4</load_address>
         <run_address>0x91e4</run_address>
         <size>0x180</size>
         <input_file_ref idref="fl-4"/>
      </object_component>
      <object_component id="oc-325">
         <name>.debug_info</name>
         <load_address>0x9364</load_address>
         <run_address>0x9364</run_address>
         <size>0x2cdf</size>
         <input_file_ref idref="fl-4"/>
      </object_component>
      <object_component id="oc-4ff">
         <name>.debug_info</name>
         <load_address>0xc043</load_address>
         <run_address>0xc043</run_address>
         <size>0x104</size>
         <input_file_ref idref="fl-4"/>
      </object_component>
      <object_component id="oc-189">
         <name>.debug_info</name>
         <load_address>0xc147</load_address>
         <run_address>0xc147</run_address>
         <size>0x1426</size>
         <input_file_ref idref="fl-5"/>
      </object_component>
      <object_component id="oc-197">
         <name>.debug_info</name>
         <load_address>0xd56d</load_address>
         <run_address>0xd56d</run_address>
         <size>0x35f</size>
         <input_file_ref idref="fl-5"/>
      </object_component>
      <object_component id="oc-1a2">
         <name>.debug_info</name>
         <load_address>0xd8cc</load_address>
         <run_address>0xd8cc</run_address>
         <size>0x16d</size>
         <input_file_ref idref="fl-5"/>
      </object_component>
      <object_component id="oc-1a5">
         <name>.debug_info</name>
         <load_address>0xda39</load_address>
         <run_address>0xda39</run_address>
         <size>0x171</size>
         <input_file_ref idref="fl-5"/>
      </object_component>
      <object_component id="oc-19c">
         <name>.debug_info</name>
         <load_address>0xdbaa</load_address>
         <run_address>0xdbaa</run_address>
         <size>0x16d</size>
         <input_file_ref idref="fl-5"/>
      </object_component>
      <object_component id="oc-19f">
         <name>.debug_info</name>
         <load_address>0xdd17</load_address>
         <run_address>0xdd17</run_address>
         <size>0x173</size>
         <input_file_ref idref="fl-5"/>
      </object_component>
      <object_component id="oc-1c2">
         <name>.debug_info</name>
         <load_address>0xde8a</load_address>
         <run_address>0xde8a</run_address>
         <size>0x178</size>
         <input_file_ref idref="fl-5"/>
      </object_component>
      <object_component id="oc-194">
         <name>.debug_info</name>
         <load_address>0xe002</load_address>
         <run_address>0xe002</run_address>
         <size>0x18d</size>
         <input_file_ref idref="fl-5"/>
      </object_component>
      <object_component id="oc-1bf">
         <name>.debug_info</name>
         <load_address>0xe18f</load_address>
         <run_address>0xe18f</run_address>
         <size>0x174</size>
         <input_file_ref idref="fl-5"/>
      </object_component>
      <object_component id="oc-1bc">
         <name>.debug_info</name>
         <load_address>0xe303</load_address>
         <run_address>0xe303</run_address>
         <size>0x184</size>
         <input_file_ref idref="fl-5"/>
      </object_component>
      <object_component id="oc-1b8">
         <name>.debug_info</name>
         <load_address>0xe487</load_address>
         <run_address>0xe487</run_address>
         <size>0x178</size>
         <input_file_ref idref="fl-5"/>
      </object_component>
      <object_component id="oc-1c5">
         <name>.debug_info</name>
         <load_address>0xe5ff</load_address>
         <run_address>0xe5ff</run_address>
         <size>0x167</size>
         <input_file_ref idref="fl-5"/>
      </object_component>
      <object_component id="oc-16c">
         <name>.debug_info</name>
         <load_address>0xe766</load_address>
         <run_address>0xe766</run_address>
         <size>0x174</size>
         <input_file_ref idref="fl-5"/>
      </object_component>
      <object_component id="oc-16f">
         <name>.debug_info</name>
         <load_address>0xe8da</load_address>
         <run_address>0xe8da</run_address>
         <size>0x180</size>
         <input_file_ref idref="fl-5"/>
      </object_component>
      <object_component id="oc-1dc">
         <name>.debug_info</name>
         <load_address>0xea5a</load_address>
         <run_address>0xea5a</run_address>
         <size>0x176</size>
         <input_file_ref idref="fl-5"/>
      </object_component>
      <object_component id="oc-1e5">
         <name>.debug_info</name>
         <load_address>0xebd0</load_address>
         <run_address>0xebd0</run_address>
         <size>0x16c</size>
         <input_file_ref idref="fl-5"/>
      </object_component>
      <object_component id="oc-1cd">
         <name>.debug_info</name>
         <load_address>0xed3c</load_address>
         <run_address>0xed3c</run_address>
         <size>0x16f</size>
         <input_file_ref idref="fl-5"/>
      </object_component>
      <object_component id="oc-1e8">
         <name>.debug_info</name>
         <load_address>0xeeab</load_address>
         <run_address>0xeeab</run_address>
         <size>0x171</size>
         <input_file_ref idref="fl-5"/>
      </object_component>
      <object_component id="oc-1eb">
         <name>.debug_info</name>
         <load_address>0xf01c</load_address>
         <run_address>0xf01c</run_address>
         <size>0x16e</size>
         <input_file_ref idref="fl-5"/>
      </object_component>
      <object_component id="oc-1f4">
         <name>.debug_info</name>
         <load_address>0xf18a</load_address>
         <run_address>0xf18a</run_address>
         <size>0x172</size>
         <input_file_ref idref="fl-5"/>
      </object_component>
      <object_component id="oc-1f1">
         <name>.debug_info</name>
         <load_address>0xf2fc</load_address>
         <run_address>0xf2fc</run_address>
         <size>0x174</size>
         <input_file_ref idref="fl-5"/>
      </object_component>
      <object_component id="oc-1f7">
         <name>.debug_info</name>
         <load_address>0xf470</load_address>
         <run_address>0xf470</run_address>
         <size>0x16e</size>
         <input_file_ref idref="fl-5"/>
      </object_component>
      <object_component id="oc-1ee">
         <name>.debug_info</name>
         <load_address>0xf5de</load_address>
         <run_address>0xf5de</run_address>
         <size>0x174</size>
         <input_file_ref idref="fl-5"/>
      </object_component>
      <object_component id="oc-1fa">
         <name>.debug_info</name>
         <load_address>0xf752</load_address>
         <run_address>0xf752</run_address>
         <size>0x17a</size>
         <input_file_ref idref="fl-5"/>
      </object_component>
      <object_component id="oc-1fd">
         <name>.debug_info</name>
         <load_address>0xf8cc</load_address>
         <run_address>0xf8cc</run_address>
         <size>0x17c</size>
         <input_file_ref idref="fl-5"/>
      </object_component>
      <object_component id="oc-200">
         <name>.debug_info</name>
         <load_address>0xfa48</load_address>
         <run_address>0xfa48</run_address>
         <size>0x17c</size>
         <input_file_ref idref="fl-5"/>
      </object_component>
      <object_component id="oc-203">
         <name>.debug_info</name>
         <load_address>0xfbc4</load_address>
         <run_address>0xfbc4</run_address>
         <size>0x173</size>
         <input_file_ref idref="fl-5"/>
      </object_component>
      <object_component id="oc-206">
         <name>.debug_info</name>
         <load_address>0xfd37</load_address>
         <run_address>0xfd37</run_address>
         <size>0x16d</size>
         <input_file_ref idref="fl-5"/>
      </object_component>
      <object_component id="oc-aa">
         <name>.debug_info</name>
         <load_address>0xfea4</load_address>
         <run_address>0xfea4</run_address>
         <size>0x18c39</size>
         <input_file_ref idref="fl-5"/>
      </object_component>
      <object_component id="oc-39e">
         <name>.debug_info</name>
         <load_address>0x28add</load_address>
         <run_address>0x28add</run_address>
         <size>0x8a</size>
         <input_file_ref idref="fl-5"/>
      </object_component>
      <object_component id="oc-245">
         <name>.debug_info</name>
         <load_address>0x28b67</load_address>
         <run_address>0x28b67</run_address>
         <size>0x651</size>
         <input_file_ref idref="fl-5"/>
      </object_component>
      <object_component id="oc-231">
         <name>.debug_info</name>
         <load_address>0x291b8</load_address>
         <run_address>0x291b8</run_address>
         <size>0x1a7</size>
         <input_file_ref idref="fl-5"/>
      </object_component>
      <object_component id="oc-240">
         <name>.debug_info</name>
         <load_address>0x2935f</load_address>
         <run_address>0x2935f</run_address>
         <size>0xee</size>
         <input_file_ref idref="fl-5"/>
      </object_component>
      <object_component id="oc-213">
         <name>.debug_info</name>
         <load_address>0x2944d</load_address>
         <run_address>0x2944d</run_address>
         <size>0x2c</size>
         <input_file_ref idref="fl-5"/>
      </object_component>
      <object_component id="oc-21d">
         <name>.debug_info</name>
         <load_address>0x29479</load_address>
         <run_address>0x29479</run_address>
         <size>0x2fa</size>
         <input_file_ref idref="fl-5"/>
      </object_component>
      <object_component id="oc-380">
         <name>.debug_info</name>
         <load_address>0x29773</load_address>
         <run_address>0x29773</run_address>
         <size>0x295</size>
         <input_file_ref idref="fl-5"/>
      </object_component>
      <object_component id="oc-24f">
         <name>.debug_info</name>
         <load_address>0x29a08</load_address>
         <run_address>0x29a08</run_address>
         <size>0x14d</size>
         <input_file_ref idref="fl-5"/>
      </object_component>
      <object_component id="oc-385">
         <name>.debug_info</name>
         <load_address>0x29b55</load_address>
         <run_address>0x29b55</run_address>
         <size>0xd7</size>
         <input_file_ref idref="fl-5"/>
      </object_component>
      <object_component id="oc-38f">
         <name>.debug_info</name>
         <load_address>0x29c2c</load_address>
         <run_address>0x29c2c</run_address>
         <size>0x69</size>
         <input_file_ref idref="fl-5"/>
      </object_component>
      <object_component id="oc-394">
         <name>.debug_info</name>
         <load_address>0x29c95</load_address>
         <run_address>0x29c95</run_address>
         <size>0x41</size>
         <input_file_ref idref="fl-5"/>
      </object_component>
      <object_component id="oc-3a3">
         <name>.debug_info</name>
         <load_address>0x29cd6</load_address>
         <run_address>0x29cd6</run_address>
         <size>0x17e</size>
         <input_file_ref idref="fl-5"/>
      </object_component>
      <object_component id="oc-3ac">
         <name>.debug_info</name>
         <load_address>0x29e54</load_address>
         <run_address>0x29e54</run_address>
         <size>0x698</size>
         <input_file_ref idref="fl-7"/>
      </object_component>
      <object_component id="oc-3a9">
         <name>.debug_info</name>
         <load_address>0x2a4ec</load_address>
         <run_address>0x2a4ec</run_address>
         <size>0x1e3</size>
         <input_file_ref idref="fl-7"/>
      </object_component>
      <object_component id="oc-18e">
         <name>.debug_info</name>
         <load_address>0x2a6cf</load_address>
         <run_address>0x2a6cf</run_address>
         <size>0x105c</size>
         <input_file_ref idref="fl-7"/>
      </object_component>
      <object_component id="oc-ba">
         <name>.debug_info</name>
         <load_address>0x2b72b</load_address>
         <run_address>0x2b72b</run_address>
         <size>0x682</size>
         <input_file_ref idref="fl-9"/>
      </object_component>
      <object_component id="oc-259">
[...]
         <name>MPU_vTaskDelete</name>
         <value>0x5daa4</value>
         <object_component_ref idref="oc-14e"/>
      </symbol>
      <symbol id="sm-12de">
         <name>MPU_xTaskResumeAll</name>
         <value>0x5dc7c</value>
         <object_component_ref idref="oc-14e"/>
      </symbol>
      <symbol id="sm-12df">
         <name>MPU_xEventGroupCreate</name>
         <value>0x5e1d8</value>
         <object_component_ref idref="oc-14e"/>
      </symbol>
      <symbol id="sm-12e0">
         <name>MPU_vTaskDelay</name>
         <value>0x5dad0</value>
         <object_component_ref idref="oc-14e"/>
      </symbol>
      <symbol id="sm-12e1">
         <name>MPU_xTaskNotifyStateClear</name>
         <value>0x5df3c</value>
         <object_component_ref idref="oc-14e"/>
      </symbol>
      <symbol id="sm-12e2">
         <name>MPU_ulTaskNotifyTake</name>
         <value>0x5def8</value>
         <object_component_ref idref="oc-14e"/>
      </symbol>
      <symbol id="sm-12e3">
         <name>MPU_xQueueGenericCreate</name>
         <value>0x5e148</value>
         <object_component_ref idref="oc-14e"/>
      </symbol>
      <symbol id="sm-12e4">
         <name>MPU_xTaskCheckForTimeOut</name>
         <value>0x5df9c</value>
         <object_component_ref idref="oc-14e"/>
      </symbol>
      <symbol id="sm-12e5">
         <name>MPU_eTaskGetState</name>
         <value>0x5db98</value>
         <object_component_ref idref="oc-14e"/>
      </symbol>
      <symbol id="sm-12e6">
         <name>MPU_vTaskSuspendAll</name>
         <value>0x5dc58</value>
         <object_component_ref idref="oc-14e"/>
      </symbol>
      <symbol id="sm-12e7">
         <name>MPU_xTaskGetIdleTaskHandle</name>
         <value>0x5de24</value>
         <object_component_ref idref="oc-14e"/>
      </symbol>
      <symbol id="sm-12e8">
         <name>MPU_vTaskSetThreadLocalStoragePointer</name>
         <value>0x5dd9c</value>
         <object_component_ref idref="oc-14e"/>
      </symbol>
      <symbol id="sm-1329">
         <name>vPortStoreTaskMPUSettings</name>
         <value>0x4b88</value>
         <object_component_ref idref="oc-313"/>
      </symbol>
      <symbol id="sm-132a">
         <name>ulTaskHasFPUContext</name>
         <value>0x801fa5c</value>
         <object_component_ref idref="oc-28e"/>
      </symbol>
      <symbol id="sm-132b">
         <name>vPortEndScheduler</name>
         <value>0x4e1c</value>
         <object_component_ref idref="oc-313"/>
      </symbol>
      <symbol id="sm-132c">
         <name>ulCriticalNesting</name>
         <value>0x801fa58</value>
         <object_component_ref idref="oc-28e"/>
      </symbol>
      <symbol id="sm-132d">
         <name>pxPortInitialiseStack</name>
         <value>0x4a74</value>
         <object_component_ref idref="oc-313"/>
      </symbol>
      <symbol id="sm-132e">
         <name>xPortStartScheduler</name>
         <value>0x4dfc</value>
         <object_component_ref idref="oc-313"/>
      </symbol>
      <symbol id="sm-1349">
         <name>prvMpuSetRegion</name>
         <value>0x4a1c</value>
         <object_component_ref idref="oc-bd"/>
      </symbol>
      <symbol id="sm-134a">
         <name>vPortStartFirstTask</name>
         <value>0x45c8</value>
         <object_component_ref idref="oc-bd"/>
      </symbol>
      <symbol id="sm-134b">
         <name>vPortYeildWithinAPI</name>
         <value>0x4744</value>
         <object_component_ref idref="oc-bd"/>
      </symbol>
      <symbol id="sm-134c">
         <name>vPortPreemptiveTick</name>
         <value>0x4838</value>
         <object_component_ref idref="oc-bd"/>
      </symbol>
      <symbol id="sm-134d">
         <name>prvMpuDisable</name>
         <value>0x4a4c</value>
         <object_component_ref idref="oc-bd"/>
      </symbol>
      <symbol id="sm-134e">
         <name>prvMpuEnable</name>
         <value>0x4a34</value>
         <object_component_ref idref="oc-bd"/>
      </symbol>
      <symbol id="sm-134f">
         <name>vPortInitialiseFPSCR</name>
         <value>0x4938</value>
         <object_component_ref idref="oc-bd"/>
      </symbol>
      <symbol id="sm-1350">
         <name>ulPortCountLeadingZeros</name>
         <value>0x4944</value>
         <object_component_ref idref="oc-bd"/>
      </symbol>
      <symbol id="sm-1351">
         <name>vPortYieldProcessor</name>
         <value>0x4658</value>
         <object_component_ref idref="oc-bd"/>
      </symbol>
      <symbol id="sm-1352">
         <name>vPortSWI</name>
         <value>0x494c</value>
         <object_component_ref idref="oc-bd"/>
      </symbol>
      <symbol id="sm-1410">
         <name>xQueuePeekFromISR</name>
         <value>0x37f4</value>
         <object_component_ref idref="oc-2e0"/>
      </symbol>
      <symbol id="sm-1411">
         <name>xQueueIsQueueEmptyFromISR</name>
         <value>0x3cd0</value>
         <object_component_ref idref="oc-2e0"/>
      </symbol>
      <symbol id="sm-1412">
         <name>xQueueGenericSendFromISR</name>
         <value>0x30dc</value>
         <object_component_ref idref="oc-2e0"/>
      </symbol>
      <symbol id="sm-1413">
         <name>uxQueueMessagesWaiting</name>
         <value>0x38e8</value>
         <object_component_ref idref="oc-2e0"/>
      </symbol>
      <symbol id="sm-1414">
         <name>xQueueIsQueueFullFromISR</name>
         <value>0x3d5c</value>
         <object_component_ref idref="oc-2e0"/>
      </symbol>
      <symbol id="sm-1415">
         <name>xQueueGenericCreate</name>
         <value>0x2d00</value>
         <object_component_ref idref="oc-2e0"/>
      </symbol>
      <symbol id="sm-1416">
         <name>xQueueGenericSend</name>
         <value>0x2e1c</value>
         <object_component_ref idref="oc-2e0"/>
      </symbol>
      <symbol id="sm-1417">
         <name>xQueueGenericReset</name>
         <value>0x2bd8</value>
         <object_component_ref idref="oc-2e0"/>
      </symbol>
      <symbol id="sm-1418">
         <name>xQueueReceiveFromISR</name>
         <value>0x36ac</value>
         <object_component_ref idref="oc-2e0"/>
      </symbol>
      <symbol id="sm-1419">
         <name>uxQueueSpacesAvailable</name>
         <value>0x3920</value>
         <object_component_ref idref="oc-2e0"/>
      </symbol>
      <symbol id="sm-141a">
         <name>xQueueGiveFromISR</name>
         <value>0x326c</value>
         <object_component_ref idref="oc-2e0"/>
      </symbol>
      <symbol id="sm-141b">
         <name>uxQueueMessagesWaitingFromISR</name>
         <value>0x396c</value>
         <object_component_ref idref="oc-2e0"/>
      </symbol>
      <symbol id="sm-141c">
         <name>xQueueGenericReceive</name>
         <value>0x33d8</value>
         <object_component_ref idref="oc-2e0"/>
      </symbol>
      <symbol id="sm-141d">
         <name>vQueueDelete</name>
         <value>0x399c</value>
         <object_component_ref idref="oc-2e0"/>
      </symbol>
      <symbol id="sm-1604">
         <name>xTaskCreateRestricted</name>
         <value>0x20</value>
         <object_component_ref idref="oc-154"/>
      </symbol>
      <symbol id="sm-1605">
         <name>vTaskDelay</name>
         <value>0x804</value>
         <object_component_ref idref="oc-154"/>
      </symbol>
      <symbol id="sm-1606">
         <name>vTaskSuspendAll</name>
         <value>0x1090</value>
         <object_component_ref idref="oc-154"/>
      </symbol>
      <symbol id="sm-1607">
         <name>vTaskPlaceOnEventList</name>
         <value>0x1ab8</value>
         <object_component_ref idref="oc-154"/>
      </symbol>
      <symbol id="sm-1608">
         <name>pvTaskGetThreadLocalStoragePointer</name>
         <value>0x1fe0</value>
         <object_component_ref idref="oc-154"/>
      </symbol>
      <symbol id="sm-1609">
         <name>uxTaskPriorityGetFromISR</name>
         <value>0x9d0</value>
         <object_component_ref idref="oc-154"/>
      </symbol>
      <symbol id="sm-160a">
         <name>ulTaskNotifyTake</name>
         <value>0x2378</value>
         <object_component_ref idref="oc-154"/>
      </symbol>
      <symbol id="sm-160b">
         <name>pcTaskGetName</name>
         <value>0x1344</value>
         <object_component_ref idref="oc-154"/>
      </symbol>
      <symbol id="sm-160c">
         <name>xTaskCheckForTimeOut</name>
         <value>0x1db8</value>
         <object_component_ref idref="oc-154"/>
      </symbol>
      <symbol id="sm-160d">
         <name>xTaskRemoveFromUnorderedEventList</name>
         <value>0x1c70</value>
         <object_component_ref idref="oc-154"/>
      </symbol>
      <symbol id="sm-160e">
         <name>vTaskPrioritySet</name>
         <value>0xa18</value>
         <object_component_ref idref="oc-154"/>
      </symbol>
      <symbol id="sm-160f">
         <name>vTaskAllocateMPURegions</name>
         <value>0x204c</value>
         <object_component_ref idref="oc-154"/>
      </symbol>
      <symbol id="sm-1610">
         <name>xTaskAbortDelay</name>
         <value>0x16b4</value>
         <object_component_ref idref="oc-154"/>
      </symbol>
      <symbol id="sm-1611">
         <name>vTaskStartScheduler</name>
         <value>0xfdc</value>
         <object_component_ref idref="oc-154"/>
      </symbol>
      <symbol id="sm-1612">
         <name>xTaskNotifyStateClear</name>
         <value>0x62f28</value>
         <object_component_ref idref="oc-2da"/>
      </symbol>
      <symbol id="sm-1613">
         <name>uxTaskGetStackHighWaterMark</name>
         <value>0x2224</value>
         <object_component_ref idref="oc-154"/>
      </symbol>
      <symbol id="sm-1614">
         <name>vTaskSetThreadLocalStoragePointer</name>
         <value>0x1f7c</value>
         <object_component_ref idref="oc-154"/>
      </symbol>
      <symbol id="sm-1615">
         <name>xTaskGenericNotify</name>
         <value>0x2560</value>
         <object_component_ref idref="oc-154"/>
      </symbol>
      <symbol id="sm-1616">
         <name>xTaskCreate</name>
         <value>0xfc</value>
         <object_component_ref idref="oc-154"/>
      </symbol>
      <symbol id="sm-1617">
         <name>vTaskDelayUntil</name>
         <value>0x698</value>
         <object_component_ref idref="oc-154"/>
      </symbol>
      <symbol id="sm-1618">
         <name>vTaskEndScheduler</name>
         <value>0x1074</value>
         <object_component_ref idref="oc-154"/>
      </symbol>
      <symbol id="sm-1619">
         <name>xTaskNotifyWait</name>
         <value>0x244c</value>
         <object_component_ref idref="oc-154"/>
      </symbol>
      <symbol id="sm-161a">
         <name>vTaskMissedYield</name>
         <value>0x1ef0</value>
         <object_component_ref idref="oc-154"/>
      </symbol>
      <symbol id="sm-161b">
         <name>uxTaskGetNumberOfTasks</name>
         <value>0x1338</value>
         <object_component_ref idref="oc-154"/>
      </symbol>
      <symbol id="sm-161c">
         <name>xTaskGenericNotifyFromISR</name>
         <value>0x2730</value>
         <object_component_ref idref="oc-154"/>
      </symbol>
      <symbol id="sm-161d">
         <name>uxTaskPriorityGet</name>
         <value>0x98c</value>
         <object_component_ref idref="oc-154"/>
      </symbol>
      <symbol id="sm-161e">
         <name>vTaskStepTick</name>
         <value>0x1658</value>
         <object_component_ref idref="oc-154"/>
      </symbol>
      <symbol id="sm-161f">
         <name>xTaskResumeAll</name>
         <value>0x1148</value>
         <object_component_ref idref="oc-154"/>
      </symbol>
      <symbol id="sm-1620">
         <name>xTaskGetHandle</name>
         <value>0x1518</value>
         <object_component_ref idref="oc-154"/>
      </symbol>
      <symbol id="sm-1621">
         <name>xTaskGetTickCount</name>
         <value>0x12f8</value>
         <object_component_ref idref="oc-154"/>
      </symbol>
      <symbol id="sm-1622">
         <name>vTaskDelete</name>
         <value>0x530</value>
         <object_component_ref idref="oc-154"/>
      </symbol>
      <symbol id="sm-1623">
         <name>pxCurrentTCB</name>
         <value>0x8008120</value>
         <object_component_ref idref="oc-28b"/>
      </symbol>
      <symbol id="sm-1624">
         <name>vTaskNotifyGiveFromISR</name>
         <value>0x2930</value>
         <object_component_ref idref="oc-154"/>
      </symbol>
      <symbol id="sm-1625">
         <name>eTaskGetState</name>
         <value>0x888</value>
         <object_component_ref idref="oc-154"/>
      </symbol>
      <symbol id="sm-1626">
         <name>vTaskSuspend</name>
         <value>0xc10</value>
         <object_component_ref idref="oc-154"/>
      </symbol>
      <symbol id="sm-1627">
         <name>xTaskGetIdleTaskHandle</name>
         <value>0x1620</value>
         <object_component_ref idref="oc-154"/>
      </symbol>
      <symbol id="sm-1628">
         <name>xTaskGetTickCountFromISR</name>
         <value>0x1314</value>
         <object_component_ref idref="oc-154"/>
      </symbol>
      <symbol id="sm-1629">
         <name>vTaskResume</name>
         <value>0xe14</value>
         <object_component_ref idref="oc-154"/>
      </symbol>
      <symbol id="sm-162a">
         <name>vTaskSetTimeOutState</name>
         <value>0x1d74</value>
         <object_component_ref idref="oc-154"/>
      </symbol>
      <symbol id="sm-162b">
         <name>xTaskIncrementTick</name>
         <value>0x17b0</value>
         <object_component_ref idref="oc-154"/>
      </symbol>
      <symbol id="sm-162c">
         <name>vTaskSwitchContext</name>
         <value>0x19d8</value>
         <object_component_ref idref="oc-154"/>
      </symbol>
      <symbol id="sm-162d">
         <name>uxTaskResetEventItemValue</name>
         <value>0x233c</value>
         <object_component_ref idref="oc-154"/>
      </symbol>
      <symbol id="sm-162e">
         <name>xTaskGetSchedulerState</name>
         <value>0x22ec</value>
         <object_component_ref idref="oc-154"/>
      </symbol>
      <symbol id="sm-162f">
         <name>xTaskResumeFromISR</name>
         <value>0xef4</value>
         <object_component_ref idref="oc-154"/>
      </symbol>
      <symbol id="sm-1630">
         <name>vTaskPlaceOnUnorderedEventList</name>
         <value>0x1afc</value>
         <object_component_ref idref="oc-154"/>
      </symbol>
      <symbol id="sm-1631">
         <name>xTaskRemoveFromEventList</name>
         <value>0x1b80</value>
         <object_component_ref idref="oc-154"/>
      </symbol>
      <symbol id="sm-1632">
         <name>eTaskConfirmSleepModeStatus</name>
         <value>0x1f00</value>
         <object_component_ref idref="oc-154"/>
      </symbol>
      <symbol id="sm-165a">
         <name>floorl</name>
         <value>0x631e1</value>
         <object_component_ref idref="oc-450"/>
      </symbol>
      <symbol id="sm-165b">
         <name>floor</name>
         <value>0x631e1</value>
         <object_component_ref idref="oc-450"/>
      </symbol>
      <symbol id="sm-1676">
         <name>memcpy</name>
         <value>0x635ad</value>
         <object_component_ref idref="oc-5b"/>
      </symbol>
      <symbol id="sm-1677">
         <name>__aeabi_memcpy</name>
         <value>0x635ad</value>
         <object_component_ref idref="oc-5b"/>
      </symbol>
      <symbol id="sm-1678">
         <name>__aeabi_memcpy8</name>
         <value>0x635ad</value>
         <object_component_ref idref="oc-5b"/>
      </symbol>
      <symbol id="sm-1679">
         <name>__aeabi_memcpy4</name>
         <value>0x635ad</value>
         <object_component_ref idref="oc-5b"/>
      </symbol>
      <symbol id="sm-1685">
         <name>__aeabi_idivmod</name>
         <value>0x63730</value>
         <object_component_ref idref="oc-17e"/>
      </symbol>
      <symbol id="sm-1686">
         <name>__aeabi_idiv</name>
         <value>0x63730</value>
         <object_component_ref idref="oc-17e"/>
      </symbol>
      <symbol id="sm-1692">
         <name>__aeabi_uidivmod</name>
         <value>0x63784</value>
         <object_component_ref idref="oc-183"/>
      </symbol>
      <symbol id="sm-1693">
         <name>__aeabi_uidiv</name>
         <value>0x63784</value>
         <object_component_ref idref="oc-183"/>
      </symbol>
      <symbol id="sm-16a2">
         <name>__aeabi_memset</name>
         <value>0x6364b</value>
         <object_component_ref idref="oc-f3"/>
      </symbol>
      <symbol id="sm-16a3">
         <name>memset</name>
         <value>0x63651</value>
         <object_component_ref idref="oc-f3"/>
      </symbol>
      <symbol id="sm-16a4">
         <name>__aeabi_memset8</name>
         <value>0x6364b</value>
         <object_component_ref idref="oc-f3"/>
      </symbol>
      <symbol id="sm-16a5">
         <name>__aeabi_memset4</name>
         <value>0x6364b</value>
         <object_component_ref idref="oc-f3"/>
      </symbol>
      <symbol id="sm-16a6">
         <name>__aeabi_memclr8</name>
         <value>0x63649</value>
         <object_component_ref idref="oc-f3"/>
      </symbol>
      <symbol id="sm-16a7">
         <name>__aeabi_memclr4</name>
         <value>0x63649</value>
         <object_component_ref idref="oc-f3"/>
      </symbol>
      <symbol id="sm-16a8">
         <name>__aeabi_memclr</name>
         <value>0x63649</value>
         <object_component_ref idref="oc-f3"/>
      </symbol>
      <symbol id="sm-16d0">
         <name>__TI_auto_init_nobinit_nopinit</name>
         <value>0x637d5</value>
         <object_component_ref idref="oc-118"/>
      </symbol>
      <symbol id="sm-16e3">
         <name>__TI_zero_init</name>
         <value>0x638bb</value>
         <object_component_ref idref="oc-6d"/>
      </symbol>
      <symbol id="sm-16fa">
         <name>__TI_decompress_none</name>
         <value>0x638ad</value>
         <object_component_ref idref="oc-17"/>
      </symbol>
      <symbol id="sm-171d">
         <name>__TI_decompress_lzss</name>
         <value>0x636c3</value>
         <object_component_ref idref="oc-11"/>
      </symbol>
      <symbol id="sm-1728">
         <name>C$$EXIT</name>
         <value>0x638cd</value>
         <object_component_ref idref="oc-172"/>
      </symbol>
      <symbol id="sm-1729">
         <name>abort</name>
         <value>0x638cd</value>
         <object_component_ref idref="oc-172"/>
      </symbol>
      <symbol id="sm-173a">
         <name>memcmp</name>
         <value>0x63843</value>
         <object_component_ref idref="oc-1cf"/>
      </symbol>
      <symbol id="sm-174a">
         <name>strchr</name>
         <value>0x63881</value>
         <object_component_ref idref="oc-467"/>
      </symbol>
      <symbol id="sm-1759">
         <name>strcmp</name>
         <value>0x63869</value>
         <object_component_ref idref="oc-4ec"/>
      </symbol>
      <symbol id="sm-1767">
         <name>strlen</name>
         <value>0x63897</value>
         <object_component_ref idref="oc-1ab"/>
      </symbol>
      <symbol id="sm-1777">
         <name>strncmp</name>
         <value>0x63819</value>
         <object_component_ref idref="oc-45b"/>
      </symbol>
      <symbol id="sm-1781">
         <name>__aeabi_idiv0</name>
         <value>0x6372f</value>
         <object_component_ref idref="oc-377"/>
      </symbol>
      <symbol id="sm-1782">
         <name>__aeabi_ldiv0</name>
         <value>0x6372f</value>
         <object_component_ref idref="oc-377"/>
      </symbol>
      <symbol id="sm-1783">
         <name>__TI_static_base__</name>
         <value>0x0</value>
      </symbol>
      <symbol id="sm-1787">
         <name>SHT$$INIT_ARRAY$$Base</name>
         <value>0x0</value>
      </symbol>
      <symbol id="sm-1788">
         <name>SHT$$INIT_ARRAY$$Limit</name>
         <value>0x0</value>
      </symbol>
      <symbol id="sm-1789">
         <name>_system_post_cinit</name>
         <value>0x0</value>
      </symbol>
   </symbol_table>
   <title>Link successful</title>
</link_info>
