<?xml version="1.0" encoding="ISO-8859-1" ?>
<link_info>
   <banner>TI ARM Linker Unix v20.2.1.LTS</banner>
   <copyright>Copyright (c) 1996-2018 Texas Instruments Incorporated</copyright>
   <link_time>0x624d16da</link_time>
   <link_errors>0x0</link_errors>
   <output_file>TMS570LC4357_FreeRTOS_LWIP.out</output_file>
   <entry_point>
      <name>_c_int00</name>
      <address>0x632f4</address>
   </entry_point>
   <input_file_list>
      <input_file id="fl-2">
         <path>./example/hdk/src/</path>
         <kind>object</kind>
         <file>lwip_main.obj</file>
         <name>lwip_main.obj</name>
      </input_file>
      <input_file id="fl-3">
         <path>./lwip-1.4.1/apps/httpserver_raw/</path>
         <kind>object</kind>
         <file>fs.obj</file>
         <name>fs.obj</name>
      </input_file>
      <input_file id="fl-4">
         <path>./lwip-1.4.1/apps/httpserver_raw/</path>
         <kind>object</kind>
         <file>httpd.obj</file>
         <name>httpd.obj</name>
      </input_file>
      <input_file id="fl-5">
         <path>./lwip-1.4.1/ports/hdk/</path>
         <kind>object</kind>
         <file>lwiplib.obj</file>
         <name>lwiplib.obj</name>
      </input_file>
      <input_file id="fl-6">
         <path>./lwip-1.4.1/src/core/</path>
         <kind>object</kind>
         <file>def.obj</file>
         <name>def.obj</name>
      </input_file>
      <input_file id="fl-7">
         <path>./lwip-1.4.1/src/core/</path>
         <kind>object</kind>
         <file>timers.obj</file>
         <name>timers.obj</name>
      </input_file>
      <input_file id="fl-8">
         <path>./lwip-1.4.1/src/netif/</path>
         <kind>object</kind>
         <file>ethernetif.obj</file>
         <name>ethernetif.obj</name>
      </input_file>
      <input_file id="fl-9">
         <path>./source/</path>
         <kind>object</kind>
         <file>HL_emac.obj</file>
         <name>HL_emac.obj</name>
      </input_file>
      <input_file id="fl-a">
         <path>./source/</path>
         <kind>object</kind>
         <file>HL_epc.obj</file>
         <name>HL_epc.obj</name>
      </input_file>
      <input_file id="fl-b">
         <path>./source/</path>
         <kind>object</kind>
         <file>HL_errata.obj</file>
         <name>HL_errata.obj</name>
      </input_file>
      <input_file id="fl-c">
         <path>./source/</path>
         <kind>object</kind>
         <file>HL_errata_SSWF021_45.obj</file>
         <name>HL_errata_SSWF021_45.obj</name>
      </input_file>
      <input_file id="fl-d">
         <path>./source/</path>
         <kind>object</kind>
         <file>HL_esm.obj</file>
         <name>HL_esm.obj</name>
      </input_file>
      <input_file id="fl-e">
         <path>./source/</path>
         <kind>object</kind>
         <file>HL_gio.obj</file>
         <name>HL_gio.obj</name>
      </input_file>
      <input_file id="fl-f">
         <path>./source/</path>
         <kind>object</kind>
         <file>HL_mdio.obj</file>
         <name>HL_mdio.obj</name>
      </input_file>
      <input_file id="fl-10">
         <path>./source/</path>
         <kind>object</kind>
         <file>HL_nmpu.obj</file>
         <name>HL_nmpu.obj</name>
      </input_file>
      <input_file id="fl-11">
         <path>./source/</path>
         <kind>object</kind>
         <file>HL_notification.obj</file>
         <name>HL_notification.obj</name>
      </input_file>
      <input_file id="fl-12">
         <path>./source/</path>
         <kind>object</kind>
         <file>HL_phy_dp83640.obj</file>
         <name>HL_phy_dp83640.obj</name>
      </input_file>
      <input_file id="fl-13">
         <path>./source/</path>
         <kind>object</kind>
         <file>HL_phy_tlk111.obj</file>
         <name>HL_phy_tlk111.obj</name>
      </input_file>
      <input_file id="fl-14">
         <path>./source/</path>
         <kind>object</kind>
         <file>HL_pinmux.obj</file>
         <name>HL_pinmux.obj</name>
      </input_file>
      <input_file id="fl-15">
         <path>./source/</path>
         <kind>object</kind>
         <file>HL_sci.obj</file>
         <name>HL_sci.obj</name>
      </input_file>
      <input_file id="fl-16">
         <path>./source/</path>
         <kind>object</kind>
         <file>HL_sys_core.obj</file>
         <name>HL_sys_core.obj</name>
      </input_file>
      <input_file id="fl-17">
         <path>./source/</path>
         <kind>object</kind>
         <file>HL_sys_dma.obj</file>
         <name>HL_sys_dma.obj</name>
      </input_file>
      <input_file id="fl-18">
         <path>./source/</path>
         <kind>object</kind>
         <file>HL_sys_intvecs.obj</file>
         <name>HL_sys_intvecs.obj</name>
      </input_file>
      <input_file id="fl-19">
         <path>./source/</path>
         <kind>object</kind>
         <file>HL_sys_main.obj</file>
         <name>HL_sys_main.obj</name>
      </input_file>
      <input_file id="fl-1a">
         <path>./source/</path>
         <kind>object</kind>
         <file>HL_sys_mpu.obj</file>
         <name>HL_sys_mpu.obj</name>
      </input_file>
      <input_file id="fl-1b">
         <path>./source/</path>
         <kind>object</kind>
         <file>HL_sys_pcr.obj</file>
         <name>HL_sys_pcr.obj</name>
      </input_file>
      <input_file id="fl-1c">
         <path>./source/</path>
         <kind>object</kind>
         <file>HL_sys_phantom.obj</file>
         <name>HL_sys_phantom.obj</name>
      </input_file>
      <input_file id="fl-1d">
         <path>./source/</path>
         <kind>object</kind>
         <file>HL_sys_pmm.obj</file>
         <name>HL_sys_pmm.obj</name>
      </input_file>
      <input_file id="fl-1e">
         <path>./source/</path>
         <kind>object</kind>
         <file>HL_sys_pmu.obj</file>
         <name>HL_sys_pmu.obj</name>
      </input_file>
      <input_file id="fl-1f">
         <path>./source/</path>
         <kind>object</kind>
         <file>HL_sys_startup.obj</file>
         <name>HL_sys_startup.obj</name>
      </input_file>
      <input_file id="fl-20">
         <path>./source/</path>
         <kind>object</kind>
         <file>HL_sys_vim.obj</file>
         <name>HL_sys_vim.obj</name>
      </input_file>
      <input_file id="fl-21">
         <path>./source/</path>
         <kind>object</kind>
         <file>HL_system.obj</file>
         <name>HL_system.obj</name>
      </input_file>
      <input_file id="fl-22">
         <path>./source/</path>
         <kind>object</kind>
         <file>os_croutine.obj</file>
         <name>os_croutine.obj</name>
      </input_file>
      <input_file id="fl-23">
         <path>./source/</path>
         <kind>object</kind>
         <file>os_event_groups.obj</file>
         <name>os_event_groups.obj</name>
      </input_file>
      <input_file id="fl-24">
         <path>./source/</path>
         <kind>object</kind>
         <file>os_heap.obj</file>
         <name>os_heap.obj</name>
      </input_file>
      <input_file id="fl-25">
         <path>./source/</path>
         <kind>object</kind>
         <file>os_list.obj</file>
         <name>os_list.obj</name>
      </input_file>
      <input_file id="fl-26">
         <path>./source/</path>
         <kind>object</kind>
         <file>os_mpu_wrappers.obj</file>
         <name>os_mpu_wrappers.obj</name>
      </input_file>
      <input_file id="fl-27">
         <path>./source/</path>
         <kind>object</kind>
         <file>os_port.obj</file>
         <name>os_port.obj</name>
      </input_file>
      <input_file id="fl-28">
         <path>./source/</path>
         <kind>object</kind>
         <file>os_portasm.obj</file>
         <name>os_portasm.obj</name>
      </input_file>
      <input_file id="fl-29">
         <path>./source/</path>
         <kind>object</kind>
         <file>os_queue.obj</file>
         <name>os_queue.obj</name>
      </input_file>
      <input_file id="fl-2a">
         <path>./source/</path>
         <kind>object</kind>
         <file>os_tasks.obj</file>
         <name>os_tasks.obj</name>
      </input_file>
      <input_file id="fl-2b">
         <path>./source/</path>
         <kind>object</kind>
         <file>os_timer.obj</file>
         <name>os_timer.obj</name>
      </input_file>
      <input_file id="fl-30">
         <kind>object</kind>
         <file>&lt;internal&gt;</file>
         <name>&lt;internal&gt;</name>
      </input_file>
      <input_file id="fl-31">
         <path>/home/oem/ti/ccs1010/ccs/tools/compiler/ti-cgt-arm_20.2.1.LTS/lib/</path>
         <kind>archive</kind>
         <file>rtsv7R4_T_be_v3D16_eabi.lib</file>
         <name>s_floor.c.obj</name>
      </input_file>
      <input_file id="fl-32">
         <path>/home/oem/ti/ccs1010/ccs/tools/compiler/ti-cgt-arm_20.2.1.LTS/lib/</path>
         <kind>archive</kind>
         <file>rtsv7R4_T_be_v3D16_eabi.lib</file>
         <name>memset_t2.asm.obj</name>
      </input_file>
      <input_file id="fl-33">
         <path>/home/oem/ti/ccs1010/ccs/tools/compiler/ti-cgt-arm_20.2.1.LTS/lib/</path>
         <kind>archive</kind>
         <file>rtsv7R4_T_be_v3D16_eabi.lib</file>
         <name>memcpy_t2.asm.obj</name>
      </input_file>
      <input_file id="fl-34">
         <path>/home/oem/ti/ccs1010/ccs/tools/compiler/ti-cgt-arm_20.2.1.LTS/lib/</path>
         <kind>archive</kind>
         <file>rtsv7R4_T_be_v3D16_eabi.lib</file>
         <name>i_div32.asm.obj</name>
      </input_file>
      <input_file id="fl-35">
         <path>/home/oem/ti/ccs1010/ccs/tools/compiler/ti-cgt-arm_20.2.1.LTS/lib/</path>
         <kind>archive</kind>
         <file>rtsv7R4_T_be_v3D16_eabi.lib</file>
         <name>u_div32.asm.obj</name>
      </input_file>
      <input_file id="fl-36">
         <path>/home/oem/ti/ccs1010/ccs/tools/compiler/ti-cgt-arm_20.2.1.LTS/lib/</path>
         <kind>archive</kind>
         <file>rtsv7R4_T_be_v3D16_eabi.lib</file>
         <name>autoinit.c.obj</name>
      </input_file>
      <input_file id="fl-37">
         <path>/home/oem/ti/ccs1010/ccs/tools/compiler/ti-cgt-arm_20.2.1.LTS/lib/</path>
         <kind>archive</kind>
         <file>rtsv7R4_T_be_v3D16_eabi.lib</file>
         <name>cpy_tbl.c.obj</name>
      </input_file>
      <input_file id="fl-38">
         <path>/home/oem/ti/ccs1010/ccs/tools/compiler/ti-cgt-arm_20.2.1.LTS/lib/</path>
         <kind>archive</kind>
         <file>rtsv7R4_T_be_v3D16_eabi.lib</file>
         <name>copy_zero_init.c.obj</name>
      </input_file>
      <input_file id="fl-39">
         <path>/home/oem/ti/ccs1010/ccs/tools/compiler/ti-cgt-arm_20.2.1.LTS/lib/</path>
         <kind>archive</kind>
         <file>rtsv7R4_T_be_v3D16_eabi.lib</file>
         <name>copy_decompress_none.c.obj</name>
      </input_file>
      <input_file id="fl-3a">
         <path>/home/oem/ti/ccs1010/ccs/tools/compiler/ti-cgt-arm_20.2.1.LTS/lib/</path>
         <kind>archive</kind>
         <file>rtsv7R4_T_be_v3D16_eabi.lib</file>
         <name>copy_decompress_lzss.c.obj</name>
      </input_file>
      <input_file id="fl-3b">
         <path>/home/oem/ti/ccs1010/ccs/tools/compiler/ti-cgt-arm_20.2.1.LTS/lib/</path>
         <kind>archive</kind>
         <file>rtsv7R4_T_be_v3D16_eabi.lib</file>
         <name>exit.c.obj</name>
      </input_file>
      <input_file id="fl-3c">
         <path>/home/oem/ti/ccs1010/ccs/tools/compiler/ti-cgt-arm_20.2.1.LTS/lib/</path>
         <kind>archive</kind>
         <file>rtsv7R4_T_be_v3D16_eabi.lib</file>
         <name>_lock.c.obj</name>
      </input_file>
      <input_file id="fl-3d">
         <path>/home/oem/ti/ccs1010/ccs/tools/compiler/ti-cgt-arm_20.2.1.LTS/lib/</path>
         <kind>archive</kind>
         <file>rtsv7R4_T_be_v3D16_eabi.lib</file>
         <name>memcmp.c.obj</name>
      </input_file>
      <input_file id="fl-3e">
         <path>/home/oem/ti/ccs1010/ccs/tools/compiler/ti-cgt-arm_20.2.1.LTS/lib/</path>
         <kind>archive</kind>
         <file>rtsv7R4_T_be_v3D16_eabi.lib</file>
         <name>strchr.c.obj</name>
      </input_file>
      <input_file id="fl-3f">
         <path>/home/oem/ti/ccs1010/ccs/tools/compiler/ti-cgt-arm_20.2.1.LTS/lib/</path>
         <kind>archive</kind>
         <file>rtsv7R4_T_be_v3D16_eabi.lib</file>
         <name>strcmp.c.obj</name>
      </input_file>
      <input_file id="fl-40">
         <path>/home/oem/ti/ccs1010/ccs/tools/compiler/ti-cgt-arm_20.2.1.LTS/lib/</path>
         <kind>archive</kind>
         <file>rtsv7R4_T_be_v3D16_eabi.lib</file>
         <name>strlen.c.obj</name>
      </input_file>
      <input_file id="fl-41">
         <path>/home/oem/ti/ccs1010/ccs/tools/compiler/ti-cgt-arm_20.2.1.LTS/lib/</path>
         <kind>archive</kind>
         <file>rtsv7R4_T_be_v3D16_eabi.lib</file>
         <name>strncmp.c.obj</name>
      </input_file>
      <input_file id="fl-42">
         <path>/home/oem/ti/ccs1010/ccs/tools/compiler/ti-cgt-arm_20.2.1.LTS/lib/</path>
         <kind>archive</kind>
         <file>rtsv7R4_T_be_v3D16_eabi.lib</file>
         <name>div0.asm.obj</name>
      </input_file>
   </input_file_list>
   <object_component_list>
      <object_component id="oc-33">
         <name>.intvecs</name>
         <load_address>0x0</load_address>
         <run_address>0x0</run_address>
         <size>0x20</size>
         <input_file_ref idref="fl-18"/>
      </object_component>
      <object_component id="oc-144">
         <name>.kernelTEXT</name>
         <load_address>0x20</load_address>
         <run_address>0x20</run_address>
         <size>0x2bb8</size>
         <input_file_ref idref="fl-2a"/>
      </object_component>
      <object_component id="oc-2d2">
         <name>.kernelTEXT</name>
         <load_address>0x2bd8</load_address>
         <run_address>0x2bd8</run_address>
         <size>0x11d4</size>
         <input_file_ref idref="fl-29"/>
      </object_component>
      <object_component id="oc-2d8">
         <name>.kernelTEXT</name>
         <load_address>0x3dac</load_address>
         <run_address>0x3dac</run_address>
         <size>0x818</size>
         <input_file_ref idref="fl-23"/>
      </object_component>
      <object_component id="oc-ad">
         <name>.kernelTEXT</name>
         <load_address>0x45c4</load_address>
         <run_address>0x45c4</run_address>
         <size>0x4b0</size>
         <input_file_ref idref="fl-28"/>
      </object_component>
      <object_component id="oc-305">
         <name>.kernelTEXT</name>
         <load_address>0x4a74</load_address>
         <run_address>0x4a74</run_address>
         <size>0x3dc</size>
         <input_file_ref idref="fl-27"/>
      </object_component>
      <object_component id="oc-2f9">
         <name>.kernelTEXT</name>
         <load_address>0x4e50</load_address>
         <run_address>0x4e50</run_address>
         <size>0x37c</size>
         <input_file_ref idref="fl-24"/>
      </object_component>
      <object_component id="oc-590">
         <name>.cinit..data.load</name>
         <load_address>0x51e0</load_address>
         <run_address>0x51e0</run_address>
         <size>0x11c</size>
      </object_component>
      <object_component id="oc-58b">
         <name>__TI_handler_table</name>
         <load_address>0x52fc</load_address>
         <run_address>0x52fc</run_address>
         <size>0xc</size>
      </object_component>
      <object_component id="oc-58d">
         <name>.cinit..kernelBSS.load</name>
         <load_address>0x5308</load_address>
         <run_address>0x5308</run_address>
         <size>0x9</size>
      </object_component>
      <object_component id="oc-58f">
         <name>.cinit..bss.load</name>
         <load_address>0x5318</load_address>
         <run_address>0x5318</run_address>
         <size>0x8</size>
      </object_component>
      <object_component id="oc-58e">
         <name>.cinit..kernelHEAP.load</name>
         <load_address>0x5320</load_address>
         <run_address>0x5320</run_address>
         <size>0x8</size>
      </object_component>
      <object_component id="oc-58c">
         <name>__TI_cinit_table</name>
         <load_address>0x5328</load_address>
         <run_address>0x5328</run_address>
         <size>0x20</size>
      </object_component>
      <object_component id="oc-a3">
         <name>.text</name>
         <load_address>0x49a80</load_address>
         <run_address>0x49a80</run_address>
         <size>0x104b4</size>
         <input_file_ref idref="fl-5"/>
      </object_component>
      <object_component id="oc-1cb">
         <name>.text</name>
         <load_address>0x59f34</load_address>
         <run_address>0x59f34</run_address>
         <size>0x1818</size>
         <input_file_ref idref="fl-9"/>
      </object_component>
      <object_component id="oc-316">
         <name>.text</name>
         <load_address>0x5b74c</load_address>
         <run_address>0x5b74c</run_address>
         <size>0xf10</size>
         <input_file_ref idref="fl-4"/>
      </object_component>
      <object_component id="oc-ea">
         <name>.text</name>
         <load_address>0x5c65c</load_address>
         <run_address>0x5c65c</run_address>
         <size>0x9e0</size>
         <input_file_ref idref="fl-14"/>
      </object_component>
      <object_component id="oc-72">
         <name>.text</name>
         <load_address>0x5d03c</load_address>
         <run_address>0x5d03c</run_address>
         <size>0x9ac</size>
         <input_file_ref idref="fl-21"/>
      </object_component>
      <object_component id="oc-13e">
         <name>.text</name>
         <load_address>0x5d9e8</load_address>
         <run_address>0x5d9e8</run_address>
         <size>0x9a0</size>
         <input_file_ref idref="fl-26"/>
      </object_component>
      <object_component id="oc-3f">
         <name>.text</name>
         <load_address>0x5e388</load_address>
         <run_address>0x5e388</run_address>
         <size>0x93c</size>
         <input_file_ref idref="fl-20"/>
      </object_component>
      <object_component id="oc-310">
         <name>.text</name>
         <load_address>0x5ecc4</load_address>
         <run_address>0x5ecc4</run_address>
         <size>0x870</size>
         <input_file_ref idref="fl-15"/>
      </object_component>
      <object_component id="oc-8a">
         <name>.text</name>
         <load_address>0x5f534</load_address>
         <run_address>0x5f534</run_address>
         <size>0x78c</size>
         <input_file_ref idref="fl-d"/>
      </object_component>
      <object_component id="oc-1c5">
         <name>.text</name>
         <load_address>0x5fcc0</load_address>
         <run_address>0x5fcc0</run_address>
         <size>0x6f0</size>
         <input_file_ref idref="fl-12"/>
      </object_component>
      <object_component id="oc-78">
         <name>.text</name>
         <load_address>0x603b0</load_address>
         <run_address>0x603b0</run_address>
         <size>0x664</size>
         <input_file_ref idref="fl-c"/>
      </object_component>
      <object_component id="oc-14a">
         <name>.text</name>
         <load_address>0x60a14</load_address>
         <run_address>0x60a14</run_address>
         <size>0x600</size>
         <input_file_ref idref="fl-2"/>
      </object_component>
      <object_component id="oc-17d">
         <name>.text</name>
         <load_address>0x61014</load_address>
         <run_address>0x61014</run_address>
         <size>0x528</size>
         <input_file_ref idref="fl-7"/>
      </object_component>
      <object_component id="oc-138">
         <name>.text</name>
         <load_address>0x6153c</load_address>
         <run_address>0x6153c</run_address>
         <size>0x484</size>
         <input_file_ref idref="fl-e"/>
      </object_component>
      <object_component id="oc-6d">
         <name>.text</name>
         <load_address>0x619c0</load_address>
         <run_address>0x619c0</run_address>
         <size>0x3c4</size>
         <input_file_ref idref="fl-16"/>
      </object_component>
      <object_component id="oc-90">
         <name>.text</name>
         <load_address>0x61d84</load_address>
         <run_address>0x61d84</run_address>
         <size>0x36c</size>
         <input_file_ref idref="fl-1a"/>
      </object_component>
      <object_component id="oc-3e">
         <name>.text:retain</name>
         <load_address>0x620f0</load_address>
         <run_address>0x620f0</run_address>
         <size>0x33c</size>
         <input_file_ref idref="fl-20"/>
      </object_component>
      <object_component id="oc-427">
         <name>.text</name>
         <load_address>0x6242c</load_address>
         <run_address>0x6242c</run_address>
         <size>0x278</size>
         <input_file_ref idref="fl-24"/>
      </object_component>
      <object_component id="oc-96">
         <name>.text</name>
         <load_address>0x626a4</load_address>
         <run_address>0x626a4</run_address>
         <size>0x268</size>
         <input_file_ref idref="fl-19"/>
      </object_component>
      <object_component id="oc-2ff">
         <name>.text</name>
         <load_address>0x6290c</load_address>
         <run_address>0x6290c</run_address>
         <size>0x238</size>
         <input_file_ref idref="fl-25"/>
      </object_component>
      <object_component id="oc-1d4">
         <name>.text</name>
         <load_address>0x62b44</load_address>
         <run_address>0x62b44</run_address>
         <size>0x1c4</size>
         <input_file_ref idref="fl-f"/>
      </object_component>
      <object_component id="oc-2d">
         <name>.text:retain</name>
         <load_address>0x62d08</load_address>
         <run_address>0x62d08</run_address>
         <size>0x178</size>
         <input_file_ref idref="fl-d"/>
      </object_component>
      <object_component id="oc-2cc">
         <name>.text</name>
         <load_address>0x62e80</load_address>
         <run_address>0x62e80</run_address>
         <size>0x158</size>
         <input_file_ref idref="fl-2a"/>
      </object_component>
      <object_component id="oc-437">
         <name>.text</name>
         <load_address>0x62fd8</load_address>
         <run_address>0x62fd8</run_address>
         <size>0x138</size>
         <input_file_ref idref="fl-27"/>
      </object_component>
      <object_component id="oc-459">
         <name>.text</name>
         <load_address>0x63110</load_address>
         <run_address>0x63110</run_address>
         <size>0x104</size>
         <input_file_ref idref="fl-3"/>
      </object_component>
      <object_component id="oc-448">
         <name>.text:floor</name>
         <load_address>0x63214</load_address>
         <run_address>0x63214</run_address>
         <size>0xe0</size>
         <input_file_ref idref="fl-31"/>
      </object_component>
      <object_component id="oc-1e">
         <name>.text:retain</name>
         <load_address>0x632f4</load_address>
         <run_address>0x632f4</run_address>
         <size>0xd8</size>
         <input_file_ref idref="fl-1f"/>
      </object_component>
      <object_component id="oc-84">
         <name>.text</name>
         <load_address>0x633cc</load_address>
         <run_address>0x633cc</run_address>
         <size>0xa8</size>
         <input_file_ref idref="fl-11"/>
      </object_component>
      <object_component id="oc-24">
         <name>.text:retain</name>
         <load_address>0x63474</load_address>
         <run_address>0x63474</run_address>
         <size>0xa0</size>
         <input_file_ref idref="fl-2"/>
      </object_component>
      <object_component id="oc-55">
         <name>.text</name>
         <load_address>0x63514</load_address>
         <run_address>0x63514</run_address>
         <size>0x9c</size>
         <input_file_ref idref="fl-33"/>
      </object_component>
      <object_component id="oc-e3">
         <name>.text</name>
         <load_address>0x635b0</load_address>
         <run_address>0x635b0</run_address>
         <size>0x7a</size>
         <input_file_ref idref="fl-32"/>
      </object_component>
      <object_component id="oc-11">
         <name>.text:decompress:lzss:__TI_decompress_lzss</name>
         <load_address>0x6362a</load_address>
         <run_address>0x6362a</run_address>
         <size>0x6c</size>
         <input_file_ref idref="fl-3a"/>
      </object_component>
      <object_component id="oc-36a">
         <name>.text</name>
         <load_address>0x63696</load_address>
         <run_address>0x63696</run_address>
         <size>0x2</size>
         <input_file_ref idref="fl-42"/>
      </object_component>
      <object_component id="oc-16e">
         <name>.text</name>
         <load_address>0x63698</load_address>
         <run_address>0x63698</run_address>
         <size>0x54</size>
         <input_file_ref idref="fl-34"/>
      </object_component>
      <object_component id="oc-173">
         <name>.text</name>
         <load_address>0x636ec</load_address>
         <run_address>0x636ec</run_address>
         <size>0x50</size>
         <input_file_ref idref="fl-35"/>
      </object_component>
      <object_component id="oc-108">
         <name>.text:__TI_auto_init_nobinit_nopinit:__TI_auto_init_nobinit_nopinit</name>
         <load_address>0x6373c</load_address>
         <run_address>0x6373c</run_address>
         <size>0x44</size>
         <input_file_ref idref="fl-36"/>
      </object_component>
      <object_component id="oc-453">
         <name>.text:strncmp</name>
         <load_address>0x63780</load_address>
         <run_address>0x63780</run_address>
         <size>0x2a</size>
         <input_file_ref idref="fl-41"/>
      </object_component>
      <object_component id="oc-1bf">
         <name>.text:memcmp</name>
         <load_address>0x637aa</load_address>
         <run_address>0x637aa</run_address>
         <size>0x26</size>
         <input_file_ref idref="fl-3d"/>
      </object_component>
      <object_component id="oc-4e9">
         <name>.text:strcmp</name>
         <load_address>0x637d0</load_address>
         <run_address>0x637d0</run_address>
         <size>0x18</size>
         <input_file_ref idref="fl-3f"/>
      </object_component>
      <object_component id="oc-45f">
         <name>.text:strchr</name>
         <load_address>0x637e8</load_address>
         <run_address>0x637e8</run_address>
         <size>0x16</size>
         <input_file_ref idref="fl-3e"/>
      </object_component>
      <object_component id="oc-19b">
         <name>.text:strlen</name>
         <load_address>0x637fe</load_address>
         <run_address>0x637fe</run_address>
         <size>0x16</size>
         <input_file_ref idref="fl-40"/>
      </object_component>
      <object_component id="oc-17">
         <name>.text:decompress:none:__TI_decompress_none</name>
         <load_address>0x63814</load_address>
         <run_address>0x63814</run_address>
         <size>0xe</size>
         <input_file_ref idref="fl-39"/>
      </object_component>
      <object_component id="oc-67">
         <name>.text:decompress:ZI:__TI_zero_init</name>
         <load_address>0x63822</load_address>
         <run_address>0x63822</run_address>
         <size>0xc</size>
         <input_file_ref idref="fl-38"/>
      </object_component>
      <object_component id="oc-7e">
         <name>.text</name>
         <load_address>0x63830</load_address>
         <run_address>0x63830</run_address>
         <size>0x4</size>
         <input_file_ref idref="fl-1f"/>
      </object_component>
      <object_component id="oc-162">
         <name>.text:abort:abort</name>
         <load_address>0x63834</load_address>
         <run_address>0x63834</run_address>
         <size>0x4</size>
         <input_file_ref idref="fl-3b"/>
      </object_component>
      <object_component id="oc-38">
         <name>.text:retain</name>
         <load_address>0x63838</load_address>
         <run_address>0x63838</run_address>
         <size>0x4</size>
         <input_file_ref idref="fl-1c"/>
      </object_component>
      <object_component id="oc-541">
         <name>.const:.string:data_img_Hercules_block_diagram_gif</name>
         <load_address>0x8020</load_address>
         <run_address>0x8020</run_address>
         <size>0x363f5</size>
         <input_file_ref idref="fl-3"/>
      </object_component>
      <object_component id="oc-52d">
         <name>.const:.string:data_index_html</name>
         <load_address>0x3e415</load_address>
         <run_address>0x3e415</run_address>
         <size>0x7127</size>
         <input_file_ref idref="fl-3"/>
      </object_component>
      <object_component id="oc-51a">
         <name>.const:.string:data_main_css</name>
         <load_address>0x4553c</load_address>
         <run_address>0x4553c</run_address>
         <size>0x293b</size>
         <input_file_ref idref="fl-3"/>
      </object_component>
      <object_component id="oc-537">
         <name>.const:.string:data_img_ti_logo_gif</name>
         <load_address>0x47e77</load_address>
         <run_address>0x47e77</run_address>
         <size>0xd4b</size>
         <input_file_ref idref="fl-3"/>
      </object_component>
      <object_component id="oc-54b">
         <name>.const:.string:data_IE60Fixes_css</name>
         <load_address>0x48bc2</load_address>
         <run_address>0x48bc2</run_address>
         <size>0x777</size>
         <input_file_ref idref="fl-3"/>
      </object_component>
      <object_component id="oc-55c">
         <name>.const:.string:data_404_html</name>
         <load_address>0x49339</load_address>
         <run_address>0x49339</run_address>
         <size>0x289</size>
         <input_file_ref idref="fl-3"/>
      </object_component>
      <object_component id="oc-2a">
         <name>.const:s_vim_init</name>
         <load_address>0x495c4</load_address>
         <run_address>0x495c4</run_address>
         <size>0x200</size>
         <input_file_ref idref="fl-20"/>
      </object_component>
      <object_component id="oc-555">
         <name>.const:.string:data_BreadCrumbs_css</name>
         <load_address>0x497c4</load_address>
         <run_address>0x497c4</run_address>
         <size>0xa0</size>
         <input_file_ref idref="fl-3"/>
      </object_component>
      <object_component id="oc-3b4">
         <name>.const:.string</name>
         <load_address>0x49864</load_address>
         <run_address>0x49864</run_address>
         <size>0x78</size>
         <input_file_ref idref="fl-5"/>
      </object_component>
      <object_component id="oc-4f8">
         <name>.const:.string</name>
         <load_address>0x498dc</load_address>
         <run_address>0x498dc</run_address>
         <size>0x40</size>
         <input_file_ref idref="fl-4"/>
      </object_component>
      <object_component id="oc-1b1">
         <name>.const:tcp_state_str</name>
         <load_address>0x4991c</load_address>
         <run_address>0x4991c</run_address>
         <size>0x2c</size>
         <input_file_ref idref="fl-5"/>
      </object_component>
      <object_component id="oc-468">
         <name>.const:g_psDefaultFilenames</name>
         <load_address>0x49948</load_address>
         <run_address>0x49948</run_address>
         <size>0x28</size>
         <input_file_ref idref="fl-4"/>
      </object_component>
      <object_component id="oc-552">
         <name>.const:file_404_html</name>
         <load_address>0x49970</load_address>
         <run_address>0x49970</run_address>
         <size>0x14</size>
         <input_file_ref idref="fl-3"/>
      </object_component>
      <object_component id="oc-548">
         <name>.const:file_BreadCrumbs_css</name>
         <load_address>0x49984</load_address>
         <run_address>0x49984</run_address>
         <size>0x14</size>
         <input_file_ref idref="fl-3"/>
      </object_component>
      <object_component id="oc-53e">
         <name>.const:file_IE60Fixes_css</name>
         <load_address>0x49998</load_address>
         <run_address>0x49998</run_address>
         <size>0x14</size>
         <input_file_ref idref="fl-3"/>
      </object_component>
      <object_component id="oc-534">
         <name>.const:file_img_Hercules_block_diagram_gif</name>
         <load_address>0x499ac</load_address>
         <run_address>0x499ac</run_address>
         <size>0x14</size>
         <input_file_ref idref="fl-3"/>
      </object_component>
      <object_component id="oc-52a">
         <name>.const:file_img_ti_logo_gif</name>
         <load_address>0x499c0</load_address>
         <run_address>0x499c0</run_address>
         <size>0x14</size>
         <input_file_ref idref="fl-3"/>
      </object_component>
      <object_component id="oc-517">
         <name>.const:file_index_html</name>
         <load_address>0x499d4</load_address>
         <run_address>0x499d4</run_address>
         <size>0x14</size>
         <input_file_ref idref="fl-3"/>
      </object_component>
      <object_component id="oc-4ef">
         <name>.const:file_main_css</name>
         <load_address>0x499e8</load_address>
         <run_address>0x499e8</run_address>
         <size>0x14</size>
         <input_file_ref idref="fl-3"/>
      </object_component>
      <object_component id="oc-18b">
         <name>.const:memp_num</name>
         <load_address>0x499fc</load_address>
         <run_address>0x499fc</run_address>
         <size>0x10</size>
         <input_file_ref idref="fl-5"/>
      </object_component>
      <object_component id="oc-194">
         <name>.const:memp_sizes</name>
         <load_address>0x49a0c</load_address>
         <run_address>0x49a0c</run_address>
         <size>0x10</size>
         <input_file_ref idref="fl-5"/>
      </object_component>
      <object_component id="oc-1a7">
         <name>.const:tcp_pcb_lists</name>
         <load_address>0x49a1c</load_address>
         <run_address>0x49a1c</run_address>
         <size>0x10</size>
         <input_file_ref idref="fl-5"/>
      </object_component>
      <object_component id="oc-1ae">
         <name>.const:.string:tcp_backoff</name>
         <load_address>0x49a2c</load_address>
         <run_address>0x49a2c</run_address>
         <size>0xd</size>
         <input_file_ref idref="fl-5"/>
      </object_component>
      <object_component id="oc-158">
         <name>.const:.string:$P$T0$1</name>
         <load_address>0x49a39</load_address>
         <run_address>0x49a39</run_address>
         <size>0xc</size>
         <input_file_ref idref="fl-19"/>
      </object_component>
      <object_component id="oc-1ab">
         <name>.const:.string:tcp_persist_backoff</name>
         <load_address>0x49a45</load_address>
         <run_address>0x49a45</run_address>
         <size>0x7</size>
         <input_file_ref idref="fl-5"/>
      </object_component>
      <object_component id="oc-1d1">
         <name>.const:ethbroadcast</name>
         <load_address>0x49a4c</load_address>
         <run_address>0x49a4c</run_address>
         <size>0x6</size>
         <input_file_ref idref="fl-5"/>
      </object_component>
      <object_component id="oc-1da">
         <name>.const:ethzero</name>
         <load_address>0x49a52</load_address>
         <run_address>0x49a52</run_address>
         <size>0x6</size>
         <input_file_ref idref="fl-5"/>
      </object_component>
      <object_component id="oc-329">
         <name>.const:.string:$P$T0$2</name>
         <load_address>0x49a58</load_address>
         <run_address>0x49a58</run_address>
         <size>0x4</size>
         <input_file_ref idref="fl-2"/>
      </object_component>
      <object_component id="oc-32c">
         <name>.const:.string:$P$T1$3</name>
         <load_address>0x49a5c</load_address>
         <run_address>0x49a5c</run_address>
         <size>0x4</size>
         <input_file_ref idref="fl-2"/>
      </object_component>
      <object_component id="oc-32f">
         <name>.const:.string:$P$T2$4</name>
         <load_address>0x49a60</load_address>
         <run_address>0x49a60</run_address>
         <size>0x4</size>
         <input_file_ref idref="fl-2"/>
      </object_component>
      <object_component id="oc-15b">
         <name>.const:ip_addr_any</name>
         <load_address>0x49a64</load_address>
         <run_address>0x49a64</run_address>
         <size>0x4</size>
         <input_file_ref idref="fl-5"/>
      </object_component>
      <object_component id="oc-15e">
         <name>.const:ip_addr_broadcast</name>
         <load_address>0x49a68</load_address>
         <run_address>0x49a68</run_address>
         <size>0x4</size>
         <input_file_ref idref="fl-5"/>
      </object_component>
      <object_component id="oc-24e">
         <name>.kernelBSS:init</name>
         <load_address>0x8008120</load_address>
         <run_address>0x8008120</run_address>
         <size>0x34</size>
         <input_file_ref idref="fl-2a"/>
      </object_component>
      <object_component id="oc-30b">
         <name>.kernelBSS:uninit</name>
         <load_address>0x8008000</load_address>
         <run_address>0x8008000</run_address>
         <size>0x120</size>
         <input_file_ref idref="fl-2a"/>
      </object_component>
      <object_component id="oc-4be">
         <name>.kernelHEAP</name>
         <uninitialized>true</uninitialized>
         <run_address>0x801b8e4</run_address>
         <size>0x4000</size>
         <input_file_ref idref="fl-24"/>
      </object_component>
      <object_component id="oc-31c">
         <name>.bss</name>
         <uninitialized>true</uninitialized>
         <run_address>0x801b898</run_address>
         <size>0x4</size>
         <input_file_ref idref="fl-2"/>
      </object_component>
      <object_component id="oc-465">
         <name>.bss:httpd_req_buf</name>
         <uninitialized>true</uninitialized>
         <run_address>0x801b0cc</run_address>
         <size>0x400</size>
         <input_file_ref idref="fl-4"/>
      </object_component>
      <object_component id="oc-186">
         <name>.bss</name>
         <uninitialized>true</uninitialized>
         <run_address>0x801b7a4</run_address>
         <size>0x37</size>
         <input_file_ref idref="fl-5"/>
      </object_component>
      <object_component id="oc-191">
         <name>.bss:memp_tab</name>
         <uninitialized>true</uninitialized>
         <run_address>0x801b838</run_address>
         <size>0x20</size>
         <input_file_ref idref="fl-5"/>
      </object_component>
      <object_component id="oc-18e">
         <name>.bss:memp_memory</name>
         <uninitialized>true</uninitialized>
         <run_address>0x8010014</run_address>
         <size>0x7594</size>
         <input_file_ref idref="fl-5"/>
      </object_component>
      <object_component id="oc-1b4">
         <name>.bss:inseg</name>
         <uninitialized>true</uninitialized>
         <run_address>0x801b858</run_address>
         <size>0x10</size>
         <input_file_ref idref="fl-5"/>
      </object_component>
      <object_component id="oc-1bc">
         <name>.bss:arp_table</name>
         <uninitialized>true</uninitialized>
         <run_address>0x801b5b8</run_address>
         <size>0xc8</size>
         <input_file_ref idref="fl-5"/>
      </object_component>
      <object_component id="oc-1dd">
         <name>.bss:hdkif_data</name>
         <uninitialized>true</uninitialized>
         <run_address>0x801b724</run_address>
         <size>0x44</size>
         <input_file_ref idref="fl-5"/>
      </object_component>
      <object_component id="oc-1f8">
         <name>.bss:locatorData</name>
         <uninitialized>true</uninitialized>
         <run_address>0x801b680</run_address>
         <size>0x54</size>
         <input_file_ref idref="fl-5"/>
      </object_component>
      <object_component id="oc-1fb">
         <name>.bss:hdkNetIF</name>
         <uninitialized>true</uninitialized>
         <run_address>0x801b7dc</run_address>
         <size>0x34</size>
         <input_file_ref idref="fl-5"/>
      </object_component>
      <object_component id="oc-1bb">
         <name>.bss:str$3</name>
         <uninitialized>true</uninitialized>
         <run_address>0x801b868</run_address>
         <size>0x10</size>
         <input_file_ref idref="fl-5"/>
      </object_component>
      <object_component id="oc-39b">
         <name>.bss</name>
         <uninitialized>true</uninitialized>
         <run_address>0x801b878</run_address>
         <size>0xc</size>
         <input_file_ref idref="fl-7"/>
      </object_component>
      <object_component id="oc-3c4">
         <name>.bss:pbuf_array</name>
         <uninitialized>true</uninitialized>
         <run_address>0x80175a8</run_address>
         <size>0x3b24</size>
         <input_file_ref idref="fl-9"/>
      </object_component>
      <object_component id="oc-44e">
         <name>.bss:g_sciTransfer_t</name>
         <uninitialized>true</uninitialized>
         <run_address>0x801b6d4</run_address>
         <size>0x50</size>
         <input_file_ref idref="fl-15"/>
      </object_component>
      <object_component id="oc-430">
         <name>.bss:xStart</name>
         <uninitialized>true</uninitialized>
         <run_address>0x801b890</run_address>
         <size>0x8</size>
         <input_file_ref idref="fl-24"/>
      </object_component>
      <object_component id="oc-335">
         <name>.common:txtIPAddrItoA</name>
         <uninitialized>true</uninitialized>
         <run_address>0x801b8d0</run_address>
         <size>0x4</size>
      </object_component>
      <object_component id="oc-17b">
         <name>.common:dhcp_rx_options_val</name>
         <uninitialized>true</uninitialized>
         <run_address>0x801b810</run_address>
         <size>0x28</size>
      </object_component>
      <object_component id="oc-178">
         <name>.common:dhcp_rx_options_given</name>
         <uninitialized>true</uninitialized>
         <run_address>0x801b884</run_address>
         <size>0xc</size>
      </object_component>
      <object_component id="oc-189">
         <name>.common:ram_heap</name>
         <uninitialized>true</uninitialized>
         <run_address>0x8008800</run_address>
         <size>0x7814</size>
      </object_component>
      <object_component id="oc-17c">
         <name>.common:netif_list</name>
         <uninitialized>true</uninitialized>
         <run_address>0x801b8b0</run_address>
         <size>0x4</size>
      </object_component>
      <object_component id="oc-197">
         <name>.common:netif_default</name>
         <uninitialized>true</uninitialized>
         <run_address>0x801b8ac</run_address>
         <size>0x4</size>
      </object_component>
      <object_component id="oc-19a">
         <name>.common:pbuf_free_ooseq_pending</name>
         <uninitialized>true</uninitialized>
         <run_address>0x801b5b6</run_address>
         <size>0x1</size>
      </object_component>
      <object_component id="oc-18a">
         <name>.common:lwip_stats</name>
         <uninitialized>true</uninitialized>
         <run_address>0x801b4cc</run_address>
         <size>0xea</size>
      </object_component>
      <object_component id="oc-1aa">
         <name>.common:tcp_ticks</name>
         <uninitialized>true</uninitialized>
         <run_address>0x801b8c4</run_address>
         <size>0x4</size>
      </object_component>
      <object_component id="oc-1a6">
         <name>.common:tcp_bound_pcbs</name>
         <uninitialized>true</uninitialized>
         <run_address>0x801b8b8</run_address>
         <size>0x4</size>
      </object_component>
      <object_component id="oc-199">
         <name>.common:tcp_listen_pcbs</name>
         <uninitialized>true</uninitialized>
         <run_address>0x801b8c0</run_address>
         <size>0x4</size>
      </object_component>
      <object_component id="oc-198">
         <name>.common:tcp_active_pcbs</name>
         <uninitialized>true</uninitialized>
         <run_address>0x801b8b4</run_address>
         <size>0x4</size>
      </object_component>
      <object_component id="oc-1a5">
         <name>.common:tcp_tw_pcbs</name>
         <uninitialized>true</uninitialized>
         <run_address>0x801b8cc</run_address>
         <size>0x4</size>
      </object_component>
      <object_component id="oc-1a3">
         <name>.common:tcp_tmp_pcb</name>
         <uninitialized>true</uninitialized>
         <run_address>0x801b8c8</run_address>
         <size>0x4</size>
      </object_component>
      <object_component id="oc-1a4">
         <name>.common:tcp_active_pcbs_changed</name>
         <uninitialized>true</uninitialized>
         <run_address>0x801b5b7</run_address>
         <size>0x1</size>
      </object_component>
      <object_component id="oc-1b7">
         <name>.common:tcp_input_pcb</name>
         <uninitialized>true</uninitialized>
         <run_address>0x801b8bc</run_address>
         <size>0x4</size>
      </object_component>
      <object_component id="oc-1b8">
         <name>.common:udp_pcbs</name>
         <uninitialized>true</uninitialized>
         <run_address>0x801b8d4</run_address>
         <size>0x4</size>
      </object_component>
      <object_component id="oc-1b9">
         <name>.common:current_netif</name>
         <uninitialized>true</uninitialized>
         <run_address>0x801b8a8</run_address>
         <size>0x4</size>
      </object_component>
      <object_component id="oc-1ba">
         <name>.common:current_header</name>
         <uninitialized>true</uninitialized>
         <run_address>0x801b89c</run_address>
         <size>0x4</size>
      </object_component>
      <object_component id="oc-1a2">
         <name>.common:current_iphdr_src</name>
         <uninitialized>true</uninitialized>
         <run_address>0x801b8a4</run_address>
         <size>0x4</size>
      </object_component>
      <object_component id="oc-1a1">
         <name>.common:current_iphdr_dest</name>
         <uninitialized>true</uninitialized>
         <run_address>0x801b8a0</run_address>
         <size>0x4</size>
      </object_component>
      <object_component id="oc-3c7">
         <name>.common:hdkif_data</name>
         <uninitialized>true</uninitialized>
         <run_address>0x801b768</run_address>
         <size>0x3c</size>
      </object_component>
      <object_component id="oc-150">
         <name>.common:xTask1Handle</name>
         <uninitialized>true</uninitialized>
         <run_address>0x801b8d8</run_address>
         <size>0x4</size>
      </object_component>
      <object_component id="oc-153">
         <name>.common:xTask2Handle</name>
         <uninitialized>true</uninitialized>
         <run_address>0x801b8dc</run_address>
         <size>0x4</size>
      </object_component>
      <object_component id="oc-154">
         <name>.common:xTask3Handle</name>
         <uninitialized>true</uninitialized>
         <run_address>0x801b8e0</run_address>
         <size>0x4</size>
      </object_component>
      <object_component id="oc-31d">
         <name>.data:txtCRLF</name>
         <load_address>0x801fa26</load_address>
         <run_address>0x801fa26</run_address>
         <size>0x2</size>
         <input_file_ref idref="fl-2"/>
      </object_component>
      <object_component id="oc-320">
         <name>.data:txtTitle</name>
         <load_address>0x801f9b1</load_address>
         <run_address>0x801f9b1</run_address>
         <size>0x1a</size>
         <input_file_ref idref="fl-2"/>
      </object_component>
      <object_component id="oc-323">
         <name>.data:txtTI</name>
         <load_address>0x801f9f4</load_address>
         <run_address>0x801f9f4</run_address>
         <size>0x12</size>
         <input_file_ref idref="fl-2"/>
      </object_component>
      <object_component id="oc-326">
         <name>.data:txtLittleEndian</name>
         <load_address>0x801f9cb</load_address>
         <run_address>0x801f9cb</run_address>
         <size>0x15</size>
         <input_file_ref idref="fl-2"/>
      </object_component>
      <object_component id="oc-336">
         <name>.data:txtIPAddrTxt</name>
         <load_address>0x801f9e0</load_address>
         <run_address>0x801f9e0</run_address>
         <size>0x14</size>
         <input_file_ref idref="fl-2"/>
      </object_component>
      <object_component id="oc-339">
         <name>.data:txtNote1</name>
         <load_address>0x801f95b</load_address>
         <run_address>0x801f95b</run_address>
         <size>0x1f</size>
         <input_file_ref idref="fl-2"/>
      </object_component>
      <object_component id="oc-332">
         <name>.data:txtErrorInit</name>
         <load_address>0x801f8e4</load_address>
         <run_address>0x801f8e4</run_address>
         <size>0x2e</size>
         <input_file_ref idref="fl-2"/>
      </object_component>
      <object_component id="oc-a9">
         <name>.data</name>
         <load_address>0x801fa34</load_address>
         <run_address>0x801fa34</run_address>
         <size>0x8</size>
         <input_file_ref idref="fl-2"/>
      </object_component>
      <object_component id="oc-183">
         <name>.data</name>
         <load_address>0x801fa28</load_address>
         <run_address>0x801fa28</run_address>
         <size>0xc</size>
         <input_file_ref idref="fl-5"/>
      </object_component>
      <object_component id="oc-1e0">
         <name>.data:txtCRLF2</name>
         <load_address>0x801fa06</load_address>
         <run_address>0x801fa06</run_address>
         <size>0x2</size>
         <input_file_ref idref="fl-5"/>
      </object_component>
      <object_component id="oc-1e9">
         <name>.data:txtSuccess</name>
         <load_address>0x801fa44</load_address>
         <run_address>0x801fa44</run_address>
         <size>0x8</size>
         <input_file_ref idref="fl-5"/>
      </object_component>
      <object_component id="oc-1e6">
         <name>.data:txtProgress</name>
         <load_address>0x801fa52</load_address>
         <run_address>0x801fa52</run_address>
         <size>0x2</size>
         <input_file_ref idref="fl-5"/>
      </object_component>
      <object_component id="oc-1ec">
         <name>.data:txtError</name>
         <load_address>0x801fa18</load_address>
         <run_address>0x801fa18</run_address>
         <size>0xe</size>
         <input_file_ref idref="fl-5"/>
      </object_component>
      <object_component id="oc-1e3">
         <name>.data:txtPhyGetId</name>
         <load_address>0x801f996</load_address>
         <run_address>0x801f996</run_address>
         <size>0x1b</size>
         <input_file_ref idref="fl-5"/>
      </object_component>
      <object_component id="oc-1ef">
         <name>.data:txtPhyGetAlSts</name>
         <load_address>0x801f912</load_address>
         <run_address>0x801f912</run_address>
         <size>0x25</size>
         <input_file_ref idref="fl-5"/>
      </object_component>
      <object_component id="oc-1f2">
         <name>.data:txtPhyGetLnkSts</name>
         <load_address>0x801f937</load_address>
         <run_address>0x801f937</run_address>
         <size>0x24</size>
         <input_file_ref idref="fl-5"/>
      </object_component>
      <object_component id="oc-1f5">
         <name>.data:txtPhySetupLink</name>
         <load_address>0x801f97a</load_address>
         <run_address>0x801f97a</run_address>
         <size>0x1c</size>
         <input_file_ref idref="fl-5"/>
      </object_component>
      <object_component id="oc-155">
         <name>.data:emacAddress</name>
         <load_address>0x801fa4c</load_address>
         <run_address>0x801fa4c</run_address>
         <size>0x6</size>
         <input_file_ref idref="fl-19"/>
      </object_component>
      <object_component id="oc-42d">
         <name>.data</name>
         <load_address>0x801fa08</load_address>
         <run_address>0x801fa08</run_address>
         <size>0x10</size>
         <input_file_ref idref="fl-24"/>
      </object_component>
      <object_component id="oc-251">
         <name>.data</name>
         <load_address>0x801fa3c</load_address>
         <run_address>0x801fa3c</run_address>
         <size>0x8</size>
         <input_file_ref idref="fl-27"/>
      </object_component>
      <object_component id="oc-24c">
         <name>.debug_info</name>
         <load_address>0x0</load_address>
         <run_address>0x0</run_address>
         <size>0x85f</size>
         <input_file_ref idref="fl-2"/>
      </object_component>
      <object_component id="oc-31e">
         <name>.debug_info</name>
         <load_address>0x85f</load_address>
         <run_address>0x85f</run_address>
         <size>0x145</size>
         <input_file_ref idref="fl-2"/>
      </object_component>
      <object_component id="oc-321">
         <name>.debug_info</name>
         <load_address>0x9a4</load_address>
         <run_address>0x9a4</run_address>
         <size>0x147</size>
         <input_file_ref idref="fl-2"/>
      </object_component>
      <object_component id="oc-324">
         <name>.debug_info</name>
         <load_address>0xaeb</load_address>
         <run_address>0xaeb</run_address>
         <size>0x141</size>
         <input_file_ref idref="fl-2"/>
      </object_component>
      <object_component id="oc-327">
         <name>.debug_info</name>
         <load_address>0xc2c</load_address>
         <run_address>0xc2c</run_address>
         <size>0x155</size>
         <input_file_ref idref="fl-2"/>
      </object_component>
      <object_component id="oc-337">
         <name>.debug_info</name>
         <load_address>0xd81</load_address>
         <run_address>0xd81</run_address>
         <size>0x14f</size>
         <input_file_ref idref="fl-2"/>
      </object_component>
      <object_component id="oc-33a">
         <name>.debug_info</name>
         <load_address>0xed0</load_address>
         <run_address>0xed0</run_address>
         <size>0x147</size>
         <input_file_ref idref="fl-2"/>
      </object_component>
      <object_component id="oc-333">
         <name>.debug_info</name>
         <load_address>0x1017</load_address>
         <run_address>0x1017</run_address>
         <size>0x14f</size>
         <input_file_ref idref="fl-2"/>
      </object_component>
      <object_component id="oc-aa">
         <name>.debug_info</name>
         <load_address>0x1166</load_address>
         <run_address>0x1166</run_address>
         <size>0x195</size>
         <input_file_ref idref="fl-2"/>
      </object_component>
      <object_component id="oc-32a">
         <name>.debug_info</name>
         <load_address>0x12fb</load_address>
         <run_address>0x12fb</run_address>
         <size>0x144</size>
         <input_file_ref idref="fl-2"/>
      </object_component>
      <object_component id="oc-32d">
         <name>.debug_info</name>
         <load_address>0x143f</load_address>
         <run_address>0x143f</run_address>
         <size>0x144</size>
         <input_file_ref idref="fl-2"/>
      </object_component>
      <object_component id="oc-330">
         <name>.debug_info</name>
         <load_address>0x1583</load_address>
         <run_address>0x1583</run_address>
         <size>0x144</size>
         <input_file_ref idref="fl-2"/>
      </object_component>
      <object_component id="oc-14b">
         <name>.debug_info</name>
         <load_address>0x16c7</load_address>
         <run_address>0x16c7</run_address>
         <size>0x1058</size>
         <input_file_ref idref="fl-2"/>
      </object_component>
      <object_component id="oc-25">
         <name>.debug_info</name>
         <load_address>0x271f</load_address>
         <run_address>0x271f</run_address>
         <size>0x318</size>
         <input_file_ref idref="fl-2"/>
      </object_component>
      <object_component id="oc-9e">
         <name>.debug_info</name>
         <load_address>0x2a37</load_address>
         <run_address>0x2a37</run_address>
         <size>0x429</size>
         <input_file_ref idref="fl-2"/>
      </object_component>
      <object_component id="oc-22c">
         <name>.debug_info</name>
         <load_address>0x2e60</load_address>
         <run_address>0x2e60</run_address>
         <size>0x12f</size>
         <input_file_ref idref="fl-2"/>
      </object_component>
      <object_component id="oc-222">
         <name>.debug_info</name>
         <load_address>0x2f8f</load_address>
         <run_address>0x2f8f</run_address>
         <size>0x87</size>
         <input_file_ref idref="fl-2"/>
      </object_component>
      <object_component id="oc-257">
         <name>.debug_info</name>
         <load_address>0x3016</load_address>
         <run_address>0x3016</run_address>
         <size>0x26b</size>
         <input_file_ref idref="fl-2"/>
      </object_component>
      <object_component id="oc-b6">
         <name>.debug_info</name>
         <load_address>0x3281</load_address>
         <run_address>0x3281</run_address>
         <size>0x157</size>
         <input_file_ref idref="fl-2"/>
      </object_component>
      <object_component id="oc-c3">
         <name>.debug_info</name>
         <load_address>0x33d8</load_address>
         <run_address>0x33d8</run_address>
         <size>0x8b</size>
         <input_file_ref idref="fl-2"/>
      </object_component>
      <object_component id="oc-3e7">
         <name>.debug_info</name>
         <load_address>0x3463</load_address>
         <run_address>0x3463</run_address>
         <size>0x65a</size>
         <input_file_ref idref="fl-2"/>
      </object_component>
      <object_component id="oc-240">
         <name>.debug_info</name>
         <load_address>0x3abd</load_address>
         <run_address>0x3abd</run_address>
         <size>0x174</size>
         <input_file_ref idref="fl-2"/>
      </object_component>
      <object_component id="oc-344">
         <name>.debug_info</name>
         <load_address>0x3c31</load_address>
         <run_address>0x3c31</run_address>
         <size>0x1b0</size>
         <input_file_ref idref="fl-2"/>
      </object_component>
      <object_component id="oc-3f0">
         <name>.debug_info</name>
         <load_address>0x3de1</load_address>
         <run_address>0x3de1</run_address>
         <size>0x2a4</size>
         <input_file_ref idref="fl-2"/>
      </object_component>
      <object_component id="oc-284">
         <name>.debug_info</name>
         <load_address>0x4085</load_address>
         <run_address>0x4085</run_address>
         <size>0xbb</size>
         <input_file_ref idref="fl-2"/>
      </object_component>
      <object_component id="oc-20e">
         <name>.debug_info</name>
         <load_address>0x4140</load_address>
         <run_address>0x4140</run_address>
         <size>0x7a</size>
         <input_file_ref idref="fl-2"/>
      </object_component>
      <object_component id="oc-204">
         <name>.debug_info</name>
         <load_address>0x41ba</load_address>
         <run_address>0x41ba</run_address>
         <size>0x2c</size>
         <input_file_ref idref="fl-2"/>
      </object_component>
      <object_component id="oc-21d">
         <name>.debug_info</name>
         <load_address>0x41e6</load_address>
         <run_address>0x41e6</run_address>
         <size>0x2c</size>
         <input_file_ref idref="fl-2"/>
      </object_component>
      <object_component id="oc-c8">
         <name>.debug_info</name>
         <load_address>0x4212</load_address>
         <run_address>0x4212</run_address>
         <size>0x86</size>
         <input_file_ref idref="fl-2"/>
      </object_component>
      <object_component id="oc-25c">
         <name>.debug_info</name>
         <load_address>0x4298</load_address>
         <run_address>0x4298</run_address>
         <size>0x102</size>
         <input_file_ref idref="fl-2"/>
      </object_component>
      <object_component id="oc-2aa">
         <name>.debug_info</name>
         <load_address>0x439a</load_address>
         <run_address>0x439a</run_address>
         <size>0x515</size>
         <input_file_ref idref="fl-2"/>
      </object_component>
      <object_component id="oc-266">
         <name>.debug_info</name>
         <load_address>0x48af</load_address>
         <run_address>0x48af</run_address>
         <size>0x44a</size>
         <input_file_ref idref="fl-2"/>
      </object_component>
      <object_component id="oc-26b">
         <name>.debug_info</name>
         <load_address>0x4cf9</load_address>
         <run_address>0x4cf9</run_address>
         <size>0x1f9</size>
         <input_file_ref idref="fl-2"/>
      </object_component>
      <object_component id="oc-218">
         <name>.debug_info</name>
         <load_address>0x4ef2</load_address>
         <run_address>0x4ef2</run_address>
         <size>0xf5</size>
         <input_file_ref idref="fl-2"/>
      </object_component>
      <object_component id="oc-33d">
         <name>.debug_info</name>
         <load_address>0x4fe7</load_address>
         <run_address>0x4fe7</run_address>
         <size>0x41</size>
         <input_file_ref idref="fl-2"/>
      </object_component>
      <object_component id="oc-1ff">
         <name>.debug_info</name>
         <load_address>0x5028</load_address>
         <run_address>0x5028</run_address>
         <size>0x9f</size>
         <input_file_ref idref="fl-2"/>
      </object_component>
      <object_component id="oc-37d">
         <name>.debug_info</name>
         <load_address>0x50c7</load_address>
         <run_address>0x50c7</run_address>
         <size>0x167</size>
         <input_file_ref idref="fl-2"/>
      </object_component>
      <object_component id="oc-270">
         <name>.debug_info</name>
         <load_address>0x522e</load_address>
         <run_address>0x522e</run_address>
         <size>0x152</size>
         <input_file_ref idref="fl-2"/>
      </object_component>
      <object_component id="oc-3bf">
         <name>.debug_info</name>
         <load_address>0x5380</load_address>
         <run_address>0x5380</run_address>
         <size>0x4c</size>
         <input_file_ref idref="fl-2"/>
      </object_component>
      <object_component id="oc-2b4">
         <name>.debug_info</name>
         <load_address>0x53cc</load_address>
         <run_address>0x53cc</run_address>
         <size>0x243</size>
         <input_file_ref idref="fl-2"/>
      </object_component>
      <object_component id="oc-4e2">
         <name>.debug_info</name>
         <load_address>0x560f</load_address>
         <run_address>0x560f</run_address>
         <size>0x18e</size>
         <input_file_ref idref="fl-2"/>
      </object_component>
      <object_component id="oc-38c">
         <name>.debug_info</name>
         <load_address>0x579d</load_address>
         <run_address>0x579d</run_address>
         <size>0x3f9</size>
         <input_file_ref idref="fl-2"/>
      </object_component>
      <object_component id="oc-275">
         <name>.debug_info</name>
         <load_address>0x5b96</load_address>
         <run_address>0x5b96</run_address>
         <size>0x70a</size>
         <input_file_ref idref="fl-2"/>
      </object_component>
      <object_component id="oc-4f3">
         <name>.debug_info</name>
         <load_address>0x62a0</load_address>
         <run_address>0x62a0</run_address>
         <size>0x39a</size>
         <input_file_ref idref="fl-3"/>
      </object_component>
      <object_component id="oc-55d">
         <name>.debug_info</name>
         <load_address>0x663a</load_address>
         <run_address>0x663a</run_address>
         <size>0x158</size>
         <input_file_ref idref="fl-3"/>
      </object_component>
      <object_component id="oc-556">
         <name>.debug_info</name>
         <load_address>0x6792</load_address>
         <run_address>0x6792</run_address>
         <size>0x166</size>
         <input_file_ref idref="fl-3"/>
      </object_component>
      <object_component id="oc-54c">
         <name>.debug_info</name>
         <load_address>0x68f8</load_address>
         <run_address>0x68f8</run_address>
         <size>0x162</size>
         <input_file_ref idref="fl-3"/>
      </object_component>
      <object_component id="oc-542">
         <name>.debug_info</name>
         <load_address>0x6a5a</load_address>
         <run_address>0x6a5a</run_address>
         <size>0x185</size>
         <input_file_ref idref="fl-3"/>
      </object_component>
      <object_component id="oc-538">
         <name>.debug_info</name>
         <load_address>0x6bdf</load_address>
         <run_address>0x6bdf</run_address>
         <size>0x167</size>
         <input_file_ref idref="fl-3"/>
      </object_component>
      <object_component id="oc-52e">
         <name>.debug_info</name>
         <load_address>0x6d46</load_address>
         <run_address>0x6d46</run_address>
         <size>0x15d</size>
         <input_file_ref idref="fl-3"/>
      </object_component>
      <object_component id="oc-51b">
         <name>.debug_info</name>
         <load_address>0x6ea3</load_address>
         <run_address>0x6ea3</run_address>
         <size>0x159</size>
         <input_file_ref idref="fl-3"/>
      </object_component>
      <object_component id="oc-553">
         <name>.debug_info</name>
         <load_address>0x6ffc</load_address>
         <run_address>0x6ffc</run_address>
         <size>0x15a</size>
         <input_file_ref idref="fl-3"/>
      </object_component>
      <object_component id="oc-549">
         <name>.debug_info</name>
         <load_address>0x7156</load_address>
         <run_address>0x7156</run_address>
         <size>0x168</size>
         <input_file_ref idref="fl-3"/>
      </object_component>
      <object_component id="oc-53f">
         <name>.debug_info</name>
         <load_address>0x72be</load_address>
         <run_address>0x72be</run_address>
         <size>0x164</size>
         <input_file_ref idref="fl-3"/>
      </object_component>
      <object_component id="oc-535">
         <name>.debug_info</name>
         <load_address>0x7422</load_address>
         <run_address>0x7422</run_address>
         <size>0x186</size>
         <input_file_ref idref="fl-3"/>
      </object_component>
      <object_component id="oc-52b">
         <name>.debug_info</name>
         <load_address>0x75a8</load_address>
         <run_address>0x75a8</run_address>
         <size>0x168</size>
         <input_file_ref idref="fl-3"/>
      </object_component>
      <object_component id="oc-518">
         <name>.debug_info</name>
         <load_address>0x7710</load_address>
         <run_address>0x7710</run_address>
         <size>0x15e</size>
         <input_file_ref idref="fl-3"/>
      </object_component>
      <object_component id="oc-4f0">
         <name>.debug_info</name>
         <load_address>0x786e</load_address>
         <run_address>0x786e</run_address>
         <size>0x15a</size>
         <input_file_ref idref="fl-3"/>
      </object_component>
      <object_component id="oc-45a">
         <name>.debug_info</name>
         <load_address>0x79c8</load_address>
         <run_address>0x79c8</run_address>
         <size>0x494</size>
         <input_file_ref idref="fl-3"/>
      </object_component>
      <object_component id="oc-50">
         <name>.debug_info</name>
         <load_address>0x7e5c</load_address>
         <run_address>0x7e5c</run_address>
         <size>0x84</size>
         <input_file_ref idref="fl-3"/>
      </object_component>
      <object_component id="oc-231">
         <name>.debug_info</name>
         <load_address>0x7ee0</load_address>
         <run_address>0x7ee0</run_address>
         <size>0x2c</size>
         <input_file_ref idref="fl-3"/>
      </object_component>
      <object_component id="oc-502">
         <name>.debug_info</name>
         <load_address>0x7f0c</load_address>
         <run_address>0x7f0c</run_address>
         <size>0x91</size>
         <input_file_ref idref="fl-3"/>
      </object_component>
      <object_component id="oc-521">
         <name>.debug_info</name>
         <load_address>0x7f9d</load_address>
         <run_address>0x7f9d</run_address>
         <size>0x91</size>
         <input_file_ref idref="fl-3"/>
      </object_component>
      <object_component id="oc-46c">
         <name>.debug_info</name>
         <load_address>0x802e</load_address>
         <run_address>0x802e</run_address>
         <size>0x9d2</size>
         <input_file_ref idref="fl-4"/>
      </object_component>
      <object_component id="oc-469">
         <name>.debug_info</name>
         <load_address>0x8a00</load_address>
         <run_address>0x8a00</run_address>
         <size>0x16b</size>
         <input_file_ref idref="fl-4"/>
      </object_component>
      <object_component id="oc-466">
         <name>.debug_info</name>
         <load_address>0x8b6b</load_address>
         <run_address>0x8b6b</run_address>
         <size>0x15c</size>
         <input_file_ref idref="fl-4"/>
      </object_component>
      <object_component id="oc-317">
         <name>.debug_info</name>
         <load_address>0x8cc7</load_address>
         <run_address>0x8cc7</run_address>
         <size>0x2671</size>
         <input_file_ref idref="fl-4"/>
      </object_component>
      <object_component id="oc-4fd">
         <name>.debug_info</name>
         <load_address>0xb338</load_address>
         <run_address>0xb338</run_address>
         <size>0x104</size>
         <input_file_ref idref="fl-4"/>
      </object_component>
      <object_component id="oc-179">
         <name>.debug_info</name>
         <load_address>0xb43c</load_address>
         <run_address>0xb43c</run_address>
         <size>0x13fc</size>
         <input_file_ref idref="fl-5"/>
      </object_component>
      <object_component id="oc-187">
         <name>.debug_info</name>
         <load_address>0xc838</load_address>
         <run_address>0xc838</run_address>
         <size>0x33b</size>
         <input_file_ref idref="fl-5"/>
      </object_component>
      <object_component id="oc-192">
         <name>.debug_info</name>
         <load_address>0xcb73</load_address>
         <run_address>0xcb73</run_address>
         <size>0x149</size>
         <input_file_ref idref="fl-5"/>
      </object_component>
      <object_component id="oc-195">
         <name>.debug_info</name>
         <load_address>0xccbc</load_address>
         <run_address>0xccbc</run_address>
         <size>0x14d</size>
         <input_file_ref idref="fl-5"/>
      </object_component>
      <object_component id="oc-18c">
         <name>.debug_info</name>
         <load_address>0xce09</load_address>
         <run_address>0xce09</run_address>
         <size>0x149</size>
         <input_file_ref idref="fl-5"/>
      </object_component>
      <object_component id="oc-18f">
         <name>.debug_info</name>
         <load_address>0xcf52</load_address>
         <run_address>0xcf52</run_address>
         <size>0x14f</size>
         <input_file_ref idref="fl-5"/>
      </object_component>
      <object_component id="oc-1b2">
         <name>.debug_info</name>
         <load_address>0xd0a1</load_address>
         <run_address>0xd0a1</run_address>
         <size>0x154</size>
         <input_file_ref idref="fl-5"/>
      </object_component>
      <object_component id="oc-184">
         <name>.debug_info</name>
         <load_address>0xd1f5</load_address>
         <run_address>0xd1f5</run_address>
         <size>0x169</size>
         <input_file_ref idref="fl-5"/>
      </object_component>
      <object_component id="oc-1af">
         <name>.debug_info</name>
         <load_address>0xd35e</load_address>
         <run_address>0xd35e</run_address>
         <size>0x150</size>
         <input_file_ref idref="fl-5"/>
      </object_component>
      <object_component id="oc-1ac">
         <name>.debug_info</name>
         <load_address>0xd4ae</load_address>
         <run_address>0xd4ae</run_address>
         <size>0x160</size>
         <input_file_ref idref="fl-5"/>
      </object_component>
      <object_component id="oc-1a8">
         <name>.debug_info</name>
         <load_address>0xd60e</load_address>
         <run_address>0xd60e</run_address>
         <size>0x154</size>
         <input_file_ref idref="fl-5"/>
      </object_component>
      <object_component id="oc-1b5">
         <name>.debug_info</name>
         <load_address>0xd762</load_address>
         <run_address>0xd762</run_address>
         <size>0x143</size>
         <input_file_ref idref="fl-5"/>
      </object_component>
      <object_component id="oc-15c">
         <name>.debug_info</name>
         <load_address>0xd8a5</load_address>
         <run_address>0xd8a5</run_address>
         <size>0x150</size>
         <input_file_ref idref="fl-5"/>
      </object_component>
      <object_component id="oc-15f">
         <name>.debug_info</name>
         <load_address>0xd9f5</load_address>
         <run_address>0xd9f5</run_address>
         <size>0x15c</size>
         <input_file_ref idref="fl-5"/>
      </object_component>
      <object_component id="oc-1d2">
         <name>.debug_info</name>
         <load_address>0xdb51</load_address>
         <run_address>0xdb51</run_address>
         <size>0x152</size>
         <input_file_ref idref="fl-5"/>
      </object_component>
      <object_component id="oc-1db">
         <name>.debug_info</name>
         <load_address>0xdca3</load_address>
         <run_address>0xdca3</run_address>
         <size>0x148</size>
         <input_file_ref idref="fl-5"/>
      </object_component>
      <object_component id="oc-1bd">
         <name>.debug_info</name>
         <load_address>0xddeb</load_address>
         <run_address>0xddeb</run_address>
         <size>0x14b</size>
         <input_file_ref idref="fl-5"/>
      </object_component>
      <object_component id="oc-1de">
         <name>.debug_info</name>
         <load_address>0xdf36</load_address>
         <run_address>0xdf36</run_address>
         <size>0x14d</size>
         <input_file_ref idref="fl-5"/>
      </object_component>
      <object_component id="oc-1e1">
         <name>.debug_info</name>
         <load_address>0xe083</load_address>
         <run_address>0xe083</run_address>
         <size>0x14a</size>
         <input_file_ref idref="fl-5"/>
      </object_component>
      <object_component id="oc-1ea">
         <name>.debug_info</name>
         <load_address>0xe1cd</load_address>
         <run_address>0xe1cd</run_address>
         <size>0x14e</size>
         <input_file_ref idref="fl-5"/>
      </object_component>
      <object_component id="oc-1e7">
         <name>.debug_info</name>
         <load_address>0xe31b</load_address>
         <run_address>0xe31b</run_address>
         <size>0x150</size>
         <input_file_ref idref="fl-5"/>
      </object_component>
      <object_component id="oc-1ed">
         <name>.debug_info</name>
         <load_address>0xe46b</load_address>
         <run_address>0xe46b</run_address>
         <size>0x14a</size>
         <input_file_ref idref="fl-5"/>
      </object_component>
      <object_component id="oc-1e4">
         <name>.debug_info</name>
         <load_address>0xe5b5</load_address>
         <run_address>0xe5b5</run_address>
         <size>0x150</size>
         <input_file_ref idref="fl-5"/>
      </object_component>
      <object_component id="oc-1f0">
         <name>.debug_info</name>
         <load_address>0xe705</load_address>
         <run_address>0xe705</run_address>
         <size>0x156</size>
         <input_file_ref idref="fl-5"/>
      </object_component>
      <object_component id="oc-1f3">
         <name>.debug_info</name>
         <load_address>0xe85b</load_address>
         <run_address>0xe85b</run_address>
         <size>0x158</size>
         <input_file_ref idref="fl-5"/>
      </object_component>
      <object_component id="oc-1f6">
         <name>.debug_info</name>
         <load_address>0xe9b3</load_address>
         <run_address>0xe9b3</run_address>
         <size>0x158</size>
         <input_file_ref idref="fl-5"/>
      </object_component>
      <object_component id="oc-1f9">
         <name>.debug_info</name>
         <load_address>0xeb0b</load_address>
         <run_address>0xeb0b</run_address>
         <size>0x14f</size>
         <input_file_ref idref="fl-5"/>
      </object_component>
      <object_component id="oc-1fc">
         <name>.debug_info</name>
         <load_address>0xec5a</load_address>
         <run_address>0xec5a</run_address>
         <size>0x149</size>
         <input_file_ref idref="fl-5"/>
      </object_component>
      <object_component id="oc-a4">
         <name>.debug_info</name>
         <load_address>0xeda3</load_address>
         <run_address>0xeda3</run_address>
         <size>0x15263</size>
         <input_file_ref idref="fl-5"/>
      </object_component>
      <object_component id="oc-391">
         <name>.debug_info</name>
         <load_address>0x24006</load_address>
         <run_address>0x24006</run_address>
         <size>0x8a</size>
         <input_file_ref idref="fl-5"/>
      </object_component>
      <object_component id="oc-23b">
         <name>.debug_info</name>
         <load_address>0x24090</load_address>
         <run_address>0x24090</run_address>
         <size>0x651</size>
         <input_file_ref idref="fl-5"/>
      </object_component>
      <object_component id="oc-227">
         <name>.debug_info</name>
         <load_address>0x246e1</load_address>
         <run_address>0x246e1</run_address>
         <size>0x1a7</size>
         <input_file_ref idref="fl-5"/>
      </object_component>
      <object_component id="oc-236">
         <name>.debug_info</name>
         <load_address>0x24888</load_address>
         <run_address>0x24888</run_address>
         <size>0xee</size>
         <input_file_ref idref="fl-5"/>
      </object_component>
      <object_component id="oc-209">
         <name>.debug_info</name>
         <load_address>0x24976</load_address>
         <run_address>0x24976</run_address>
         <size>0x2c</size>
         <input_file_ref idref="fl-5"/>
      </object_component>
      <object_component id="oc-213">
         <name>.debug_info</name>
         <load_address>0x249a2</load_address>
         <run_address>0x249a2</run_address>
         <size>0x2fa</size>
         <input_file_ref idref="fl-5"/>
      </object_component>
      <object_component id="oc-373">
         <name>.debug_info</name>
         <load_address>0x24c9c</load_address>
         <run_address>0x24c9c</run_address>
         <size>0x295</size>
         <input_file_ref idref="fl-5"/>
      </object_component>
      <object_component id="oc-245">
         <name>.debug_info</name>
         <load_address>0x24f31</load_address>
         <run_address>0x24f31</run_address>
         <size>0x14d</size>
         <input_file_ref idref="fl-5"/>
      </object_component>
      <object_component id="oc-378">
         <name>.debug_info</name>
         <load_address>0x2507e</load_address>
         <run_address>0x2507e</run_address>
         <size>0xd7</size>
         <input_file_ref idref="fl-5"/>
      </object_component>
      <object_component id="oc-382">
         <name>.debug_info</name>
         <load_address>0x25155</load_address>
         <run_address>0x25155</run_address>
         <size>0x69</size>
         <input_file_ref idref="fl-5"/>
      </object_component>
      <object_component id="oc-387">
         <name>.debug_info</name>
         <load_address>0x251be</load_address>
         <run_address>0x251be</run_address>
         <size>0x41</size>
         <input_file_ref idref="fl-5"/>
      </object_component>
      <object_component id="oc-396">
         <name>.debug_info</name>
         <load_address>0x251ff</load_address>
         <run_address>0x251ff</run_address>
         <size>0x17e</size>
         <input_file_ref idref="fl-5"/>
      </object_component>
      <object_component id="oc-39f">
         <name>.debug_info</name>
         <load_address>0x2537d</load_address>
         <run_address>0x2537d</run_address>
         <size>0x674</size>
         <input_file_ref idref="fl-7"/>
      </object_component>
      <object_component id="oc-39c">
         <name>.debug_info</name>
         <load_address>0x259f1</load_address>
         <run_address>0x259f1</run_address>
         <size>0x1bf</size>
         <input_file_ref idref="fl-7"/>
      </object_component>
[...]
         <name>MPU_vTaskDelete</name>
         <value>0x5dac4</value>
         <object_component_ref idref="oc-13e"/>
      </symbol>
      <symbol id="sm-12dc">
         <name>MPU_xTaskResumeAll</name>
         <value>0x5dc9c</value>
         <object_component_ref idref="oc-13e"/>
      </symbol>
      <symbol id="sm-12dd">
         <name>MPU_xEventGroupCreate</name>
         <value>0x5e1f8</value>
         <object_component_ref idref="oc-13e"/>
      </symbol>
      <symbol id="sm-12de">
         <name>MPU_vTaskDelay</name>
         <value>0x5daf0</value>
         <object_component_ref idref="oc-13e"/>
      </symbol>
      <symbol id="sm-12df">
         <name>MPU_xTaskNotifyStateClear</name>
         <value>0x5df5c</value>
         <object_component_ref idref="oc-13e"/>
      </symbol>
      <symbol id="sm-12e0">
         <name>MPU_ulTaskNotifyTake</name>
         <value>0x5df18</value>
         <object_component_ref idref="oc-13e"/>
      </symbol>
      <symbol id="sm-12e1">
         <name>MPU_xQueueGenericCreate</name>
         <value>0x5e168</value>
         <object_component_ref idref="oc-13e"/>
      </symbol>
      <symbol id="sm-12e2">
         <name>MPU_xTaskCheckForTimeOut</name>
         <value>0x5dfbc</value>
         <object_component_ref idref="oc-13e"/>
      </symbol>
      <symbol id="sm-12e3">
         <name>MPU_eTaskGetState</name>
         <value>0x5dbb8</value>
         <object_component_ref idref="oc-13e"/>
      </symbol>
      <symbol id="sm-12e4">
         <name>MPU_vTaskSuspendAll</name>
         <value>0x5dc78</value>
         <object_component_ref idref="oc-13e"/>
      </symbol>
      <symbol id="sm-12e5">
         <name>MPU_xTaskGetIdleTaskHandle</name>
         <value>0x5de44</value>
         <object_component_ref idref="oc-13e"/>
      </symbol>
      <symbol id="sm-12e6">
         <name>MPU_vTaskSetThreadLocalStoragePointer</name>
         <value>0x5ddbc</value>
         <object_component_ref idref="oc-13e"/>
      </symbol>
      <symbol id="sm-1327">
         <name>vPortStoreTaskMPUSettings</name>
         <value>0x4b88</value>
         <object_component_ref idref="oc-305"/>
      </symbol>
      <symbol id="sm-1328">
         <name>ulTaskHasFPUContext</name>
         <value>0x801fa40</value>
         <object_component_ref idref="oc-251"/>
      </symbol>
      <symbol id="sm-1329">
         <name>vPortEndScheduler</name>
         <value>0x4e1c</value>
         <object_component_ref idref="oc-305"/>
      </symbol>
      <symbol id="sm-132a">
         <name>ulCriticalNesting</name>
         <value>0x801fa3c</value>
         <object_component_ref idref="oc-251"/>
      </symbol>
      <symbol id="sm-132b">
         <name>pxPortInitialiseStack</name>
         <value>0x4a74</value>
         <object_component_ref idref="oc-305"/>
      </symbol>
      <symbol id="sm-132c">
         <name>xPortStartScheduler</name>
         <value>0x4dfc</value>
         <object_component_ref idref="oc-305"/>
      </symbol>
      <symbol id="sm-1347">
         <name>prvMpuSetRegion</name>
         <value>0x4a1c</value>
         <object_component_ref idref="oc-ad"/>
      </symbol>
      <symbol id="sm-1348">
         <name>vPortStartFirstTask</name>
         <value>0x45c8</value>
         <object_component_ref idref="oc-ad"/>
      </symbol>
      <symbol id="sm-1349">
         <name>vPortYeildWithinAPI</name>
         <value>0x4744</value>
         <object_component_ref idref="oc-ad"/>
      </symbol>
      <symbol id="sm-134a">
         <name>vPortPreemptiveTick</name>
         <value>0x4838</value>
         <object_component_ref idref="oc-ad"/>
      </symbol>
      <symbol id="sm-134b">
         <name>prvMpuDisable</name>
         <value>0x4a4c</value>
         <object_component_ref idref="oc-ad"/>
      </symbol>
      <symbol id="sm-134c">
         <name>prvMpuEnable</name>
         <value>0x4a34</value>
         <object_component_ref idref="oc-ad"/>
      </symbol>
      <symbol id="sm-134d">
         <name>vPortInitialiseFPSCR</name>
         <value>0x4938</value>
         <object_component_ref idref="oc-ad"/>
      </symbol>
      <symbol id="sm-134e">
         <name>ulPortCountLeadingZeros</name>
         <value>0x4944</value>
         <object_component_ref idref="oc-ad"/>
      </symbol>
      <symbol id="sm-134f">
         <name>vPortYieldProcessor</name>
         <value>0x4658</value>
         <object_component_ref idref="oc-ad"/>
      </symbol>
      <symbol id="sm-1350">
         <name>vPortSWI</name>
         <value>0x494c</value>
         <object_component_ref idref="oc-ad"/>
      </symbol>
      <symbol id="sm-140e">
         <name>xQueuePeekFromISR</name>
         <value>0x37f4</value>
         <object_component_ref idref="oc-2d2"/>
      </symbol>
      <symbol id="sm-140f">
         <name>xQueueIsQueueEmptyFromISR</name>
         <value>0x3cd0</value>
         <object_component_ref idref="oc-2d2"/>
      </symbol>
      <symbol id="sm-1410">
         <name>xQueueGenericSendFromISR</name>
         <value>0x30dc</value>
         <object_component_ref idref="oc-2d2"/>
      </symbol>
      <symbol id="sm-1411">
         <name>uxQueueMessagesWaiting</name>
         <value>0x38e8</value>
         <object_component_ref idref="oc-2d2"/>
      </symbol>
      <symbol id="sm-1412">
         <name>xQueueIsQueueFullFromISR</name>
         <value>0x3d5c</value>
         <object_component_ref idref="oc-2d2"/>
      </symbol>
      <symbol id="sm-1413">
         <name>xQueueGenericCreate</name>
         <value>0x2d00</value>
         <object_component_ref idref="oc-2d2"/>
      </symbol>
      <symbol id="sm-1414">
         <name>xQueueGenericSend</name>
         <value>0x2e1c</value>
         <object_component_ref idref="oc-2d2"/>
      </symbol>
      <symbol id="sm-1415">
         <name>xQueueGenericReset</name>
         <value>0x2bd8</value>
         <object_component_ref idref="oc-2d2"/>
      </symbol>
      <symbol id="sm-1416">
         <name>xQueueReceiveFromISR</name>
         <value>0x36ac</value>
         <object_component_ref idref="oc-2d2"/>
      </symbol>
      <symbol id="sm-1417">
         <name>uxQueueSpacesAvailable</name>
         <value>0x3920</value>
         <object_component_ref idref="oc-2d2"/>
      </symbol>
      <symbol id="sm-1418">
         <name>xQueueGiveFromISR</name>
         <value>0x326c</value>
         <object_component_ref idref="oc-2d2"/>
      </symbol>
      <symbol id="sm-1419">
         <name>uxQueueMessagesWaitingFromISR</name>
         <value>0x396c</value>
         <object_component_ref idref="oc-2d2"/>
      </symbol>
      <symbol id="sm-141a">
         <name>xQueueGenericReceive</name>
         <value>0x33d8</value>
         <object_component_ref idref="oc-2d2"/>
      </symbol>
      <symbol id="sm-141b">
         <name>vQueueDelete</name>
         <value>0x399c</value>
         <object_component_ref idref="oc-2d2"/>
      </symbol>
      <symbol id="sm-1602">
         <name>xTaskCreateRestricted</name>
         <value>0x20</value>
         <object_component_ref idref="oc-144"/>
      </symbol>
      <symbol id="sm-1603">
         <name>vTaskDelay</name>
         <value>0x804</value>
         <object_component_ref idref="oc-144"/>
      </symbol>
      <symbol id="sm-1604">
         <name>vTaskSuspendAll</name>
         <value>0x1090</value>
         <object_component_ref idref="oc-144"/>
      </symbol>
      <symbol id="sm-1605">
         <name>vTaskPlaceOnEventList</name>
         <value>0x1ab8</value>
         <object_component_ref idref="oc-144"/>
      </symbol>
      <symbol id="sm-1606">
         <name>pvTaskGetThreadLocalStoragePointer</name>
         <value>0x1fe0</value>
         <object_component_ref idref="oc-144"/>
      </symbol>
      <symbol id="sm-1607">
         <name>uxTaskPriorityGetFromISR</name>
         <value>0x9d0</value>
         <object_component_ref idref="oc-144"/>
      </symbol>
      <symbol id="sm-1608">
         <name>ulTaskNotifyTake</name>
         <value>0x2378</value>
         <object_component_ref idref="oc-144"/>
      </symbol>
      <symbol id="sm-1609">
         <name>pcTaskGetName</name>
         <value>0x1344</value>
         <object_component_ref idref="oc-144"/>
      </symbol>
      <symbol id="sm-160a">
         <name>xTaskCheckForTimeOut</name>
         <value>0x1db8</value>
         <object_component_ref idref="oc-144"/>
      </symbol>
      <symbol id="sm-160b">
         <name>xTaskRemoveFromUnorderedEventList</name>
         <value>0x1c70</value>
         <object_component_ref idref="oc-144"/>
      </symbol>
      <symbol id="sm-160c">
         <name>vTaskPrioritySet</name>
         <value>0xa18</value>
         <object_component_ref idref="oc-144"/>
      </symbol>
      <symbol id="sm-160d">
         <name>vTaskAllocateMPURegions</name>
         <value>0x204c</value>
         <object_component_ref idref="oc-144"/>
      </symbol>
      <symbol id="sm-160e">
         <name>xTaskAbortDelay</name>
         <value>0x16b4</value>
         <object_component_ref idref="oc-144"/>
      </symbol>
      <symbol id="sm-160f">
         <name>vTaskStartScheduler</name>
         <value>0xfdc</value>
         <object_component_ref idref="oc-144"/>
      </symbol>
      <symbol id="sm-1610">
         <name>xTaskNotifyStateClear</name>
         <value>0x62f5c</value>
         <object_component_ref idref="oc-2cc"/>
      </symbol>
      <symbol id="sm-1611">
         <name>uxTaskGetStackHighWaterMark</name>
         <value>0x2224</value>
         <object_component_ref idref="oc-144"/>
      </symbol>
      <symbol id="sm-1612">
         <name>vTaskSetThreadLocalStoragePointer</name>
         <value>0x1f7c</value>
         <object_component_ref idref="oc-144"/>
      </symbol>
      <symbol id="sm-1613">
         <name>xTaskGenericNotify</name>
         <value>0x2560</value>
         <object_component_ref idref="oc-144"/>
      </symbol>
      <symbol id="sm-1614">
         <name>xTaskCreate</name>
         <value>0xfc</value>
         <object_component_ref idref="oc-144"/>
      </symbol>
      <symbol id="sm-1615">
         <name>vTaskDelayUntil</name>
         <value>0x698</value>
         <object_component_ref idref="oc-144"/>
      </symbol>
      <symbol id="sm-1616">
         <name>vTaskEndScheduler</name>
         <value>0x1074</value>
         <object_component_ref idref="oc-144"/>
      </symbol>
      <symbol id="sm-1617">
         <name>xTaskNotifyWait</name>
         <value>0x244c</value>
         <object_component_ref idref="oc-144"/>
      </symbol>
      <symbol id="sm-1618">
         <name>vTaskMissedYield</name>
         <value>0x1ef0</value>
         <object_component_ref idref="oc-144"/>
      </symbol>
      <symbol id="sm-1619">
         <name>uxTaskGetNumberOfTasks</name>
         <value>0x1338</value>
         <object_component_ref idref="oc-144"/>
      </symbol>
      <symbol id="sm-161a">
         <name>xTaskGenericNotifyFromISR</name>
         <value>0x2730</value>
         <object_component_ref idref="oc-144"/>
      </symbol>
      <symbol id="sm-161b">
         <name>uxTaskPriorityGet</name>
         <value>0x98c</value>
         <object_component_ref idref="oc-144"/>
      </symbol>
      <symbol id="sm-161c">
         <name>vTaskStepTick</name>
         <value>0x1658</value>
         <object_component_ref idref="oc-144"/>
      </symbol>
      <symbol id="sm-161d">
         <name>xTaskResumeAll</name>
         <value>0x1148</value>
         <object_component_ref idref="oc-144"/>
      </symbol>
      <symbol id="sm-161e">
         <name>xTaskGetHandle</name>
         <value>0x1518</value>
         <object_component_ref idref="oc-144"/>
      </symbol>
      <symbol id="sm-161f">
         <name>xTaskGetTickCount</name>
         <value>0x12f8</value>
         <object_component_ref idref="oc-144"/>
      </symbol>
      <symbol id="sm-1620">
         <name>vTaskDelete</name>
         <value>0x530</value>
         <object_component_ref idref="oc-144"/>
      </symbol>
      <symbol id="sm-1621">
         <name>pxCurrentTCB</name>
         <value>0x8008120</value>
         <object_component_ref idref="oc-24e"/>
      </symbol>
      <symbol id="sm-1622">
         <name>vTaskNotifyGiveFromISR</name>
         <value>0x2930</value>
         <object_component_ref idref="oc-144"/>
      </symbol>
      <symbol id="sm-1623">
         <name>eTaskGetState</name>
         <value>0x888</value>
         <object_component_ref idref="oc-144"/>
      </symbol>
      <symbol id="sm-1624">
         <name>vTaskSuspend</name>
         <value>0xc10</value>
         <object_component_ref idref="oc-144"/>
      </symbol>
      <symbol id="sm-1625">
         <name>xTaskGetIdleTaskHandle</name>
         <value>0x1620</value>
         <object_component_ref idref="oc-144"/>
      </symbol>
      <symbol id="sm-1626">
         <name>xTaskGetTickCountFromISR</name>
         <value>0x1314</value>
         <object_component_ref idref="oc-144"/>
      </symbol>
      <symbol id="sm-1627">
         <name>vTaskResume</name>
         <value>0xe14</value>
         <object_component_ref idref="oc-144"/>
      </symbol>
      <symbol id="sm-1628">
         <name>vTaskSetTimeOutState</name>
         <value>0x1d74</value>
         <object_component_ref idref="oc-144"/>
      </symbol>
      <symbol id="sm-1629">
         <name>xTaskIncrementTick</name>
         <value>0x17b0</value>
         <object_component_ref idref="oc-144"/>
      </symbol>
      <symbol id="sm-162a">
         <name>vTaskSwitchContext</name>
         <value>0x19d8</value>
         <object_component_ref idref="oc-144"/>
      </symbol>
      <symbol id="sm-162b">
         <name>uxTaskResetEventItemValue</name>
         <value>0x233c</value>
         <object_component_ref idref="oc-144"/>
      </symbol>
      <symbol id="sm-162c">
         <name>xTaskGetSchedulerState</name>
         <value>0x22ec</value>
         <object_component_ref idref="oc-144"/>
      </symbol>
      <symbol id="sm-162d">
         <name>xTaskResumeFromISR</name>
         <value>0xef4</value>
         <object_component_ref idref="oc-144"/>
      </symbol>
      <symbol id="sm-162e">
         <name>vTaskPlaceOnUnorderedEventList</name>
         <value>0x1afc</value>
         <object_component_ref idref="oc-144"/>
      </symbol>
      <symbol id="sm-162f">
         <name>xTaskRemoveFromEventList</name>
         <value>0x1b80</value>
         <object_component_ref idref="oc-144"/>
      </symbol>
      <symbol id="sm-1630">
         <name>eTaskConfirmSleepModeStatus</name>
         <value>0x1f00</value>
         <object_component_ref idref="oc-144"/>
      </symbol>
      <symbol id="sm-1658">
         <name>floorl</name>
         <value>0x63215</value>
         <object_component_ref idref="oc-448"/>
      </symbol>
      <symbol id="sm-1659">
         <name>floor</name>
         <value>0x63215</value>
         <object_component_ref idref="oc-448"/>
      </symbol>
      <symbol id="sm-1668">
         <name>__aeabi_memset</name>
         <value>0x635b3</value>
         <object_component_ref idref="oc-e3"/>
      </symbol>
      <symbol id="sm-1669">
         <name>memset</name>
         <value>0x635b9</value>
         <object_component_ref idref="oc-e3"/>
      </symbol>
      <symbol id="sm-166a">
         <name>__aeabi_memset8</name>
         <value>0x635b3</value>
         <object_component_ref idref="oc-e3"/>
      </symbol>
      <symbol id="sm-166b">
         <name>__aeabi_memset4</name>
         <value>0x635b3</value>
         <object_component_ref idref="oc-e3"/>
      </symbol>
      <symbol id="sm-166c">
         <name>__aeabi_memclr8</name>
         <value>0x635b1</value>
         <object_component_ref idref="oc-e3"/>
      </symbol>
      <symbol id="sm-166d">
         <name>__aeabi_memclr4</name>
         <value>0x635b1</value>
         <object_component_ref idref="oc-e3"/>
      </symbol>
      <symbol id="sm-166e">
         <name>__aeabi_memclr</name>
         <value>0x635b1</value>
         <object_component_ref idref="oc-e3"/>
      </symbol>
      <symbol id="sm-1689">
         <name>memcpy</name>
         <value>0x63515</value>
         <object_component_ref idref="oc-55"/>
      </symbol>
      <symbol id="sm-168a">
         <name>__aeabi_memcpy</name>
         <value>0x63515</value>
         <object_component_ref idref="oc-55"/>
      </symbol>
      <symbol id="sm-168b">
         <name>__aeabi_memcpy8</name>
         <value>0x63515</value>
         <object_component_ref idref="oc-55"/>
      </symbol>
      <symbol id="sm-168c">
         <name>__aeabi_memcpy4</name>
         <value>0x63515</value>
         <object_component_ref idref="oc-55"/>
      </symbol>
      <symbol id="sm-1698">
         <name>__aeabi_idivmod</name>
         <value>0x63698</value>
         <object_component_ref idref="oc-16e"/>
      </symbol>
      <symbol id="sm-1699">
         <name>__aeabi_idiv</name>
         <value>0x63698</value>
         <object_component_ref idref="oc-16e"/>
      </symbol>
      <symbol id="sm-16a5">
         <name>__aeabi_uidivmod</name>
         <value>0x636ec</value>
         <object_component_ref idref="oc-173"/>
      </symbol>
      <symbol id="sm-16a6">
         <name>__aeabi_uidiv</name>
         <value>0x636ec</value>
         <object_component_ref idref="oc-173"/>
      </symbol>
      <symbol id="sm-16ce">
         <name>__TI_auto_init_nobinit_nopinit</name>
         <value>0x6373d</value>
         <object_component_ref idref="oc-108"/>
      </symbol>
      <symbol id="sm-16e1">
         <name>__TI_zero_init</name>
         <value>0x63823</value>
         <object_component_ref idref="oc-67"/>
      </symbol>
      <symbol id="sm-16f8">
         <name>__TI_decompress_none</name>
         <value>0x63815</value>
         <object_component_ref idref="oc-17"/>
      </symbol>
      <symbol id="sm-171b">
         <name>__TI_decompress_lzss</name>
         <value>0x6362b</value>
         <object_component_ref idref="oc-11"/>
      </symbol>
      <symbol id="sm-1726">
         <name>C$$EXIT</name>
         <value>0x63835</value>
         <object_component_ref idref="oc-162"/>
      </symbol>
      <symbol id="sm-1727">
         <name>abort</name>
         <value>0x63835</value>
         <object_component_ref idref="oc-162"/>
      </symbol>
      <symbol id="sm-1738">
         <name>memcmp</name>
         <value>0x637ab</value>
         <object_component_ref idref="oc-1bf"/>
      </symbol>
      <symbol id="sm-1748">
         <name>strchr</name>
         <value>0x637e9</value>
         <object_component_ref idref="oc-45f"/>
      </symbol>
      <symbol id="sm-1757">
         <name>strcmp</name>
         <value>0x637d1</value>
         <object_component_ref idref="oc-4e9"/>
      </symbol>
      <symbol id="sm-1765">
         <name>strlen</name>
         <value>0x637ff</value>
         <object_component_ref idref="oc-19b"/>
      </symbol>
      <symbol id="sm-1775">
         <name>strncmp</name>
         <value>0x63781</value>
         <object_component_ref idref="oc-453"/>
      </symbol>
      <symbol id="sm-177f">
         <name>__aeabi_idiv0</name>
         <value>0x63697</value>
         <object_component_ref idref="oc-36a"/>
      </symbol>
      <symbol id="sm-1780">
         <name>__aeabi_ldiv0</name>
         <value>0x63697</value>
         <object_component_ref idref="oc-36a"/>
      </symbol>
      <symbol id="sm-1781">
         <name>__TI_static_base__</name>
         <value>0x0</value>
      </symbol>
      <symbol id="sm-1785">
         <name>SHT$$INIT_ARRAY$$Base</name>
         <value>0x0</value>
      </symbol>
      <symbol id="sm-1786">
         <name>SHT$$INIT_ARRAY$$Limit</name>
         <value>0x0</value>
      </symbol>
      <symbol id="sm-1787">
         <name>_system_post_cinit</name>
         <value>0x0</value>
      </symbol>
   </symbol_table>
   <title>Link successful</title>
</link_info>
