01:32:15 **** Incremental Build of configuration Debug for project SCM ****
make -j12 all 
arm-none-eabi-gcc "../Core/Src/freertos_functions.c" -mcpu=cortex-m7 -std=gnu11 -g3 -DDEBUG -DDATA_IN_D2_SRAM -DUSE_HAL_DRIVER -DSTM32H743xx -c -I../Core/Inc -I../Drivers/STM32H7xx_HAL_Driver/Inc -I../Drivers/STM32H7xx_HAL_Driver/Inc/Legacy -I../Drivers/CMSIS/Device/ST/STM32H7xx/Include -I../Drivers/CMSIS/Include -I../Middlewares/Third_Party/FreeRTOS/Source/include -I../Middlewares/Third_Party/FreeRTOS/Source/CMSIS_RTOS -I../Middlewares/Third_Party/FreeRTOS/Source/portable/GCC/ARM_CM4F -I"/home/chh/projects/Smart-City/encryption_system/SW/SCM/SCM/Middlewares/Third_Party/LwIP/src/include" -I../LWIP/App -I../LWIP/Target -I../Middlewares/Third_Party/LwIP/src/include -I../Middlewares/Third_Party/LwIP/system -I../Drivers/BSP/Components/lan8742 -I../Middlewares/Third_Party/LwIP/src/include/netif/ppp -I../Middlewares/Third_Party/LwIP/src/include/lwip -I../Middlewares/Third_Party/LwIP/src/include/lwip/apps -I../Middlewares/Third_Party/LwIP/src/include/lwip/priv -I../Middlewares/Third_Party/LwIP/src/include/lwip/prot -I../Middlewares/Third_Party/LwIP/src/include/netif -I../Middlewares/Third_Party/LwIP/src/include/compat/posix -I../Middlewares/Third_Party/LwIP/src/include/compat/posix/arpa -I../Middlewares/Third_Party/LwIP/src/include/compat/posix/net -I../Middlewares/Third_Party/LwIP/src/include/compat/posix/sys -I../Middlewares/Third_Party/LwIP/src/include/compat/stdc -I../Middlewares/Third_Party/LwIP/system/arch -O0 -ffunction-sections -fdata-sections -Wall -fstack-usage -MMD -MP -MF"Core/Src/freertos_functions.d" -MT"Core/Src/freertos_functions.o" --specs=nano.specs -mfpu=fpv5-d16 -mfloat-abi=hard -mthumb -o "Core/Src/freertos_functions.o"
In file included from /home/chh/projects/Smart-City/encryption_system/SW/SCM/SCM/Middlewares/Third_Party/LwIP/src/include/lwip/opt.h:51,
                 from ../LWIP/App/lwip.h:28,
                 from ../Core/Src/freertos_functions.c:8:
../LWIP/Target/lwipopts.h:120: warning: "LWIP_RAM_HEAP_POINTER" redefined
  120 | #define LWIP_RAM_HEAP_POINTER (0x30044000)
      | 
In file included from /home/chh/projects/Smart-City/encryption_system/SW/SCM/SCM/Middlewares/Third_Party/LwIP/src/include/lwip/opt.h:51,
                 from ../LWIP/App/lwip.h:28,
                 from ../Core/Src/freertos_functions.c:8:
../LWIP/Target/lwipopts.h:57: note: this is the location of the previous definition
   57 | #define LWIP_RAM_HEAP_POINTER 0x30044000
      | 
../Core/Src/freertos_functions.c: In function 'Unit_Side_Data_Task':
../Core/Src/freertos_functions.c:22:27: warning: implicit declaration of function 'udp_new' [-Wimplicit-function-declaration]
   22 |  struct udp_pcb* my_udp = udp_new();
      |                           ^~~~~~~
../Core/Src/freertos_functions.c:22:27: warning: initialization of 'struct udp_pcb *' from 'int' makes pointer from integer without a cast [-Wint-conversion]
../Core/Src/freertos_functions.c:23:2: warning: implicit declaration of function 'udp_connect' [-Wimplicit-function-declaration]
   23 |  udp_connect(my_udp, &PC_IPADDR, 55151);
      |  ^~~~~~~~~~~
../Core/Src/freertos_functions.c:30:43: warning: implicit declaration of function 'strlen' [-Wimplicit-function-declaration]
   30 |   udp_buffer = pbuf_alloc(PBUF_TRANSPORT, strlen(message), PBUF_RAM);
      |                                           ^~~~~~
../Core/Src/freertos_functions.c:30:43: warning: incompatible implicit declaration of built-in function 'strlen'
../Core/Src/freertos_functions.c:11:1: note: include '<string.h>' or provide a declaration of 'strlen'
   10 | #include "api.h"
  +++ |+#include <string.h>
   11 | 
../Core/Src/freertos_functions.c:33:4: warning: implicit declaration of function 'memcpy' [-Wimplicit-function-declaration]
   33 |    memcpy(udp_buffer->payload, message, strlen(message));
      |    ^~~~~~
../Core/Src/freertos_functions.c:33:4: warning: incompatible implicit declaration of built-in function 'memcpy'
../Core/Src/freertos_functions.c:33:4: note: include '<string.h>' or provide a declaration of 'memcpy'
../Core/Src/freertos_functions.c:34:4: warning: implicit declaration of function 'udp_send' [-Wimplicit-function-declaration]
   34 |    udp_send(my_udp, udp_buffer);
      |    ^~~~~~~~
arm-none-eabi-gcc -o "SCM.elf" @"objects.list"   -mcpu=cortex-m7 -T"/home/chh/projects/Smart-City/encryption_system/SW/SCM/SCM/STM32H743ZITX_FLASH.ld" --specs=nosys.specs -Wl,-Map="SCM.map" -Wl,--gc-sections -static --specs=nano.specs -mfpu=fpv5-d16 -mfloat-abi=hard -mthumb -Wl,--start-group -lc -lm -Wl,--end-group
Finished building target: SCM.elf
 
arm-none-eabi-size   SCM.elf 
arm-none-eabi-objdump -h -S  SCM.elf  > "SCM.list"
arm-none-eabi-objcopy  -O binary  SCM.elf  "SCM.bin"
   text	   data	    bss	    dec	    hex	filename
 108484	    160	 709576	 818220	  c7c2c	SCM.elf
Finished building: default.size.stdout
 
Finished building: SCM.bin
 
Finished building: SCM.list
 
01:33:54 **** Incremental Build of configuration Debug for project SCM ****
make -j12 all 
arm-none-eabi-size   SCM.elf 
   text	   data	    bss	    dec	    hex	filename
 108484	    160	 709576	 818220	  c7c2c	SCM.elf
Finished building: default.size.stdout
 
01:38:15 **** Incremental Build of configuration Debug for project SCM ****
make -j12 all 
arm-none-eabi-size   SCM.elf 
   text	   data	    bss	    dec	    hex	filename
 108484	    160	 709576	 818220	  c7c2c	SCM.elf
Finished building: default.size.stdout
 
