16:50:39 **** Incremental Build of configuration Debug for project SCM ****
make -j12 all 
arm-none-eabi-size   SCM.elf 
   text	   data	    bss	    dec	    hex	filename
 129456	   6452	  50244	 186152	  2d728	SCM.elf
Finished building: default.size.stdout
 
16:54:18 **** Incremental Build of configuration Debug for project SCM ****
make -j12 all 
arm-none-eabi-size   SCM.elf 
   text	   data	    bss	    dec	    hex	filename
 129456	   6452	  50244	 186152	  2d728	SCM.elf
Finished building: default.size.stdout
 
16:54:43 **** Incremental Build of configuration Debug for project SCM ****
make -j12 all 
arm-none-eabi-size   SCM.elf 
   text	   data	    bss	    dec	    hex	filename
 129456	   6452	  50244	 186152	  2d728	SCM.elf
Finished building: default.size.stdout
 
17:05:05 **** Incremental Build of configuration Debug for project SCM ****
make -j12 all 
arm-none-eabi-size   SCM.elf 
   text	   data	    bss	    dec	    hex	filename
 129456	   6452	  50244	 186152	  2d728	SCM.elf
Finished building: default.size.stdout
 
17:21:14 **** Incremental Build of configuration Debug for project SCM ****
make -j12 all 
arm-none-eabi-size   SCM.elf 
   text	   data	    bss	    dec	    hex	filename
 129456	   6452	  50244	 186152	  2d728	SCM.elf
Finished building: default.size.stdout
 
